Archive member included to satisfy reference by file (symbol)

/home/sean/Applications/STM32_CUBE_IDE/plugins/com.st.stm32cube.ide.mcu.externaltools.gnu-tools-for-stm32.10.3-2021.10.linux64_1.0.0.202111181127/tools/bin/../lib/gcc/arm-none-eabi/10.3.1/../../../../arm-none-eabi/lib/thumb/v6-m/nofp/libc_nano.a(lib_a-errno.o)
                              ./Core/Src/syscalls.o (__errno)
/home/sean/Applications/STM32_CUBE_IDE/plugins/com.st.stm32cube.ide.mcu.externaltools.gnu-tools-for-stm32.10.3-2021.10.linux64_1.0.0.202111181127/tools/bin/../lib/gcc/arm-none-eabi/10.3.1/../../../../arm-none-eabi/lib/thumb/v6-m/nofp/libc_nano.a(lib_a-exit.o)
                              /home/sean/Applications/STM32_CUBE_IDE/plugins/com.st.stm32cube.ide.mcu.externaltools.gnu-tools-for-stm32.10.3-2021.10.linux64_1.0.0.202111181127/tools/bin/../lib/gcc/arm-none-eabi/10.3.1/../../../../arm-none-eabi/lib/thumb/v6-m/nofp/crt0.o (exit)
/home/sean/Applications/STM32_CUBE_IDE/plugins/com.st.stm32cube.ide.mcu.externaltools.gnu-tools-for-stm32.10.3-2021.10.linux64_1.0.0.202111181127/tools/bin/../lib/gcc/arm-none-eabi/10.3.1/../../../../arm-none-eabi/lib/thumb/v6-m/nofp/libc_nano.a(lib_a-impure.o)
                              /home/sean/Applications/STM32_CUBE_IDE/plugins/com.st.stm32cube.ide.mcu.externaltools.gnu-tools-for-stm32.10.3-2021.10.linux64_1.0.0.202111181127/tools/bin/../lib/gcc/arm-none-eabi/10.3.1/../../../../arm-none-eabi/lib/thumb/v6-m/nofp/libc_nano.a(lib_a-exit.o) (_global_impure_ptr)
/home/sean/Applications/STM32_CUBE_IDE/plugins/com.st.stm32cube.ide.mcu.externaltools.gnu-tools-for-stm32.10.3-2021.10.linux64_1.0.0.202111181127/tools/bin/../lib/gcc/arm-none-eabi/10.3.1/../../../../arm-none-eabi/lib/thumb/v6-m/nofp/libc_nano.a(lib_a-init.o)
                              /home/sean/Applications/STM32_CUBE_IDE/plugins/com.st.stm32cube.ide.mcu.externaltools.gnu-tools-for-stm32.10.3-2021.10.linux64_1.0.0.202111181127/tools/bin/../lib/gcc/arm-none-eabi/10.3.1/../../../../arm-none-eabi/lib/thumb/v6-m/nofp/crt0.o (__libc_init_array)
/home/sean/Applications/STM32_CUBE_IDE/plugins/com.st.stm32cube.ide.mcu.externaltools.gnu-tools-for-stm32.10.3-2021.10.linux64_1.0.0.202111181127/tools/bin/../lib/gcc/arm-none-eabi/10.3.1/../../../../arm-none-eabi/lib/thumb/v6-m/nofp/libc_nano.a(lib_a-memcmp.o)
                              ./Core/CommonLibraries/AFlibrary/Src/can.o (memcmp)
/home/sean/Applications/STM32_CUBE_IDE/plugins/com.st.stm32cube.ide.mcu.externaltools.gnu-tools-for-stm32.10.3-2021.10.linux64_1.0.0.202111181127/tools/bin/../lib/gcc/arm-none-eabi/10.3.1/../../../../arm-none-eabi/lib/thumb/v6-m/nofp/libc_nano.a(lib_a-memcpy-stub.o)
                              ./Core/CommonLibraries/AFlibrary/Src/afException.o (memcpy)
/home/sean/Applications/STM32_CUBE_IDE/plugins/com.st.stm32cube.ide.mcu.externaltools.gnu-tools-for-stm32.10.3-2021.10.linux64_1.0.0.202111181127/tools/bin/../lib/gcc/arm-none-eabi/10.3.1/../../../../arm-none-eabi/lib/thumb/v6-m/nofp/libc_nano.a(lib_a-memset.o)
                              /home/sean/Applications/STM32_CUBE_IDE/plugins/com.st.stm32cube.ide.mcu.externaltools.gnu-tools-for-stm32.10.3-2021.10.linux64_1.0.0.202111181127/tools/bin/../lib/gcc/arm-none-eabi/10.3.1/../../../../arm-none-eabi/lib/thumb/v6-m/nofp/crt0.o (memset)
/home/sean/Applications/STM32_CUBE_IDE/plugins/com.st.stm32cube.ide.mcu.externaltools.gnu-tools-for-stm32.10.3-2021.10.linux64_1.0.0.202111181127/tools/bin/../lib/gcc/arm-none-eabi/10.3.1/../../../../arm-none-eabi/lib/thumb/v6-m/nofp/libc_nano.a(lib_a-setjmp.o)
                              ./Core/App/Src/app.o (setjmp)
/home/sean/Applications/STM32_CUBE_IDE/plugins/com.st.stm32cube.ide.mcu.externaltools.gnu-tools-for-stm32.10.3-2021.10.linux64_1.0.0.202111181127/tools/bin/../lib/gcc/arm-none-eabi/10.3.1/../../../../arm-none-eabi/lib/thumb/v6-m/nofp/libc_nano.a(lib_a-strlen.o)
                              ./Core/CommonLibraries/AFlibrary/Src/afException.o (strlen)
/home/sean/Applications/STM32_CUBE_IDE/plugins/com.st.stm32cube.ide.mcu.externaltools.gnu-tools-for-stm32.10.3-2021.10.linux64_1.0.0.202111181127/tools/bin/../lib/gcc/arm-none-eabi/10.3.1/thumb/v6-m/nofp/libgcc.a(_udivsi3.o)
                              ./Core/CommonLibraries/AFlibrary/Src/can.o (__aeabi_uidiv)
/home/sean/Applications/STM32_CUBE_IDE/plugins/com.st.stm32cube.ide.mcu.externaltools.gnu-tools-for-stm32.10.3-2021.10.linux64_1.0.0.202111181127/tools/bin/../lib/gcc/arm-none-eabi/10.3.1/thumb/v6-m/nofp/libgcc.a(_divsi3.o)
                              ./Core/CommonLibraries/AFlibrary/Src/bme280.o (__aeabi_idiv)
/home/sean/Applications/STM32_CUBE_IDE/plugins/com.st.stm32cube.ide.mcu.externaltools.gnu-tools-for-stm32.10.3-2021.10.linux64_1.0.0.202111181127/tools/bin/../lib/gcc/arm-none-eabi/10.3.1/thumb/v6-m/nofp/libgcc.a(_dvmd_tls.o)
[...]
Memory Configuration

Name             Origin             Length             Attributes
RAM              0x0000000020000000 0x0000000000001800 xrw
FLASH            0x0000000008000000 0x0000000000008000 xr
*default*        0x0000000000000000 0xffffffffffffffff

Linker script and memory map

LOAD /home/sean/Applications/STM32_CUBE_IDE/plugins/com.st.stm32cube.ide.mcu.externaltools.gnu-tools-for-stm32.10.3-2021.10.linux64_1.0.0.202111181127/tools/bin/../lib/gcc/arm-none-eabi/10.3.1/thumb/v6-m/nofp/crti.o
LOAD /home/sean/Applications/STM32_CUBE_IDE/plugins/com.st.stm32cube.ide.mcu.externaltools.gnu-tools-for-stm32.10.3-2021.10.linux64_1.0.0.202111181127/tools/bin/../lib/gcc/arm-none-eabi/10.3.1/thumb/v6-m/nofp/crtbegin.o
LOAD /home/sean/Applications/STM32_CUBE_IDE/plugins/com.st.stm32cube.ide.mcu.externaltools.gnu-tools-for-stm32.10.3-2021.10.linux64_1.0.0.202111181127/tools/bin/../lib/gcc/arm-none-eabi/10.3.1/../../../../arm-none-eabi/lib/thumb/v6-m/nofp/crt0.o
LOAD ./Core/App/Src/app.o
LOAD ./Core/CommonLibraries/AFlibrary/Src/CException.o
LOAD ./Core/CommonLibraries/AFlibrary/Src/CExceptionConfig.o
LOAD ./Core/CommonLibraries/AFlibrary/Src/afException.o
LOAD ./Core/CommonLibraries/AFlibrary/Src/afFieldProtocol.o
LOAD ./Core/CommonLibraries/AFlibrary/Src/apds9960I2C.o
LOAD ./Core/CommonLibraries/AFlibrary/Src/bme280.o
LOAD ./Core/CommonLibraries/AFlibrary/Src/bno055.o
LOAD ./Core/CommonLibraries/AFlibrary/Src/buttons.o
LOAD ./Core/CommonLibraries/AFlibrary/Src/can.o
LOAD ./Core/CommonLibraries/AFlibrary/Src/debugComponent.o
LOAD ./Core/CommonLibraries/AFlibrary/Src/fix_fft.o
LOAD ./Core/CommonLibraries/AFlibrary/Src/fonts.o
LOAD ./Core/CommonLibraries/AFlibrary/Src/imu.o
LOAD ./Core/CommonLibraries/AFlibrary/Src/ledStrip.o
LOAD ./Core/CommonLibraries/AFlibrary/Src/light.o
LOAD ./Core/CommonLibraries/AFlibrary/Src/microphone.o
LOAD ./Core/CommonLibraries/AFlibrary/Src/screen.o
LOAD ./Core/CommonLibraries/AFlibrary/Src/serialLink.o
LOAD ./Core/CommonLibraries/AFlibrary/Src/serialProtocol.o
LOAD ./Core/CommonLibraries/AFlibrary/Src/speaker.o
LOAD ./Core/CommonLibraries/AFlibrary/Src/tft.o
LOAD ./Core/CommonLibraries/AFlibrary/Src/thp.o
LOAD ./Core/CommonLibraries/AFlibrary/Src/useful.o
LOAD ./Core/CommonLibraries/libcanard/src/canard.o
LOAD ./Core/CommonLibraries/libcanard/src/canard_stm32.o
LOAD ./Core/Src/main.o
LOAD ./Core/Src/stm32f0xx_hal_msp.o
LOAD ./Core/Src/stm32f0xx_it.o
LOAD ./Core/Src/syscalls.o
LOAD ./Core/Src/sysmem.o
LOAD ./Core/Src/system_stm32f0xx.o
LOAD ./Core/Startup/startup_stm32f042f6px.o
LOAD ./Drivers/STM32F0xx_HAL_Driver/Src/stm32f0xx_hal.o
LOAD ./Drivers/STM32F0xx_HAL_Driver/Src/stm32f0xx_hal_can.o
LOAD ./Drivers/STM32F0xx_HAL_Driver/Src/stm32f0xx_hal_cortex.o
LOAD ./Drivers/STM32F0xx_HAL_Driver/Src/stm32f0xx_hal_dma.o
LOAD ./Drivers/STM32F0xx_HAL_Driver/Src/stm32f0xx_hal_exti.o
LOAD ./Drivers/STM32F0xx_HAL_Driver/Src/stm32f0xx_hal_flash.o
LOAD ./Drivers/STM32F0xx_HAL_Driver/Src/stm32f0xx_hal_flash_ex.o
LOAD ./Drivers/STM32F0xx_HAL_Driver/Src/stm32f0xx_hal_gpio.o
LOAD ./Drivers/STM32F0xx_HAL_Driver/Src/stm32f0xx_hal_i2c.o
LOAD ./Drivers/STM32F0xx_HAL_Driver/Src/stm32f0xx_hal_i2c_ex.o
LOAD ./Drivers/STM32F0xx_HAL_Driver/Src/stm32f0xx_hal_pwr.o
LOAD ./Drivers/STM32F0xx_HAL_Driver/Src/stm32f0xx_hal_pwr_ex.o
LOAD ./Drivers/STM32F0xx_HAL_Driver/Src/stm32f0xx_hal_rcc.o
LOAD ./Drivers/STM32F0xx_HAL_Driver/Src/stm32f0xx_hal_rcc_ex.o
LOAD ./Drivers/STM32F0xx_HAL_Driver/Src/stm32f0xx_hal_tim.o
LOAD ./Drivers/STM32F0xx_HAL_Driver/Src/stm32f0xx_hal_tim_ex.o
START GROUP
LOAD /home/sean/Applications/STM32_CUBE_IDE/plugins/com.st.stm32cube.ide.mcu.externaltools.gnu-tools-for-stm32.10.3-2021.10.linux64_1.0.0.202111181127/tools/bin/../lib/gcc/arm-none-eabi/10.3.1/../../../../arm-none-eabi/lib/thumb/v6-m/nofp/libc_nano.a
LOAD /home/sean/Applications/STM32_CUBE_IDE/plugins/com.st.stm32cube.ide.mcu.externaltools.gnu-tools-for-stm32.10.3-2021.10.linux64_1.0.0.202111181127/tools/bin/../lib/gcc/arm-none-eabi/10.3.1/../../../../arm-none-eabi/lib/thumb/v6-m/nofp/libm.a
END GROUP
START GROUP
LOAD /home/sean/Applications/STM32_CUBE_IDE/plugins/com.st.stm32cube.ide.mcu.externaltools.gnu-tools-for-stm32.10.3-2021.10.linux64_1.0.0.202111181127/tools/bin/../lib/gcc/arm-none-eabi/10.3.1/thumb/v6-m/nofp/libgcc.a
LOAD /home/sean/Applications/STM32_CUBE_IDE/plugins/com.st.stm32cube.ide.mcu.externaltools.gnu-tools-for-stm32.10.3-2021.10.linux64_1.0.0.202111181127/tools/bin/../lib/gcc/arm-none-eabi/10.3.1/../../../../arm-none-eabi/lib/thumb/v6-m/nofp/libc_nano.a
END GROUP
START GROUP
LOAD /home/sean/Applications/STM32_CUBE_IDE/plugins/com.st.stm32cube.ide.mcu.externaltools.gnu-tools-for-stm32.10.3-2021.10.linux64_1.0.0.202111181127/tools/bin/../lib/gcc/arm-none-eabi/10.3.1/thumb/v6-m/nofp/libgcc.a
LOAD /home/sean/Applications/STM32_CUBE_IDE/plugins/com.st.stm32cube.ide.mcu.externaltools.gnu-tools-for-stm32.10.3-2021.10.linux64_1.0.0.202111181127/tools/bin/../lib/gcc/arm-none-eabi/10.3.1/../../../../arm-none-eabi/lib/thumb/v6-m/nofp/libc_nano.a
LOAD /home/sean/Applications/STM32_CUBE_IDE/plugins/com.st.stm32cube.ide.mcu.externaltools.gnu-tools-for-stm32.10.3-2021.10.linux64_1.0.0.202111181127/tools/bin/../lib/gcc/arm-none-eabi/10.3.1/../../../../arm-none-eabi/lib/thumb/v6-m/nofp/libnosys.a
END GROUP
START GROUP
LOAD /home/sean/Applications/STM32_CUBE_IDE/plugins/com.st.stm32cube.ide.mcu.externaltools.gnu-tools-for-stm32.10.3-2021.10.linux64_1.0.0.202111181127/tools/bin/../lib/gcc/arm-none-eabi/10.3.1/thumb/v6-m/nofp/libgcc.a
LOAD /home/sean/Applications/STM32_CUBE_IDE/plugins/com.st.stm32cube.ide.mcu.externaltools.gnu-tools-for-stm32.10.3-2021.10.linux64_1.0.0.202111181127/tools/bin/../lib/gcc/arm-none-eabi/10.3.1/../../../../arm-none-eabi/lib/thumb/v6-m/nofp/libc_nano.a
LOAD /home/sean/Applications/STM32_CUBE_IDE/plugins/com.st.stm32cube.ide.mcu.externaltools.gnu-tools-for-stm32.10.3-2021.10.linux64_1.0.0.202111181127/tools/bin/../lib/gcc/arm-none-eabi/10.3.1/../../../../arm-none-eabi/lib/thumb/v6-m/nofp/libnosys.a
END GROUP
LOAD /home/sean/Applications/STM32_CUBE_IDE/plugins/com.st.stm32cube.ide.mcu.externaltools.gnu-tools-for-stm32.10.3-2021.10.linux64_1.0.0.202111181127/tools/bin/../lib/gcc/arm-none-eabi/10.3.1/thumb/v6-m/nofp/crtend.o
LOAD /home/sean/Applications/STM32_CUBE_IDE/plugins/com.st.stm32cube.ide.mcu.externaltools.gnu-tools-for-stm32.10.3-2021.10.linux64_1.0.0.202111181127/tools/bin/../lib/gcc/arm-none-eabi/10.3.1/thumb/v6-m/nofp/crtn.o
                0x0000000020001800                _estack = (ORIGIN (RAM) + LENGTH (RAM))
                0x0000000000000200                _Min_Heap_Size = 0x200
                0x0000000000000400                _Min_Stack_Size = 0x400

.isr_vector     0x0000000008000000       0xc0
                0x0000000008000000                . = ALIGN (0x4)
 *(.isr_vector)
 .isr_vector    0x0000000008000000       0xc0 ./Core/Startup/startup_stm32f042f6px.o
                0x0000000008000000                g_pfnVectors
                0x00000000080000c0                . = ALIGN (0x4)

.text           0x00000000080000c0     0x69b8
                0x00000000080000c0                . = ALIGN (0x4)
 *(.text)
 .text          0x00000000080000c0       0x48 /home/sean/Applications/STM32_CUBE_IDE/plugins/com.st.stm32cube.ide.mcu.externaltools.gnu-tools-for-stm32.10.3-2021.10.linux64_1.0.0.202111181127/tools/bin/../lib/gcc/arm-none-eabi/10.3.1/thumb/v6-m/nofp/crtbegin.o
 .text          0x0000000008000108       0x34 /home/sean/Applications/STM32_CUBE_IDE/plugins/com.st.stm32cube.ide.mcu.externaltools.gnu-tools-for-stm32.10.3-2021.10.linux64_1.0.0.202111181127/tools/bin/../lib/gcc/arm-none-eabi/10.3.1/../../../../arm-none-eabi/lib/thumb/v6-m/nofp/libc_nano.a(lib_a-setjmp.o)
                0x0000000008000108                setjmp
                0x0000000008000120                longjmp
 .text          0x000000000800013c        0xe /home/sean/Applications/STM32_CUBE_IDE/plugins/com.st.stm32cube.ide.mcu.externaltools.gnu-tools-for-stm32.10.3-2021.10.linux64_1.0.0.202111181127/tools/bin/../lib/gcc/arm-none-eabi/10.3.1/../../../../arm-none-eabi/lib/thumb/v6-m/nofp/libc_nano.a(lib_a-strlen.o)
                0x000000000800013c                strlen
 *fill*         0x000000000800014a        0x2 
 .text          0x000000000800014c      0x114 /home/sean/Applications/STM32_CUBE_IDE/plugins/com.st.stm32cube.ide.mcu.externaltools.gnu-tools-for-stm32.10.3-2021.10.linux64_1.0.0.202111181127/tools/bin/../lib/gcc/arm-none-eabi/10.3.1/thumb/v6-m/nofp/libgcc.a(_udivsi3.o)
                0x000000000800014c                __udivsi3
                0x000000000800014c                __aeabi_uidiv
                0x0000000008000258                __aeabi_uidivmod
 .text          0x0000000008000260      0x1d4 /home/sean/Applications/STM32_CUBE_IDE/plugins/com.st.stm32cube.ide.mcu.externaltools.gnu-tools-for-stm32.10.3-2021.10.linux64_1.0.0.202111181127/tools/bin/../lib/gcc/arm-none-eabi/10.3.1/thumb/v6-m/nofp/libgcc.a(_divsi3.o)
                0x0000000008000260                __aeabi_idiv
                0x0000000008000260                __divsi3
                0x000000000800042c                __aeabi_idivmod
 .text          0x0000000008000434        0x4 /home/sean/Applications/STM32_CUBE_IDE/plugins/com.st.stm32cube.ide.mcu.externaltools.gnu-tools-for-stm32.10.3-2021.10.linux64_1.0.0.202111181127/tools/bin/../lib/gcc/arm-none-eabi/10.3.1/thumb/v6-m/nofp/libgcc.a(_dvmd_tls.o)
                0x0000000008000434                __aeabi_ldiv0
                0x0000000008000434                __aeabi_idiv0
 .text          0x0000000008000438       0x48 /home/sean/Applications/STM32_CUBE_IDE/plugins/com.st.stm32cube.ide.mcu.externaltools.gnu-tools-for-stm32.10.3-2021.10.linux64_1.0.0.202111181127/tools/bin/../lib/gcc/arm-none-eabi/10.3.1/thumb/v6-m/nofp/libgcc.a(_aeabi_ldivmod.o)
                0x0000000008000438                __aeabi_ldivmod
 .text          0x0000000008000480       0x40 /home/sean/Applications/STM32_CUBE_IDE/plugins/com.st.stm32cube.ide.mcu.externaltools.gnu-tools-for-stm32.10.3-2021.10.linux64_1.0.0.202111181127/tools/bin/../lib/gcc/arm-none-eabi/10.3.1/thumb/v6-m/nofp/libgcc.a(_aeabi_uldivmod.o)
                0x0000000008000480                __aeabi_uldivmod
 .text          0x00000000080004c0       0x5c /home/sean/Applications/STM32_CUBE_IDE/plugins/com.st.stm32cube.ide.mcu.externaltools.gnu-tools-for-stm32.10.3-2021.10.linux64_1.0.0.202111181127/tools/bin/../lib/gcc/arm-none-eabi/10.3.1/thumb/v6-m/nofp/libgcc.a(_muldi3.o)
                0x00000000080004c0                __aeabi_lmul
                0x00000000080004c0                __muldi3
 .text          0x000000000800051c      0x198 /home/sean/Applications/STM32_CUBE_IDE/plugins/com.st.stm32cube.ide.mcu.externaltools.gnu-tools-for-stm32.10.3-2021.10.linux64_1.0.0.202111181127/tools/bin/../lib/gcc/arm-none-eabi/10.3.1/thumb/v6-m/nofp/libgcc.a(_udivmoddi4.o)
                0x000000000800051c                __udivmoddi4
 .text          0x00000000080006b4       0x3c /home/sean/Applications/STM32_CUBE_IDE/plugins/com.st.stm32cube.ide.mcu.externaltools.gnu-tools-for-stm32.10.3-2021.10.linux64_1.0.0.202111181127/tools/bin/../lib/gcc/arm-none-eabi/10.3.1/thumb/v6-m/nofp/libgcc.a(bpabi.o)
                0x00000000080006b4                __gnu_ldivmod_helper
 .text          0x00000000080006f0      0x230 /home/sean/Applications/STM32_CUBE_IDE/plugins/com.st.stm32cube.ide.mcu.externaltools.gnu-tools-for-stm32.10.3-2021.10.linux64_1.0.0.202111181127/tools/bin/../lib/gcc/arm-none-eabi/10.3.1/thumb/v6-m/nofp/libgcc.a(divsf3.o)
                0x00000000080006f0                __aeabi_fdiv
 .text          0x0000000008000920       0x9c /home/sean/Applications/STM32_CUBE_IDE/plugins/com.st.stm32cube.ide.mcu.externaltools.gnu-tools-for-stm32.10.3-2021.10.linux64_1.0.0.202111181127/tools/bin/../lib/gcc/arm-none-eabi/10.3.1/thumb/v6-m/nofp/libgcc.a(floatsisf.o)
                0x0000000008000920                __aeabi_i2f
 .text          0x00000000080009bc       0x84 /home/sean/Applications/STM32_CUBE_IDE/plugins/com.st.stm32cube.ide.mcu.externaltools.gnu-tools-for-stm32.10.3-2021.10.linux64_1.0.0.202111181127/tools/bin/../lib/gcc/arm-none-eabi/10.3.1/thumb/v6-m/nofp/libgcc.a(floatunsisf.o)
                0x00000000080009bc                __aeabi_ui2f
 .text          0x0000000008000a40       0x3c /home/sean/Applications/STM32_CUBE_IDE/plugins/com.st.stm32cube.ide.mcu.externaltools.gnu-tools-for-stm32.10.3-2021.10.linux64_1.0.0.202111181127/tools/bin/../lib/gcc/arm-none-eabi/10.3.1/thumb/v6-m/nofp/libgcc.a(_clzsi2.o)
                0x0000000008000a40                __clzsi2
 .text          0x0000000008000a7c       0x18 /home/sean/Applications/STM32_CUBE_IDE/plugins/com.st.stm32cube.ide.mcu.externaltools.gnu-tools-for-stm32.10.3-2021.10.linux64_1.0.0.202111181127/tools/bin/../lib/gcc/arm-none-eabi/10.3.1/thumb/v6-m/nofp/libgcc.a(_clzdi2.o)
                0x0000000008000a7c                __clzdi2
 .text          0x0000000008000a94      0x1cc /home/sean/Applications/STM32_CUBE_IDE/plugins/com.st.stm32cube.ide.mcu.externaltools.gnu-tools-for-stm32.10.3-2021.10.linux64_1.0.0.202111181127/tools/bin/../lib/gcc/arm-none-eabi/10.3.1/thumb/v6-m/nofp/libgcc.a(_divdi3.o)
                0x0000000008000a94                __divdi3
 *(.text*)
 .text.getBoardName
                0x0000000008000c60        0x8 ./Core/App/Src/app.o
                0x0000000008000c60                getBoardName
 .text.getBoardNodeName
                0x0000000008000c68        0x8 ./Core/App/Src/app.o
                0x0000000008000c68                getBoardNodeName
 .text.HAL_TIM_PeriodElapsedCallback
                0x0000000008000c70       0x14 ./Core/App/Src/app.o
                0x0000000008000c70                HAL_TIM_PeriodElapsedCallback
 .text.setupCanHw
                0x0000000008000c84       0x18 ./Core/App/Src/app.o
                0x0000000008000c84                setupCanHw
 .text.boardTest
                0x0000000008000c9c        0x8 ./Core/App/Src/app.o
                0x0000000008000c9c                boardTest
 .text.setup    0x0000000008000ca4        0x2 ./Core/App/Src/app.o
                0x0000000008000ca4                setup
 *fill*         0x0000000008000ca6        0x2 
 .text.loop     0x0000000008000ca8       0xdc ./Core/App/Src/app.o
                0x0000000008000ca8                loop
 .text.Throw    0x0000000008000d84       0x30 ./Core/CommonLibraries/AFlibrary/Src/CException.o
                0x0000000008000d84                Throw
 .text.softAssertTmp
                0x0000000008000db4       0x44 ./Core/CommonLibraries/AFlibrary/Src/afException.o
                0x0000000008000db4                softAssertTmp
 .text.hardAssertTmp
                0x0000000008000df8        0xe ./Core/CommonLibraries/AFlibrary/Src/afException.o
                0x0000000008000df8                hardAssertTmp
 .text.addCommandToPacket
                0x0000000008000e06       0x6a ./Core/CommonLibraries/AFlibrary/Src/afFieldProtocol.o
 .text.addSkipToPacket
                0x0000000008000e70        0xc ./Core/CommonLibraries/AFlibrary/Src/afFieldProtocol.o
 .text.addSendingFieldsToPacket
                0x0000000008000e7c        0xc ./Core/CommonLibraries/AFlibrary/Src/afFieldProtocol.o
 .text.readCommand
                0x0000000008000e88       0x7c ./Core/CommonLibraries/AFlibrary/Src/afFieldProtocol.o
 .text.addBytesToPacket
                0x0000000008000f04       0x2c ./Core/CommonLibraries/AFlibrary/Src/afFieldProtocol.o
 .text.addVariableLengthFieldDataToPacket
                0x0000000008000f30       0x3a ./Core/CommonLibraries/AFlibrary/Src/afFieldProtocol.o
 *fill*         0x0000000008000f6a        0x2 
 .text.addToMetaDataFieldToPacket
                0x0000000008000f6c       0x68 ./Core/CommonLibraries/AFlibrary/Src/afFieldProtocol.o
 .text.addComponentFieldTableToGlobalTable
                0x0000000008000fd4      0x108 ./Core/CommonLibraries/AFlibrary/Src/afFieldProtocol.o
                0x0000000008000fd4                addComponentFieldTableToGlobalTable
 .text.getFieldInfo
                0x00000000080010dc       0x88 ./Core/CommonLibraries/AFlibrary/Src/afFieldProtocol.o
                0x00000000080010dc                getFieldInfo
 .text.addMultiFieldDataToPacket
                0x0000000008001164      0x104 ./Core/CommonLibraries/AFlibrary/Src/afFieldProtocol.o
 .text.createFieldPacket
                0x0000000008001268       0x28 ./Core/CommonLibraries/AFlibrary/Src/afFieldProtocol.o
 .text.getNextValidMetaDataFieldInfo
                0x0000000008001290       0x90 ./Core/CommonLibraries/AFlibrary/Src/afFieldProtocol.o
                0x0000000008001290                getNextValidMetaDataFieldInfo
 .text.broadcastFields
                0x0000000008001320       0x10 ./Core/CommonLibraries/AFlibrary/Src/afFieldProtocol.o
                0x0000000008001320                broadcastFields
 .text.afProtocolProcessRx
                0x0000000008001330      0x150 ./Core/CommonLibraries/AFlibrary/Src/afFieldProtocol.o
                0x0000000008001330                afProtocolProcessRx
 .text.publishFieldsIfBelowBandwidth
                0x0000000008001480       0x10 ./Core/CommonLibraries/AFlibrary/Src/afFieldProtocol.o
                0x0000000008001480                publishFieldsIfBelowBandwidth
 .text.parseFrameForMetaDataFieldIndex
                0x0000000008001490       0xb4 ./Core/CommonLibraries/AFlibrary/Src/afFieldProtocol.o
                0x0000000008001490                parseFrameForMetaDataFieldIndex
 .text.createMetaDataPacket
                0x0000000008001544      0x114 ./Core/CommonLibraries/AFlibrary/Src/afFieldProtocol.o
                0x0000000008001544                createMetaDataPacket
 .text.handleMetaDataRequest
                0x0000000008001658       0x34 ./Core/CommonLibraries/AFlibrary/Src/afFieldProtocol.o
                0x0000000008001658                handleMetaDataRequest
 .text.fill_filter_settings
                0x000000000800168c       0x14 ./Core/CommonLibraries/AFlibrary/Src/bme280.o
 .text.fill_standby_settings
                0x00000000080016a0       0x12 ./Core/CommonLibraries/AFlibrary/Src/bme280.o
 .text.fill_osr_press_settings
                0x00000000080016b2       0x14 ./Core/CommonLibraries/AFlibrary/Src/bme280.o
 .text.fill_osr_temp_settings
                0x00000000080016c6       0x12 ./Core/CommonLibraries/AFlibrary/Src/bme280.o
 .text.parse_device_settings
                0x00000000080016d8       0x26 ./Core/CommonLibraries/AFlibrary/Src/bme280.o
 *fill*         0x00000000080016fe        0x2 
 .text.compensate_temperature
                0x0000000008001700       0x78 ./Core/CommonLibraries/AFlibrary/Src/bme280.o
 .text.compensate_pressure
                0x0000000008001778      0x23c ./Core/CommonLibraries/AFlibrary/Src/bme280.o
 .text.compensate_humidity
                0x00000000080019b4       0xd8 ./Core/CommonLibraries/AFlibrary/Src/bme280.o
 .text.interleave_reg_addr
                0x0000000008001a8c       0x1c ./Core/CommonLibraries/AFlibrary/Src/bme280.o
 .text.parse_temp_press_calib_data
                0x0000000008001aa8       0x80 ./Core/CommonLibraries/AFlibrary/Src/bme280.o
 .text.parse_humidity_calib_data
                0x0000000008001b28       0x42 ./Core/CommonLibraries/AFlibrary/Src/bme280.o
 .text.are_settings_changed
                0x0000000008001b6a        0xe ./Core/CommonLibraries/AFlibrary/Src/bme280.o
 .text.null_ptr_check
                0x0000000008001b78       0x32 ./Core/CommonLibraries/AFlibrary/Src/bme280.o
 .text.bme280_get_regs
                0x0000000008001baa       0x58 ./Core/CommonLibraries/AFlibrary/Src/bme280.o
                0x0000000008001baa                bme280_get_regs
 .text.get_calib_data
                0x0000000008001c02       0x4c ./Core/CommonLibraries/AFlibrary/Src/bme280.o
 .text.bme280_set_regs
                0x0000000008001c4e       0xbe ./Core/CommonLibraries/AFlibrary/Src/bme280.o
                0x0000000008001c4e                bme280_set_regs
 .text.set_osr_humidity_settings
                0x0000000008001d0c       0x56 ./Core/CommonLibraries/AFlibrary/Src/bme280.o
 .text.set_osr_press_temp_settings
                0x0000000008001d62       0x56 ./Core/CommonLibraries/AFlibrary/Src/bme280.o
 .text.set_osr_settings
                0x0000000008001db8       0x2a ./Core/CommonLibraries/AFlibrary/Src/bme280.o
 .text.set_filter_standby_settings
                0x0000000008001de2       0x56 ./Core/CommonLibraries/AFlibrary/Src/bme280.o
 .text.reload_device_settings
                0x0000000008001e38       0x22 ./Core/CommonLibraries/AFlibrary/Src/bme280.o
 .text.write_power_mode
                0x0000000008001e5a       0x4a ./Core/CommonLibraries/AFlibrary/Src/bme280.o
 .text.bme280_get_sensor_mode
                0x0000000008001ea4       0x36 ./Core/CommonLibraries/AFlibrary/Src/bme280.o
                0x0000000008001ea4                bme280_get_sensor_mode
 .text.bme280_soft_reset
                0x0000000008001eda       0x7c ./Core/CommonLibraries/AFlibrary/Src/bme280.o
                0x0000000008001eda                bme280_soft_reset
 .text.bme280_init
                0x0000000008001f56       0x6c ./Core/CommonLibraries/AFlibrary/Src/bme280.o
                0x0000000008001f56                bme280_init
 .text.put_device_to_sleep
                0x0000000008001fc2       0x36 ./Core/CommonLibraries/AFlibrary/Src/bme280.o
 .text.bme280_set_sensor_settings
                0x0000000008001ff8       0x7a ./Core/CommonLibraries/AFlibrary/Src/bme280.o
                0x0000000008001ff8                bme280_set_sensor_settings
 .text.bme280_set_sensor_mode
                0x0000000008002072       0x44 ./Core/CommonLibraries/AFlibrary/Src/bme280.o
                0x0000000008002072                bme280_set_sensor_mode
 .text.bme280_parse_sensor_data
                0x00000000080020b6       0x32 ./Core/CommonLibraries/AFlibrary/Src/bme280.o
                0x00000000080020b6                bme280_parse_sensor_data
 .text.bme280_compensate_data
                0x00000000080020e8       0x64 ./Core/CommonLibraries/AFlibrary/Src/bme280.o
                0x00000000080020e8                bme280_compensate_data
 .text.bme280_get_sensor_data
                0x000000000800214c       0x60 ./Core/CommonLibraries/AFlibrary/Src/bme280.o
                0x000000000800214c                bme280_get_sensor_data
 .text.bme280_cal_meas_delay
                0x00000000080021ac       0x80 ./Core/CommonLibraries/AFlibrary/Src/bme280.o
                0x00000000080021ac                bme280_cal_meas_delay
 .text.readUniqueID
                0x000000000800222c       0x38 ./Core/CommonLibraries/AFlibrary/Src/can.o
 .text.record1HzStats
                0x0000000008002264       0x64 ./Core/CommonLibraries/AFlibrary/Src/can.o
 .text.convertTransferToDataPtr
                0x00000000080022c8       0x68 ./Core/CommonLibraries/AFlibrary/Src/can.o
 .text.hookCanFrameTransmitted
                0x0000000008002330        0x2 ./Core/CommonLibraries/AFlibrary/Src/can.o
                0x0000000008002330                hookCanFrameTransmitted
 .text.hookCanFrameReceived
                0x0000000008002332        0x2 ./Core/CommonLibraries/AFlibrary/Src/can.o
                0x0000000008002332                hookCanFrameReceived
 .text.processUavCanFrames
                0x0000000008002334      0x1ec ./Core/CommonLibraries/AFlibrary/Src/can.o
 .text.usleep   0x0000000008002520       0x12 ./Core/CommonLibraries/AFlibrary/Src/can.o
                0x0000000008002520                usleep
 *fill*         0x0000000008002532        0x2 
 .text.getMonotonicTimestampUSec
                0x0000000008002534       0x14 ./Core/CommonLibraries/AFlibrary/Src/can.o
                0x0000000008002534                getMonotonicTimestampUSec
 .text.makeNodeStatusMessage
                0x0000000008002548       0x70 ./Core/CommonLibraries/AFlibrary/Src/can.o
 .text.getNodeInfoResponse
                0x00000000080025b8       0x68 ./Core/CommonLibraries/AFlibrary/Src/can.o
 .text.handleNodeAllocationBroadcast
                0x0000000008002620       0xa8 ./Core/CommonLibraries/AFlibrary/Src/can.o
 .text.getDataTypeSignature
                0x00000000080026c8       0xec ./Core/CommonLibraries/AFlibrary/Src/can.o
                0x00000000080026c8                getDataTypeSignature
 .text.canLocalOrRemoteRequestOrRespond
                0x00000000080027b4       0x54 ./Core/CommonLibraries/AFlibrary/Src/can.o
 .text.canLocalOrRemoteBroadcast
                0x0000000008002808       0x58 ./Core/CommonLibraries/AFlibrary/Src/can.o
 .text.getLocalNodeId
                0x0000000008002860       0x10 ./Core/CommonLibraries/AFlibrary/Src/can.o
                0x0000000008002860                getLocalNodeId
 .text.canRespondToRequest
                0x0000000008002870       0x40 ./Core/CommonLibraries/AFlibrary/Src/can.o
 .text.anonymousCanBroadcast
                0x00000000080028b0       0x58 ./Core/CommonLibraries/AFlibrary/Src/can.o
 .text.sendNodeAllocationFrame
                0x0000000008002908       0xd0 ./Core/CommonLibraries/AFlibrary/Src/can.o
 .text.loopNodeAllocation
                0x00000000080029d8       0x68 ./Core/CommonLibraries/AFlibrary/Src/can.o
 .text.canProcessRxFrame
                0x0000000008002a40      0x1ac ./Core/CommonLibraries/AFlibrary/Src/can.o
 .text.canBroadcast
                0x0000000008002bec       0x4c ./Core/CommonLibraries/AFlibrary/Src/can.o
 .text.process1HzTasks
                0x0000000008002c38       0x68 ./Core/CommonLibraries/AFlibrary/Src/can.o
 .text.canShouldAcceptTransfer
                0x0000000008002ca0       0x78 ./Core/CommonLibraries/AFlibrary/Src/can.o
 .text.shouldAcceptTransfer
                0x0000000008002d18       0x10 ./Core/CommonLibraries/AFlibrary/Src/can.o
 .text.canOnTransferReceived
                0x0000000008002d28       0x32 ./Core/CommonLibraries/AFlibrary/Src/can.o
                0x0000000008002d28                canOnTransferReceived
 .text.onTransferReceived
                0x0000000008002d5a       0x2c ./Core/CommonLibraries/AFlibrary/Src/can.o
 *fill*         0x0000000008002d86        0x2 
 .text.bufferRawCanFrames
                0x0000000008002d88      0x184 ./Core/CommonLibraries/AFlibrary/Src/can.o
                0x0000000008002d88                bufferRawCanFrames
 .text.loopRawCan
                0x0000000008002f0c       0x28 ./Core/CommonLibraries/AFlibrary/Src/can.o
                0x0000000008002f0c                loopRawCan
 .text.loopUavCan
                0x0000000008002f34       0x6c ./Core/CommonLibraries/AFlibrary/Src/can.o
                0x0000000008002f34                loopUavCan
 .text.setupCan
                0x0000000008002fa0      0x1e0 ./Core/CommonLibraries/AFlibrary/Src/can.o
                0x0000000008002fa0                setupCan
 .text.broadcastFieldsPacket
                0x0000000008003180       0x64 ./Core/CommonLibraries/AFlibrary/Src/can.o
                0x0000000008003180                broadcastFieldsPacket
 .text.publishFieldPacketIfBelowBandwidth
                0x00000000080031e4       0xa0 ./Core/CommonLibraries/AFlibrary/Src/can.o
                0x00000000080031e4                publishFieldPacketIfBelowBandwidth
 .text.readRdpValue
                0x0000000008003284       0x1c ./Core/CommonLibraries/AFlibrary/Src/debugComponent.o
                0x0000000008003284                readRdpValue
 .text.setRdp   0x00000000080032a0       0x48 ./Core/CommonLibraries/AFlibrary/Src/debugComponent.o
                0x00000000080032a0                setRdp
 .text.setRdpField
                0x00000000080032e8        0xa ./Core/CommonLibraries/AFlibrary/Src/debugComponent.o
 *fill*         0x00000000080032f2        0x2 
 .text.initialiseDebug
                0x00000000080032f4       0x14 ./Core/CommonLibraries/AFlibrary/Src/debugComponent.o
                0x00000000080032f4                initialiseDebug
 .text.loopDebug
                0x0000000008003308       0x34 ./Core/CommonLibraries/AFlibrary/Src/debugComponent.o
                0x0000000008003308                loopDebug
 .text.delay_us
                0x000000000800333c       0x10 ./Core/CommonLibraries/AFlibrary/Src/thp.o
                0x000000000800333c                delay_us
 .text.user_i2c_read
                0x000000000800334c       0x2c ./Core/CommonLibraries/AFlibrary/Src/thp.o
                0x000000000800334c                user_i2c_read
 .text.user_i2c_write
                0x0000000008003378       0x28 ./Core/CommonLibraries/AFlibrary/Src/thp.o
                0x0000000008003378                user_i2c_write
 .text.testThp  0x00000000080033a0        0x4 ./Core/CommonLibraries/AFlibrary/Src/thp.o
                0x00000000080033a0                testThp
 .text.initialiseThp
                0x00000000080033a4       0x94 ./Core/CommonLibraries/AFlibrary/Src/thp.o
                0x00000000080033a4                initialiseThp
 .text.loopThp  0x0000000008003438       0xa0 ./Core/CommonLibraries/AFlibrary/Src/thp.o
                0x0000000008003438                loopThp
 .text.getRandomInt
                0x00000000080034d8        0x4 ./Core/CommonLibraries/AFlibrary/Src/useful.o
                0x00000000080034d8                getRandomInt
 .text.incrAndWrap
                0x00000000080034dc        0xa ./Core/CommonLibraries/AFlibrary/Src/useful.o
                0x00000000080034dc                incrAndWrap
 .text.decrAndWrap
                0x00000000080034e6        0xc ./Core/CommonLibraries/AFlibrary/Src/useful.o
                0x00000000080034e6                decrAndWrap
 .text.computeTransferIDForwardDistance
                0x00000000080034f2       0x10 ./Core/CommonLibraries/libcanard/src/canard.o
 .text.isPriorityHigher
                0x0000000008003502       0x58 ./Core/CommonLibraries/libcanard/src/canard.o
 .text.extractTransferType
                0x000000000800355a       0x14 ./Core/CommonLibraries/libcanard/src/canard.o
 .text.extractDataType
                0x000000000800356e       0x20 ./Core/CommonLibraries/libcanard/src/canard.o
 .text.findRxState
                0x000000000800358e       0x10 ./Core/CommonLibraries/libcanard/src/canard.o
 .text.isBigEndian
                0x000000000800359e        0x4 ./Core/CommonLibraries/libcanard/src/canard.o
 *fill*         0x00000000080035a2        0x2 
 .text.crcAddByte
                0x00000000080035a4       0x2c ./Core/CommonLibraries/libcanard/src/canard.o
 .text.crcAddSignature
                0x00000000080035d0       0x36 ./Core/CommonLibraries/libcanard/src/canard.o
 .text.crcAdd   0x0000000008003606       0x18 ./Core/CommonLibraries/libcanard/src/canard.o
 .text.initPoolAllocator
                0x000000000800361e       0x22 ./Core/CommonLibraries/libcanard/src/canard.o
 .text.allocateBlock
                0x0000000008003640       0x1e ./Core/CommonLibraries/libcanard/src/canard.o
 .text.createBufferBlock
                0x000000000800365e       0x10 ./Core/CommonLibraries/libcanard/src/canard.o
 .text.bufferBlockPushBytes
                0x000000000800366e      0x13a ./Core/CommonLibraries/libcanard/src/canard.o
 .text.pushTxQueue
                0x00000000080037a8       0x68 ./Core/CommonLibraries/libcanard/src/canard.o
 .text.incrementTransferID
                0x0000000008003810       0x24 ./Core/CommonLibraries/libcanard/src/canard.o
 .text.freeBlock
                0x0000000008003834       0x24 ./Core/CommonLibraries/libcanard/src/canard.o
 .text.releaseStatePayload
                0x0000000008003858       0x28 ./Core/CommonLibraries/libcanard/src/canard.o
 .text.prepareForNextTransfer
                0x0000000008003880       0x3c ./Core/CommonLibraries/libcanard/src/canard.o
 .text.copyBitArray
                0x00000000080038bc       0xa8 ./Core/CommonLibraries/libcanard/src/canard.o
 .text.descatterTransferPayload
                0x0000000008003964      0x200 ./Core/CommonLibraries/libcanard/src/canard.o
 .text.swapByteOrder
                0x0000000008003b64       0x30 ./Core/CommonLibraries/libcanard/src/canard.o
 .text.createTxItem
                0x0000000008003b94       0x16 ./Core/CommonLibraries/libcanard/src/canard.o
 *fill*         0x0000000008003baa        0x2 
 .text.enqueueTxFrames
                0x0000000008003bac      0x164 ./Core/CommonLibraries/libcanard/src/canard.o
 .text.createRxState
                0x0000000008003d10       0x2c ./Core/CommonLibraries/libcanard/src/canard.o
 .text.prependRxState
                0x0000000008003d3c       0x16 ./Core/CommonLibraries/libcanard/src/canard.o
 .text.traverseRxStates
                0x0000000008003d52       0x30 ./Core/CommonLibraries/libcanard/src/canard.o
 *fill*         0x0000000008003d82        0x2 
 .text.canardInit
                0x0000000008003d84       0x4c ./Core/CommonLibraries/libcanard/src/canard.o
                0x0000000008003d84                canardInit
 .text.canardSetLocalNodeID
                0x0000000008003dd0       0x34 ./Core/CommonLibraries/libcanard/src/canard.o
                0x0000000008003dd0                canardSetLocalNodeID
 .text.canardGetLocalNodeID
                0x0000000008003e04        0x4 ./Core/CommonLibraries/libcanard/src/canard.o
                0x0000000008003e04                canardGetLocalNodeID
 .text.canardBroadcast
                0x0000000008003e08       0xc4 ./Core/CommonLibraries/libcanard/src/canard.o
                0x0000000008003e08                canardBroadcast
 .text.canardRequestOrRespond
                0x0000000008003ecc       0xa8 ./Core/CommonLibraries/libcanard/src/canard.o
                0x0000000008003ecc                canardRequestOrRespond
 .text.canardPeekTxQueue
                0x0000000008003f74        0xa ./Core/CommonLibraries/libcanard/src/canard.o
                0x0000000008003f74                canardPeekTxQueue
 .text.canardPopTxQueue
                0x0000000008003f7e       0x10 ./Core/CommonLibraries/libcanard/src/canard.o
                0x0000000008003f7e                canardPopTxQueue
 *fill*         0x0000000008003f8e        0x2 
 .text.canardCleanupStaleTransfers
                0x0000000008003f90       0x84 ./Core/CommonLibraries/libcanard/src/canard.o
                0x0000000008003f90                canardCleanupStaleTransfers
 .text.canardDecodeScalar
                0x0000000008004014      0x270 ./Core/CommonLibraries/libcanard/src/canard.o
                0x0000000008004014                canardDecodeScalar
 .text.canardEncodeScalar
                0x0000000008004284       0xdc ./Core/CommonLibraries/libcanard/src/canard.o
                0x0000000008004284                canardEncodeScalar
 .text.canardReleaseRxTransferPayload
                0x0000000008004360       0x26 ./Core/CommonLibraries/libcanard/src/canard.o
                0x0000000008004360                canardReleaseRxTransferPayload
 *fill*         0x0000000008004386        0x2 
 .text.canardHandleRxFrame
                0x0000000008004388      0x458 ./Core/CommonLibraries/libcanard/src/canard.o
                0x0000000008004388                canardHandleRxFrame
 .text.isFramePriorityHigher
                0x00000000080047e0       0x58 ./Core/CommonLibraries/libcanard/src/canard_stm32.o
 .text.convertFrameIDCanardToRegister
                0x0000000008004838       0x18 ./Core/CommonLibraries/libcanard/src/canard_stm32.o
 .text.convertFrameIDRegisterToCanard
                0x0000000008004850       0x1e ./Core/CommonLibraries/libcanard/src/canard_stm32.o
 *fill*         0x000000000800486e        0x2 
 .text.processErrorStatus
                0x0000000008004870       0x64 ./Core/CommonLibraries/libcanard/src/canard_stm32.o
 .text.waitMSRINAKBitStateChange
                0x00000000080048d4       0x30 ./Core/CommonLibraries/libcanard/src/canard_stm32.o
 .text.canardSTM32Init
                0x0000000008004904      0x1d4 ./Core/CommonLibraries/libcanard/src/canard_stm32.o
                0x0000000008004904                canardSTM32Init
 .text.canardSTM32Transmit
                0x0000000008004ad8       0xf4 ./Core/CommonLibraries/libcanard/src/canard_stm32.o
                0x0000000008004ad8                canardSTM32Transmit
 .text.canardSTM32Receive
                0x0000000008004bcc       0xa0 ./Core/CommonLibraries/libcanard/src/canard_stm32.o
                0x0000000008004bcc                canardSTM32Receive
 .text.canardSTM32GetStats
                0x0000000008004c6c       0x14 ./Core/CommonLibraries/libcanard/src/canard_stm32.o
                0x0000000008004c6c                canardSTM32GetStats
 .text.MX_GPIO_Init
                0x0000000008004c80       0x30 ./Core/Src/main.o
 .text.MX_I2C1_Init
                0x0000000008004cb0       0x44 ./Core/Src/main.o
 .text.MX_TIM17_Init
                0x0000000008004cf4       0x28 ./Core/Src/main.o
 .text.MX_TIM16_Init
                0x0000000008004d1c       0x30 ./Core/Src/main.o
 .text.SystemClock_Config
                0x0000000008004d4c       0x68 ./Core/Src/main.o
                0x0000000008004d4c                SystemClock_Config
 .text.main     0x0000000008004db4       0x24 ./Core/Src/main.o
                0x0000000008004db4                main
 .text.HAL_MspInit
                0x0000000008004dd8       0x3c ./Core/Src/stm32f0xx_hal_msp.o
                0x0000000008004dd8                HAL_MspInit
 .text.HAL_CAN_MspInit
                0x0000000008004e14       0x68 ./Core/Src/stm32f0xx_hal_msp.o
                0x0000000008004e14                HAL_CAN_MspInit
 .text.HAL_I2C_MspInit
                0x0000000008004e7c       0x68 ./Core/Src/stm32f0xx_hal_msp.o
                0x0000000008004e7c                HAL_I2C_MspInit
 .text.HAL_TIM_Base_MspInit
                0x0000000008004ee4       0x70 ./Core/Src/stm32f0xx_hal_msp.o
                0x0000000008004ee4                HAL_TIM_Base_MspInit
 .text.NMI_Handler
                0x0000000008004f54        0x2 ./Core/Src/stm32f0xx_it.o
                0x0000000008004f54                NMI_Handler
 .text.HardFault_Handler
                0x0000000008004f56        0x2 ./Core/Src/stm32f0xx_it.o
                0x0000000008004f56                HardFault_Handler
 .text.SVC_Handler
                0x0000000008004f58        0x2 ./Core/Src/stm32f0xx_it.o
                0x0000000008004f58                SVC_Handler
 .text.PendSV_Handler
                0x0000000008004f5a        0x2 ./Core/Src/stm32f0xx_it.o
                0x0000000008004f5a                PendSV_Handler
 .text.SysTick_Handler
                0x0000000008004f5c        0x8 ./Core/Src/stm32f0xx_it.o
                0x0000000008004f5c                SysTick_Handler
 .text.TIM16_IRQHandler
                0x0000000008004f64       0x10 ./Core/Src/stm32f0xx_it.o
                0x0000000008004f64                TIM16_IRQHandler
 .text.TIM17_IRQHandler
                0x0000000008004f74       0x10 ./Core/Src/stm32f0xx_it.o
                0x0000000008004f74                TIM17_IRQHandler
 .text.SystemInit
                0x0000000008004f84        0x2 ./Core/Src/system_stm32f0xx.o
                0x0000000008004f84                SystemInit
 *fill*         0x0000000008004f86        0x2 
 .text.Reset_Handler
                0x0000000008004f88       0x80 ./Core/Startup/startup_stm32f042f6px.o
                0x0000000008004f88                Reset_Handler
 .text.Default_Handler
                0x0000000008005008        0x2 ./Core/Startup/startup_stm32f042f6px.o
                0x0000000008005008                TIM1_CC_IRQHandler
                0x0000000008005008                TSC_IRQHandler
                0x0000000008005008                I2C1_IRQHandler
                0x0000000008005008                RCC_CRS_IRQHandler
                0x0000000008005008                SPI1_IRQHandler
                0x0000000008005008                EXTI2_3_IRQHandler
                0x0000000008005008                ADC1_IRQHandler
                0x0000000008005008                CEC_CAN_IRQHandler
                0x0000000008005008                RTC_IRQHandler
                0x0000000008005008                PVD_VDDIO2_IRQHandler
                0x0000000008005008                TIM3_IRQHandler
                0x0000000008005008                EXTI4_15_IRQHandler
                0x0000000008005008                DMA1_Channel1_IRQHandler
                0x0000000008005008                Default_Handler
                0x0000000008005008                TIM14_IRQHandler
                0x0000000008005008                DMA1_Channel4_5_IRQHandler
                0x0000000008005008                EXTI0_1_IRQHandler
                0x0000000008005008                USB_IRQHandler
                0x0000000008005008                SPI2_IRQHandler
                0x0000000008005008                WWDG_IRQHandler
                0x0000000008005008                TIM2_IRQHandler
                0x0000000008005008                DMA1_Channel2_3_IRQHandler
                0x0000000008005008                USART2_IRQHandler
                0x0000000008005008                FLASH_IRQHandler
                0x0000000008005008                USART1_IRQHandler
                0x0000000008005008                TIM1_BRK_UP_TRG_COM_IRQHandler
 *fill*         0x000000000800500a        0x2 
 .text.HAL_InitTick
                0x000000000800500c       0x50 ./Drivers/STM32F0xx_HAL_Driver/Src/stm32f0xx_hal.o
                0x000000000800500c                HAL_InitTick
 .text.HAL_Init
                0x000000000800505c       0x20 ./Drivers/STM32F0xx_HAL_Driver/Src/stm32f0xx_hal.o
                0x000000000800505c                HAL_Init
 .text.HAL_IncTick
                0x000000000800507c       0x18 ./Drivers/STM32F0xx_HAL_Driver/Src/stm32f0xx_hal.o
                0x000000000800507c                HAL_IncTick
 .text.HAL_GetTick
                0x0000000008005094        0xc ./Drivers/STM32F0xx_HAL_Driver/Src/stm32f0xx_hal.o
                0x0000000008005094                HAL_GetTick
 .text.HAL_Delay
                0x00000000080050a0       0x24 ./Drivers/STM32F0xx_HAL_Driver/Src/stm32f0xx_hal.o
                0x00000000080050a0                HAL_Delay
 .text.HAL_GetUIDw0
                0x00000000080050c4        0xc ./Drivers/STM32F0xx_HAL_Driver/Src/stm32f0xx_hal.o
                0x00000000080050c4                HAL_GetUIDw0
 .text.HAL_GetUIDw1
                0x00000000080050d0        0xc ./Drivers/STM32F0xx_HAL_Driver/Src/stm32f0xx_hal.o
                0x00000000080050d0                HAL_GetUIDw1
 .text.HAL_GetUIDw2
                0x00000000080050dc        0xc ./Drivers/STM32F0xx_HAL_Driver/Src/stm32f0xx_hal.o
                0x00000000080050dc                HAL_GetUIDw2
 .text.HAL_NVIC_SetPriority
                0x00000000080050e8       0x60 ./Drivers/STM32F0xx_HAL_Driver/Src/stm32f0xx_hal_cortex.o
                0x00000000080050e8                HAL_NVIC_SetPriority
 .text.HAL_NVIC_EnableIRQ
                0x0000000008005148       0x18 ./Drivers/STM32F0xx_HAL_Driver/Src/stm32f0xx_hal_cortex.o
                0x0000000008005148                HAL_NVIC_EnableIRQ
 .text.HAL_SYSTICK_Config
                0x0000000008005160       0x38 ./Drivers/STM32F0xx_HAL_Driver/Src/stm32f0xx_hal_cortex.o
                0x0000000008005160                HAL_SYSTICK_Config
 .text.FLASH_SetErrorCode
                0x0000000008005198       0x40 ./Drivers/STM32F0xx_HAL_Driver/Src/stm32f0xx_hal_flash.o
 .text.HAL_FLASH_Unlock
                0x00000000080051d8       0x30 ./Drivers/STM32F0xx_HAL_Driver/Src/stm32f0xx_hal_flash.o
                0x00000000080051d8                HAL_FLASH_Unlock
 .text.HAL_FLASH_OB_Unlock
                0x0000000008005208       0x28 ./Drivers/STM32F0xx_HAL_Driver/Src/stm32f0xx_hal_flash.o
                0x0000000008005208                HAL_FLASH_OB_Unlock
 .text.FLASH_WaitForLastOperation
                0x0000000008005230       0x58 ./Drivers/STM32F0xx_HAL_Driver/Src/stm32f0xx_hal_flash.o
                0x0000000008005230                FLASH_WaitForLastOperation
 .text.HAL_FLASH_OB_Launch
                0x0000000008005288       0x20 ./Drivers/STM32F0xx_HAL_Driver/Src/stm32f0xx_hal_flash.o
                0x0000000008005288                HAL_FLASH_OB_Launch
 .text.FLASH_OB_GetWRP
                0x00000000080052a8        0xc ./Drivers/STM32F0xx_HAL_Driver/Src/stm32f0xx_hal_flash_ex.o
 .text.FLASH_OB_GetRDP
                0x00000000080052b4       0x20 ./Drivers/STM32F0xx_HAL_Driver/Src/stm32f0xx_hal_flash_ex.o
 .text.FLASH_OB_GetUser
                0x00000000080052d4       0x10 ./Drivers/STM32F0xx_HAL_Driver/Src/stm32f0xx_hal_flash_ex.o
 .text.FLASH_OB_RDP_LevelConfig
                0x00000000080052e4       0x64 ./Drivers/STM32F0xx_HAL_Driver/Src/stm32f0xx_hal_flash_ex.o
 .text.FLASH_OB_UserConfig
                0x0000000008005348       0x44 ./Drivers/STM32F0xx_HAL_Driver/Src/stm32f0xx_hal_flash_ex.o
 .text.FLASH_OB_ProgramData
                0x000000000800538c       0x40 ./Drivers/STM32F0xx_HAL_Driver/Src/stm32f0xx_hal_flash_ex.o
 .text.HAL_FLASHEx_OBErase
                0x00000000080053cc       0x50 ./Drivers/STM32F0xx_HAL_Driver/Src/stm32f0xx_hal_flash_ex.o
                0x00000000080053cc                HAL_FLASHEx_OBErase
 .text.FLASH_OB_EnableWRP
                0x000000000800541c       0x64 ./Drivers/STM32F0xx_HAL_Driver/Src/stm32f0xx_hal_flash_ex.o
 .text.FLASH_OB_DisableWRP
                0x0000000008005480       0x64 ./Drivers/STM32F0xx_HAL_Driver/Src/stm32f0xx_hal_flash_ex.o
 .text.HAL_FLASHEx_OBProgram
                0x00000000080054e4       0x94 ./Drivers/STM32F0xx_HAL_Driver/Src/stm32f0xx_hal_flash_ex.o
                0x00000000080054e4                HAL_FLASHEx_OBProgram
 .text.HAL_FLASHEx_OBGetConfig
                0x0000000008005578       0x1c ./Drivers/STM32F0xx_HAL_Driver/Src/stm32f0xx_hal_flash_ex.o
                0x0000000008005578                HAL_FLASHEx_OBGetConfig
 .text.HAL_GPIO_Init
                0x0000000008005594      0x180 ./Drivers/STM32F0xx_HAL_Driver/Src/stm32f0xx_hal_gpio.o
                0x0000000008005594                HAL_GPIO_Init
 .text.I2C_Flush_TXDR
                0x0000000008005714       0x1e ./Drivers/STM32F0xx_HAL_Driver/Src/stm32f0xx_hal_i2c.o
 *fill*         0x0000000008005732        0x2 
 .text.I2C_TransferConfig
                0x0000000008005734       0x30 ./Drivers/STM32F0xx_HAL_Driver/Src/stm32f0xx_hal_i2c.o
 .text.I2C_IsAcknowledgeFailed
                0x0000000008005764       0x90 ./Drivers/STM32F0xx_HAL_Driver/Src/stm32f0xx_hal_i2c.o
 .text.I2C_WaitOnTXISFlagUntilTimeout
                0x00000000080057f4       0x52 ./Drivers/STM32F0xx_HAL_Driver/Src/stm32f0xx_hal_i2c.o
 .text.I2C_WaitOnFlagUntilTimeout
                0x0000000008005846       0x54 ./Drivers/STM32F0xx_HAL_Driver/Src/stm32f0xx_hal_i2c.o
 *fill*         0x000000000800589a        0x2 
 .text.I2C_RequestMemoryWrite
                0x000000000800589c       0x78 ./Drivers/STM32F0xx_HAL_Driver/Src/stm32f0xx_hal_i2c.o
 .text.I2C_RequestMemoryRead
                0x0000000008005914       0x74 ./Drivers/STM32F0xx_HAL_Driver/Src/stm32f0xx_hal_i2c.o
 .text.I2C_WaitOnSTOPFlagUntilTimeout
                0x0000000008005988       0x4e ./Drivers/STM32F0xx_HAL_Driver/Src/stm32f0xx_hal_i2c.o
 *fill*         0x00000000080059d6        0x2 
 .text.HAL_I2C_Init
                0x00000000080059d8       0xcc ./Drivers/STM32F0xx_HAL_Driver/Src/stm32f0xx_hal_i2c.o
                0x00000000080059d8                HAL_I2C_Init
 .text.HAL_I2C_Mem_Write
                0x0000000008005aa4      0x1a0 ./Drivers/STM32F0xx_HAL_Driver/Src/stm32f0xx_hal_i2c.o
                0x0000000008005aa4                HAL_I2C_Mem_Write
 .text.HAL_I2C_Mem_Read
                0x0000000008005c44      0x1a8 ./Drivers/STM32F0xx_HAL_Driver/Src/stm32f0xx_hal_i2c.o
                0x0000000008005c44                HAL_I2C_Mem_Read
 .text.HAL_I2CEx_ConfigAnalogFilter
                0x0000000008005dec       0x58 ./Drivers/STM32F0xx_HAL_Driver/Src/stm32f0xx_hal_i2c_ex.o
                0x0000000008005dec                HAL_I2CEx_ConfigAnalogFilter
 .text.HAL_I2CEx_ConfigDigitalFilter
                0x0000000008005e44       0x54 ./Drivers/STM32F0xx_HAL_Driver/Src/stm32f0xx_hal_i2c_ex.o
                0x0000000008005e44                HAL_I2CEx_ConfigDigitalFilter
 .text.HAL_RCC_OscConfig
                0x0000000008005e98      0x544 ./Drivers/STM32F0xx_HAL_Driver/Src/stm32f0xx_hal_rcc.o
                0x0000000008005e98                HAL_RCC_OscConfig
 .text.HAL_RCC_GetSysClockFreq
                0x00000000080063dc       0x94 ./Drivers/STM32F0xx_HAL_Driver/Src/stm32f0xx_hal_rcc.o
                0x00000000080063dc                HAL_RCC_GetSysClockFreq
 .text.HAL_RCC_ClockConfig
                0x0000000008006470      0x144 ./Drivers/STM32F0xx_HAL_Driver/Src/stm32f0xx_hal_rcc.o
                0x0000000008006470                HAL_RCC_ClockConfig
 .text.HAL_RCC_GetHCLKFreq
                0x00000000080065b4        0xc ./Drivers/STM32F0xx_HAL_Driver/Src/stm32f0xx_hal_rcc.o
                0x00000000080065b4                HAL_RCC_GetHCLKFreq
 .text.HAL_RCC_GetPCLK1Freq
                0x00000000080065c0       0x20 ./Drivers/STM32F0xx_HAL_Driver/Src/stm32f0xx_hal_rcc.o
                0x00000000080065c0                HAL_RCC_GetPCLK1Freq
 .text.HAL_RCCEx_PeriphCLKConfig
                0x00000000080065e0      0x144 ./Drivers/STM32F0xx_HAL_Driver/Src/stm32f0xx_hal_rcc_ex.o
                0x00000000080065e0                HAL_RCCEx_PeriphCLKConfig
 .text.HAL_TIM_Base_Start_IT
                0x0000000008006724       0x60 ./Drivers/STM32F0xx_HAL_Driver/Src/stm32f0xx_hal_tim.o
                0x0000000008006724                HAL_TIM_Base_Start_IT
 .text.HAL_TIM_OC_DelayElapsedCallback
                0x0000000008006784        0x2 ./Drivers/STM32F0xx_HAL_Driver/Src/stm32f0xx_hal_tim.o
                0x0000000008006784                HAL_TIM_OC_DelayElapsedCallback
 .text.HAL_TIM_IC_CaptureCallback
                0x0000000008006786        0x2 ./Drivers/STM32F0xx_HAL_Driver/Src/stm32f0xx_hal_tim.o
                0x0000000008006786                HAL_TIM_IC_CaptureCallback
 .text.HAL_TIM_PWM_PulseFinishedCallback
                0x0000000008006788        0x2 ./Drivers/STM32F0xx_HAL_Driver/Src/stm32f0xx_hal_tim.o
                0x0000000008006788                HAL_TIM_PWM_PulseFinishedCallback
 .text.HAL_TIM_TriggerCallback
                0x000000000800678a        0x2 ./Drivers/STM32F0xx_HAL_Driver/Src/stm32f0xx_hal_tim.o
                0x000000000800678a                HAL_TIM_TriggerCallback
 .text.HAL_TIM_IRQHandler
                0x000000000800678c      0x15a ./Drivers/STM32F0xx_HAL_Driver/Src/stm32f0xx_hal_tim.o
                0x000000000800678c                HAL_TIM_IRQHandler
 *fill*         0x00000000080068e6        0x2 
 .text.TIM_Base_SetConfig
                0x00000000080068e8       0x94 ./Drivers/STM32F0xx_HAL_Driver/Src/stm32f0xx_hal_tim.o
                0x00000000080068e8                TIM_Base_SetConfig
 .text.HAL_TIM_Base_Init
                0x000000000800697c       0x58 ./Drivers/STM32F0xx_HAL_Driver/Src/stm32f0xx_hal_tim.o
                0x000000000800697c                HAL_TIM_Base_Init
 .text.HAL_TIMEx_CommutCallback
                0x00000000080069d4        0x2 ./Drivers/STM32F0xx_HAL_Driver/Src/stm32f0xx_hal_tim_ex.o
                0x00000000080069d4                HAL_TIMEx_CommutCallback
 .text.HAL_TIMEx_BreakCallback
                0x00000000080069d6        0x2 ./Drivers/STM32F0xx_HAL_Driver/Src/stm32f0xx_hal_tim_ex.o
                0x00000000080069d6                HAL_TIMEx_BreakCallback
 .text.__libc_init_array
                0x00000000080069d8       0x48 /home/sean/Applications/STM32_CUBE_IDE/plugins/com.st.stm32cube.ide.mcu.externaltools.gnu-tools-for-stm32.10.3-2021.10.linux64_1.0.0.202111181127/tools/bin/../lib/gcc/arm-none-eabi/10.3.1/../../../../arm-none-eabi/lib/thumb/v6-m/nofp/libc_nano.a(lib_a-init.o)
                0x00000000080069d8                __libc_init_array
 .text.memcmp   0x0000000008006a20       0x1c /home/sean/Applications/STM32_CUBE_IDE/plugins/com.st.stm32cube.ide.mcu.externaltools.gnu-tools-for-stm32.10.3-2021.10.linux64_1.0.0.202111181127/tools/bin/../lib/gcc/arm-none-eabi/10.3.1/../../../../arm-none-eabi/lib/thumb/v6-m/nofp/libc_nano.a(lib_a-memcmp.o)
                0x0000000008006a20                memcmp
 .text.memcpy   0x0000000008006a3c       0x12 /home/sean/Applications/STM32_CUBE_IDE/plugins/com.st.stm32cube.ide.mcu.externaltools.gnu-tools-for-stm32.10.3-2021.10.linux64_1.0.0.202111181127/tools/bin/../lib/gcc/arm-none-eabi/10.3.1/../../../../arm-none-eabi/lib/thumb/v6-m/nofp/libc_nano.a(lib_a-memcpy-stub.o)
                0x0000000008006a3c                memcpy
 .text.memset   0x0000000008006a4e       0x10 /home/sean/Applications/STM32_CUBE_IDE/plugins/com.st.stm32cube.ide.mcu.externaltools.gnu-tools-for-stm32.10.3-2021.10.linux64_1.0.0.202111181127/tools/bin/../lib/gcc/arm-none-eabi/10.3.1/../../../../arm-none-eabi/lib/thumb/v6-m/nofp/libc_nano.a(lib_a-memset.o)
                0x0000000008006a4e                memset
 *(.glue_7)
 .glue_7        0x0000000008006a5e        0x0 linker stubs
 *(.glue_7t)
 .glue_7t       0x0000000008006a5e        0x0 linker stubs
 *(.eh_frame)
 *fill*         0x0000000008006a5e        0x2 
 .eh_frame      0x0000000008006a60        0x0 /home/sean/Applications/STM32_CUBE_IDE/plugins/com.st.stm32cube.ide.mcu.externaltools.gnu-tools-for-stm32.10.3-2021.10.linux64_1.0.0.202111181127/tools/bin/../lib/gcc/arm-none-eabi/10.3.1/thumb/v6-m/nofp/crtbegin.o
 *(.init)
 .init          0x0000000008006a60        0x4 /home/sean/Applications/STM32_CUBE_IDE/plugins/com.st.stm32cube.ide.mcu.externaltools.gnu-tools-for-stm32.10.3-2021.10.linux64_1.0.0.202111181127/tools/bin/../lib/gcc/arm-none-eabi/10.3.1/thumb/v6-m/nofp/crti.o
                0x0000000008006a60                _init
 .init          0x0000000008006a64        0x8 /home/sean/Applications/STM32_CUBE_IDE/plugins/com.st.stm32cube.ide.mcu.externaltools.gnu-tools-for-stm32.10.3-2021.10.linux64_1.0.0.202111181127/tools/bin/../lib/gcc/arm-none-eabi/10.3.1/thumb/v6-m/nofp/crtn.o
 *(.fini)
 .fini          0x0000000008006a6c        0x4 /home/sean/Applications/STM32_CUBE_IDE/plugins/com.st.stm32cube.ide.mcu.externaltools.gnu-tools-for-stm32.10.3-2021.10.linux64_1.0.0.202111181127/tools/bin/../lib/gcc/arm-none-eabi/10.3.1/thumb/v6-m/nofp/crti.o
                0x0000000008006a6c                _fini
 .fini          0x0000000008006a70        0x8 /home/sean/Applications/STM32_CUBE_IDE/plugins/com.st.stm32cube.ide.mcu.externaltools.gnu-tools-for-stm32.10.3-2021.10.linux64_1.0.0.202111181127/tools/bin/../lib/gcc/arm-none-eabi/10.3.1/thumb/v6-m/nofp/crtn.o
                0x0000000008006a78                . = ALIGN (0x4)
                0x0000000008006a78                _etext = .

.vfp11_veneer   0x0000000008006a78        0x0
 .vfp11_veneer  0x0000000008006a78        0x0 linker stubs

.v4_bx          0x0000000008006a78        0x0
 .v4_bx         0x0000000008006a78        0x0 linker stubs

.iplt           0x0000000008006a78        0x0
 .iplt          0x0000000008006a78        0x0 /home/sean/Applications/STM32_CUBE_IDE/plugins/com.st.stm32cube.ide.mcu.externaltools.gnu-tools-for-stm32.10.3-2021.10.linux64_1.0.0.202111181127/tools/bin/../lib/gcc/arm-none-eabi/10.3.1/thumb/v6-m/nofp/crtbegin.o

.rodata         0x0000000008006a78      0x560
                0x0000000008006a78                . = ALIGN (0x4)
 *(.rodata)
 .rodata        0x0000000008006a78        0x6 ./Core/CommonLibraries/AFlibrary/Src/bme280.o
 *fill*         0x0000000008006a7e        0x2 
 .rodata        0x0000000008006a80       0x80 /home/sean/Applications/STM32_CUBE_IDE/plugins/com.st.stm32cube.ide.mcu.externaltools.gnu-tools-for-stm32.10.3-2021.10.linux64_1.0.0.202111181127/tools/bin/../lib/gcc/arm-none-eabi/10.3.1/thumb/v6-m/nofp/libgcc.a(divsf3.o)
 *(.rodata*)
 .rodata.getBoardName.str1.4
                0x0000000008006b00        0xb ./Core/App/Src/app.o
 *fill*         0x0000000008006b0b        0x1 
 .rodata.getBoardNodeName.str1.4
                0x0000000008006b0c       0x1b ./Core/App/Src/app.o
 *fill*         0x0000000008006b27        0x1 
 .rodata.loop.str1.4
                0x0000000008006b28       0x19 ./Core/App/Src/app.o
 *fill*         0x0000000008006b41        0x3 
 .rodata.readCommand.str1.4
                0x0000000008006b44       0x1d ./Core/CommonLibraries/AFlibrary/Src/afFieldProtocol.o
 *fill*         0x0000000008006b61        0x3 
 .rodata.addComponentFieldTableToGlobalTable.str1.4
                0x0000000008006b64       0x3c ./Core/CommonLibraries/AFlibrary/Src/afFieldProtocol.o
 .rodata.getFieldInfo.str1.4
                0x0000000008006ba0       0x3c ./Core/CommonLibraries/AFlibrary/Src/afFieldProtocol.o
                                          0x1 (size before relaxing)
 .rodata.addMultiFieldDataToPacket.str1.4
                0x0000000008006ba0       0x2d ./Core/CommonLibraries/AFlibrary/Src/afFieldProtocol.o
 *fill*         0x0000000008006bcd        0x3 
 .rodata.afProtocolProcessRx.str1.4
                0x0000000008006bd0       0x72 ./Core/CommonLibraries/AFlibrary/Src/afFieldProtocol.o
 *fill*         0x0000000008006c42        0x2 
 .rodata.parseFrameForMetaDataFieldIndex.str1.4
                0x0000000008006c44       0x4e ./Core/CommonLibraries/AFlibrary/Src/afFieldProtocol.o
 *fill*         0x0000000008006c92        0x2 
 .rodata.createMetaDataPacket.str1.4
                0x0000000008006c94       0x49 ./Core/CommonLibraries/AFlibrary/Src/afFieldProtocol.o
 *fill*         0x0000000008006cdd        0x3 
 .rodata.metaFieldSize
                0x0000000008006ce0        0xd ./Core/CommonLibraries/AFlibrary/Src/afFieldProtocol.o
                0x0000000008006ce0                metaFieldSize
 *fill*         0x0000000008006ced        0x3 
 .rodata.convertTransferToDataPtr.str1.4
                0x0000000008006cf0       0x20 ./Core/CommonLibraries/AFlibrary/Src/can.o
 .rodata.processUavCanFrames.str1.4
                0x0000000008006d10       0x3f ./Core/CommonLibraries/AFlibrary/Src/can.o
 *fill*         0x0000000008006d4f        0x1 
 .rodata.getNodeInfoResponse.str1.4
                0x0000000008006d50       0x1c ./Core/CommonLibraries/AFlibrary/Src/can.o
 .rodata.getDataTypeSignature.str1.4
                0x0000000008006d6c       0x13 ./Core/CommonLibraries/AFlibrary/Src/can.o
 *fill*         0x0000000008006d7f        0x1 
 .rodata.anonymousCanBroadcast.str1.4
                0x0000000008006d80       0x5d ./Core/CommonLibraries/AFlibrary/Src/can.o
 *fill*         0x0000000008006ddd        0x3 
 .rodata.sendNodeAllocationFrame.str1.4
                0x0000000008006de0       0x1d ./Core/CommonLibraries/AFlibrary/Src/can.o
 .rodata.canProcessRxFrame.str1.4
                0x0000000008006dfd        0x1 ./Core/CommonLibraries/AFlibrary/Src/can.o
 *fill*         0x0000000008006dfd        0x3 
 .rodata.canBroadcast.str1.4
                0x0000000008006e00       0x30 ./Core/CommonLibraries/AFlibrary/Src/can.o
 .rodata.bufferRawCanFrames.str1.4
                0x0000000008006e30        0x8 ./Core/CommonLibraries/AFlibrary/Src/can.o
 .rodata.setupCan.str1.4
                0x0000000008006e38       0x33 ./Core/CommonLibraries/AFlibrary/Src/can.o
 *fill*         0x0000000008006e6b        0x1 
 .rodata.requestSetFields.str1.4
                0x0000000008006e6c        0xf ./Core/CommonLibraries/AFlibrary/Src/can.o
 *fill*         0x0000000008006e7b        0x1 
 .rodata.setRdp.str1.4
                0x0000000008006e7c        0xc ./Core/CommonLibraries/AFlibrary/Src/debugComponent.o
 .rodata.str1.4
                0x0000000008006e88       0x24 ./Core/CommonLibraries/AFlibrary/Src/debugComponent.o
 .rodata.initialiseThp.str1.4
                0x0000000008006eac       0x4e ./Core/CommonLibraries/AFlibrary/Src/thp.o
 *fill*         0x0000000008006efa        0x2 
 .rodata.loopThp.str1.4
                0x0000000008006efc       0x56 ./Core/CommonLibraries/AFlibrary/Src/thp.o
 *fill*         0x0000000008006f52        0x2 
 .rodata.str1.4
                0x0000000008006f54       0x3c ./Core/CommonLibraries/AFlibrary/Src/thp.o
 .rodata.pushTxQueue.str1.4
                0x0000000008006f90        0x1 ./Core/CommonLibraries/libcanard/src/canard.o
 .rodata.canardSTM32Init.str1.4
                0x0000000008006f90        0x1 ./Core/CommonLibraries/libcanard/src/canard_stm32.o
 .rodata.RFxR.0
                0x0000000008006f90        0x8 ./Core/CommonLibraries/libcanard/src/canard_stm32.o
 .rodata.AHBPrescTable
                0x0000000008006f98       0x10 ./Core/Src/system_stm32f0xx.o
                0x0000000008006f98                AHBPrescTable
 .rodata.APBPrescTable
                0x0000000008006fa8        0x8 ./Core/Src/system_stm32f0xx.o
                0x0000000008006fa8                APBPrescTable
 .rodata.HAL_RCC_GetSysClockFreq.str1.4
                0x0000000008006fb0       0x25 ./Drivers/STM32F0xx_HAL_Driver/Src/stm32f0xx_hal_rcc.o
                0x0000000008006fd8                . = ALIGN (0x4)
 *fill*         0x0000000008006fd5        0x3 

.ARM.extab      0x0000000008006fd8        0x0
                0x0000000008006fd8                . = ALIGN (0x4)
 *(.ARM.extab* .gnu.linkonce.armextab.*)
                0x0000000008006fd8                . = ALIGN (0x4)

.ARM            0x0000000008006fd8        0x8
                0x0000000008006fd8                . = ALIGN (0x4)
                0x0000000008006fd8                __exidx_start = .
 *(.ARM.exidx*)
 .ARM.exidx     0x0000000008006fd8        0x8 /home/sean/Applications/STM32_CUBE_IDE/plugins/com.st.stm32cube.ide.mcu.externaltools.gnu-tools-for-stm32.10.3-2021.10.linux64_1.0.0.202111181127/tools/bin/../lib/gcc/arm-none-eabi/10.3.1/thumb/v6-m/nofp/libgcc.a(_udivmoddi4.o)
 .ARM.exidx     0x0000000008006fe0        0x0 /home/sean/Applications/STM32_CUBE_IDE/plugins/com.st.stm32cube.ide.mcu.externaltools.gnu-tools-for-stm32.10.3-2021.10.linux64_1.0.0.202111181127/tools/bin/../lib/gcc/arm-none-eabi/10.3.1/thumb/v6-m/nofp/libgcc.a(_divdi3.o)
                                          0x8 (size before relaxing)
                0x0000000008006fe0                __exidx_end = .
                0x0000000008006fe0                . = ALIGN (0x4)

.rel.dyn        0x0000000008006fe0        0x0
 .rel.iplt      0x0000000008006fe0        0x0 /home/sean/Applications/STM32_CUBE_IDE/plugins/com.st.stm32cube.ide.mcu.externaltools.gnu-tools-for-stm32.10.3-2021.10.linux64_1.0.0.202111181127/tools/bin/../lib/gcc/arm-none-eabi/10.3.1/thumb/v6-m/nofp/crtbegin.o

.preinit_array  0x0000000008006fe0        0x0
                0x0000000008006fe0                . = ALIGN (0x4)
                0x0000000008006fe0                PROVIDE (__preinit_array_start = .)
 *(.preinit_array*)
                0x0000000008006fe0                PROVIDE (__preinit_array_end = .)
                0x0000000008006fe0                . = ALIGN (0x4)

.init_array     0x0000000008006fe0        0x4
                0x0000000008006fe0                . = ALIGN (0x4)
                0x0000000008006fe0                PROVIDE (__init_array_start = .)
 *(SORT_BY_NAME(.init_array.*))
 *(.init_array*)
 .init_array    0x0000000008006fe0        0x4 /home/sean/Applications/STM32_CUBE_IDE/plugins/com.st.stm32cube.ide.mcu.externaltools.gnu-tools-for-stm32.10.3-2021.10.linux64_1.0.0.202111181127/tools/bin/../lib/gcc/arm-none-eabi/10.3.1/thumb/v6-m/nofp/crtbegin.o
                0x0000000008006fe4                PROVIDE (__init_array_end = .)
                0x0000000008006fe4                . = ALIGN (0x4)

.fini_array     0x0000000008006fe4        0x4
                0x0000000008006fe4                . = ALIGN (0x4)
                [!provide]                        PROVIDE (__fini_array_start = .)
 *(SORT_BY_NAME(.fini_array.*))
 *(.fini_array*)
 .fini_array    0x0000000008006fe4        0x4 /home/sean/Applications/STM32_CUBE_IDE/plugins/com.st.stm32cube.ide.mcu.externaltools.gnu-tools-for-stm32.10.3-2021.10.linux64_1.0.0.202111181127/tools/bin/../lib/gcc/arm-none-eabi/10.3.1/thumb/v6-m/nofp/crtbegin.o
                [!provide]                        PROVIDE (__fini_array_end = .)
                0x0000000008006fe8                . = ALIGN (0x4)
                0x0000000008006fe8                _sidata = LOADADDR (.data)

.data           0x0000000020000000      0x120 load address 0x0000000008006fe8
                0x0000000020000000                . = ALIGN (0x4)
                0x0000000020000000                _sdata = .
 *(.data)
 *(.data*)
 .data.globalPacket
                0x0000000020000000        0x8 ./Core/CommonLibraries/AFlibrary/Src/afFieldProtocol.o
                0x0000000020000000                globalPacket
 .data.debugFieldMetaData
                0x0000000020000008        0xc ./Core/CommonLibraries/AFlibrary/Src/debugComponent.o
 .data.debugFieldTable
                0x0000000020000014       0x60 ./Core/CommonLibraries/AFlibrary/Src/debugComponent.o
                0x0000000020000014                debugFieldTable
 .data.one      0x0000000020000074        0x1 ./Core/CommonLibraries/AFlibrary/Src/debugComponent.o
 *fill*         0x0000000020000075        0x3 
 .data.humidityMetaData
                0x0000000020000078       0x14 ./Core/CommonLibraries/AFlibrary/Src/thp.o
 .data.pressureMetaData
                0x000000002000008c       0x14 ./Core/CommonLibraries/AFlibrary/Src/thp.o
 .data.temperatureMetaData
                0x00000000200000a0       0x14 ./Core/CommonLibraries/AFlibrary/Src/thp.o
 .data.thpFieldTable
                0x00000000200000b4       0x60 ./Core/CommonLibraries/AFlibrary/Src/thp.o
                0x00000000200000b4                thpFieldTable
 .data.SystemCoreClock
                0x0000000020000114        0x4 ./Core/Src/system_stm32f0xx.o
                0x0000000020000114                SystemCoreClock
 .data.uwTickFreq
                0x0000000020000118        0x1 ./Drivers/STM32F0xx_HAL_Driver/Src/stm32f0xx_hal.o
                0x0000000020000118                uwTickFreq
 *fill*         0x0000000020000119        0x3 
 .data.uwTickPrio
                0x000000002000011c        0x4 ./Drivers/STM32F0xx_HAL_Driver/Src/stm32f0xx_hal.o
                0x000000002000011c                uwTickPrio
                0x0000000020000120                . = ALIGN (0x4)
                0x0000000020000120                _edata = .

.igot.plt       0x0000000020000120        0x0 load address 0x0000000008007108
 .igot.plt      0x0000000020000120        0x0 /home/sean/Applications/STM32_CUBE_IDE/plugins/com.st.stm32cube.ide.mcu.externaltools.gnu-tools-for-stm32.10.3-2021.10.linux64_1.0.0.202111181127/tools/bin/../lib/gcc/arm-none-eabi/10.3.1/thumb/v6-m/nofp/crtbegin.o
                0x0000000020000120                . = ALIGN (0x4)

.bss            0x0000000020000120      0xab8 load address 0x0000000008007108
                0x0000000020000120                _sbss = .
                0x0000000020000120                __bss_start__ = _sbss
 *(.bss)
 .bss           0x0000000020000120       0x1c /home/sean/Applications/STM32_CUBE_IDE/plugins/com.st.stm32cube.ide.mcu.externaltools.gnu-tools-for-stm32.10.3-2021.10.linux64_1.0.0.202111181127/tools/bin/../lib/gcc/arm-none-eabi/10.3.1/thumb/v6-m/nofp/crtbegin.o
 *(.bss*)
 .bss.initialised
                0x000000002000013c        0x1 ./Core/App/Src/app.o
                0x000000002000013c                initialised
 *fill*         0x000000002000013d        0x3 
 .bss.CExceptionFrames
                0x0000000020000140       0x20 ./Core/CommonLibraries/AFlibrary/Src/CException.o
                0x0000000020000140                CExceptionFrames
 .bss.threadStack
                0x0000000020000160        0x4 ./Core/CommonLibraries/AFlibrary/Src/CExceptionConfig.o
                0x0000000020000160                threadStack
 .bss.threadStackIndex
                0x0000000020000164        0x1 ./Core/CommonLibraries/AFlibrary/Src/CExceptionConfig.o
                0x0000000020000164                threadStackIndex
 *fill*         0x0000000020000165        0x3 
 .bss.assertBuffer
                0x0000000020000168       0x32 ./Core/CommonLibraries/AFlibrary/Src/afException.o
                0x0000000020000168                assertBuffer
 .bss.assertBufferIndex
                0x000000002000019a        0x2 ./Core/CommonLibraries/AFlibrary/Src/afException.o
                0x000000002000019a                assertBufferIndex
 .bss.assertCount
                0x000000002000019c        0x2 ./Core/CommonLibraries/AFlibrary/Src/afException.o
                0x000000002000019c                assertCount
 *fill*         0x000000002000019e        0x2 
 .bss.componentTableSizes
                0x00000000200001a0       0x28 ./Core/CommonLibraries/AFlibrary/Src/afFieldProtocol.o
                0x00000000200001a0                componentTableSizes
 .bss.componentTables
                0x00000000200001c8       0x28 ./Core/CommonLibraries/AFlibrary/Src/afFieldProtocol.o
                0x00000000200001c8                componentTables
 .bss.fieldInfo.0
                0x00000000200001f0        0x4 ./Core/CommonLibraries/AFlibrary/Src/afFieldProtocol.o
 .bss.globalPacketData
                0x00000000200001f4      0x100 ./Core/CommonLibraries/AFlibrary/Src/afFieldProtocol.o
                0x00000000200001f4                globalPacketData
 .bss.numComponents
                0x00000000200002f4        0x1 ./Core/CommonLibraries/AFlibrary/Src/afFieldProtocol.o
                0x00000000200002f4                numComponents
 *fill*         0x00000000200002f5        0x3 
 .bss.canDrv    0x00000000200002f8      0x720 ./Core/CommonLibraries/AFlibrary/Src/can.o
 .bss.lastRxOverflowCount.4
                0x0000000020000a18        0x4 ./Core/CommonLibraries/AFlibrary/Src/can.o
 .bss.lastRxTidErrorCount.3
                0x0000000020000a1c        0x4 ./Core/CommonLibraries/AFlibrary/Src/can.o
 .bss.startedAtSec.7
                0x0000000020000a20        0x4 ./Core/CommonLibraries/AFlibrary/Src/can.o
 *fill*         0x0000000020000a24        0x4 
 .bss.timeoutTime.6
                0x0000000020000a28        0x8 ./Core/CommonLibraries/AFlibrary/Src/can.o
 .bss.transferId.0
                0x0000000020000a30        0x1 ./Core/CommonLibraries/AFlibrary/Src/can.o
 .bss.transferId.5
                0x0000000020000a31        0x1 ./Core/CommonLibraries/AFlibrary/Src/can.o
 .bss.transferId.8
                0x0000000020000a32        0x1 ./Core/CommonLibraries/AFlibrary/Src/can.o
 .bss.transfer_id.2
                0x0000000020000a33        0x1 ./Core/CommonLibraries/AFlibrary/Src/can.o
 .bss.next.0    0x0000000020000a34        0x4 ./Core/CommonLibraries/AFlibrary/Src/debugComponent.o
 .bss.rdpLevel  0x0000000020000a38        0x4 ./Core/CommonLibraries/AFlibrary/Src/debugComponent.o
                0x0000000020000a38                rdpLevel
 .bss.lastTick.0
                0x0000000020000a3c        0x4 ./Core/CommonLibraries/AFlibrary/Src/thp.o
 .bss.thpDrv    0x0000000020000a40       0x5c ./Core/CommonLibraries/AFlibrary/Src/thp.o
 .bss.zero      0x0000000020000a9c        0x1 ./Core/CommonLibraries/AFlibrary/Src/thp.o
 .bss.g_abort_tx_on_error
                0x0000000020000a9d        0x1 ./Core/CommonLibraries/libcanard/src/canard_stm32.o
 .bss.g_abort_tx_on_nack
                0x0000000020000a9e        0x1 ./Core/CommonLibraries/libcanard/src/canard_stm32.o
 *fill*         0x0000000020000a9f        0x1 
 .bss.g_stats   0x0000000020000aa0       0x10 ./Core/CommonLibraries/libcanard/src/canard_stm32.o
 .bss.hcan      0x0000000020000ab0       0x28 ./Core/Src/main.o
                0x0000000020000ab0                hcan
 .bss.hi2c1     0x0000000020000ad8       0x4c ./Core/Src/main.o
                0x0000000020000ad8                hi2c1
 .bss.htim16    0x0000000020000b24       0x48 ./Core/Src/main.o
                0x0000000020000b24                htim16
 .bss.htim17    0x0000000020000b6c       0x48 ./Core/Src/main.o
                0x0000000020000b6c                htim17
 .bss.uwTick    0x0000000020000bb4        0x4 ./Drivers/STM32F0xx_HAL_Driver/Src/stm32f0xx_hal.o
                0x0000000020000bb4                uwTick
 .bss.pFlash    0x0000000020000bb8       0x20 ./Drivers/STM32F0xx_HAL_Driver/Src/stm32f0xx_hal_flash.o
                0x0000000020000bb8                pFlash
 *(COMMON)
                0x0000000020000bd8                . = ALIGN (0x4)
                0x0000000020000bd8                _ebss = .
                0x0000000020000bd8                __bss_end__ = _ebss

._user_heap_stack
                0x0000000020000bd8      0x600 load address 0x0000000008007108
                0x0000000020000bd8                . = ALIGN (0x8)
                0x0000000020000bd8                PROVIDE (end = .)
                [!provide]                        PROVIDE (_end = .)
                0x0000000020000dd8                . = (. + _Min_Heap_Size)
 *fill*         0x0000000020000bd8      0x200 
                0x00000000200011d8                . = (. + _Min_Stack_Size)
 *fill*         0x0000000020000dd8      0x400 
                0x00000000200011d8                . = ALIGN (0x8)

/DISCARD/
 libc.a(*)
 libm.a(*)
 libgcc.a(*)

.ARM.attributes
                0x0000000000000000       0x28
 *(.ARM.attributes)
 .ARM.attributes
                0x0000000000000000       0x1e /home/sean/Applications/STM32_CUBE_IDE/plugins/com.st.stm32cube.ide.mcu.externaltools.gnu-tools-for-stm32.10.3-2021.10.linux64_1.0.0.202111181127/tools/bin/../lib/gcc/arm-none-eabi/10.3.1/thumb/v6-m/nofp/crti.o
 .ARM.attributes
                0x000000000000001e       0x2c /home/sean/Applications/STM32_CUBE_IDE/plugins/com.st.stm32cube.ide.mcu.externaltools.gnu-tools-for-stm32.10.3-2021.10.linux64_1.0.0.202111181127/tools/bin/../lib/gcc/arm-none-eabi/10.3.1/thumb/v6-m/nofp/crtbegin.o
 .ARM.attributes
                0x000000000000004a       0x2c ./Core/App/Src/app.o
 .ARM.attributes
                0x0000000000000076       0x2c ./Core/CommonLibraries/AFlibrary/Src/CException.o
 .ARM.attributes
                0x00000000000000a2       0x2c ./Core/CommonLibraries/AFlibrary/Src/CExceptionConfig.o
 .ARM.attributes
                0x00000000000000ce       0x2c ./Core/CommonLibraries/AFlibrary/Src/afException.o
 .ARM.attributes
                0x00000000000000fa       0x2c ./Core/CommonLibraries/AFlibrary/Src/afFieldProtocol.o
 .ARM.attributes
                0x0000000000000126       0x2c ./Core/CommonLibraries/AFlibrary/Src/bme280.o
 .ARM.attributes
                0x0000000000000152       0x2c ./Core/CommonLibraries/AFlibrary/Src/can.o
 .ARM.attributes
                0x000000000000017e       0x2c ./Core/CommonLibraries/AFlibrary/Src/debugComponent.o
 .ARM.attributes
                0x00000000000001aa       0x2c ./Core/CommonLibraries/AFlibrary/Src/thp.o
 .ARM.attributes
                0x00000000000001d6       0x2c ./Core/CommonLibraries/AFlibrary/Src/useful.o
 .ARM.attributes
                0x0000000000000202       0x2c ./Core/CommonLibraries/libcanard/src/canard.o
 .ARM.attributes
                0x000000000000022e       0x2c ./Core/CommonLibraries/libcanard/src/canard_stm32.o
 .ARM.attributes
                0x000000000000025a       0x2c ./Core/Src/main.o
 .ARM.attributes
                0x0000000000000286       0x2c ./Core/Src/stm32f0xx_hal_msp.o
 .ARM.attributes
                0x00000000000002b2       0x2c ./Core/Src/stm32f0xx_it.o
 .ARM.attributes
                0x00000000000002de       0x2c ./Core/Src/system_stm32f0xx.o
 .ARM.attributes
                0x000000000000030a       0x21 ./Core/Startup/startup_stm32f042f6px.o
 .ARM.attributes
                0x000000000000032b       0x2c ./Drivers/STM32F0xx_HAL_Driver/Src/stm32f0xx_hal.o
 .ARM.attributes
                0x0000000000000357       0x2c ./Drivers/STM32F0xx_HAL_Driver/Src/stm32f0xx_hal_cortex.o
 .ARM.attributes
                0x0000000000000383       0x2c ./Drivers/STM32F0xx_HAL_Driver/Src/stm32f0xx_hal_flash.o
 .ARM.attributes
                0x00000000000003af       0x2c ./Drivers/STM32F0xx_HAL_Driver/Src/stm32f0xx_hal_flash_ex.o
 .ARM.attributes
                0x00000000000003db       0x2c ./Drivers/STM32F0xx_HAL_Driver/Src/stm32f0xx_hal_gpio.o
 .ARM.attributes
                0x0000000000000407       0x2c ./Drivers/STM32F0xx_HAL_Driver/Src/stm32f0xx_hal_i2c.o
 .ARM.attributes
                0x0000000000000433       0x2c ./Drivers/STM32F0xx_HAL_Driver/Src/stm32f0xx_hal_i2c_ex.o
 .ARM.attributes
                0x000000000000045f       0x2c ./Drivers/STM32F0xx_HAL_Driver/Src/stm32f0xx_hal_rcc.o
 .ARM.attributes
                0x000000000000048b       0x2c ./Drivers/STM32F0xx_HAL_Driver/Src/stm32f0xx_hal_rcc_ex.o
 .ARM.attributes
                0x00000000000004b7       0x2c ./Drivers/STM32F0xx_HAL_Driver/Src/stm32f0xx_hal_tim.o
 .ARM.attributes
                0x00000000000004e3       0x2c ./Drivers/STM32F0xx_HAL_Driver/Src/stm32f0xx_hal_tim_ex.o
 .ARM.attributes
                0x000000000000050f       0x2c /home/sean/Applications/STM32_CUBE_IDE/plugins/com.st.stm32cube.ide.mcu.externaltools.gnu-tools-for-stm32.10.3-2021.10.linux64_1.0.0.202111181127/tools/bin/../lib/gcc/arm-none-eabi/10.3.1/../../../../arm-none-eabi/lib/thumb/v6-m/nofp/libc_nano.a(lib_a-init.o)
 .ARM.attributes
                0x000000000000053b       0x2c /home/sean/Applications/STM32_CUBE_IDE/plugins/com.st.stm32cube.ide.mcu.externaltools.gnu-tools-for-stm32.10.3-2021.10.linux64_1.0.0.202111181127/tools/bin/../lib/gcc/arm-none-eabi/10.3.1/../../../../arm-none-eabi/lib/thumb/v6-m/nofp/libc_nano.a(lib_a-memcmp.o)
 .ARM.attributes
                0x0000000000000567       0x2c /home/sean/Applications/STM32_CUBE_IDE/plugins/com.st.stm32cube.ide.mcu.externaltools.gnu-tools-for-stm32.10.3-2021.10.linux64_1.0.0.202111181127/tools/bin/../lib/gcc/arm-none-eabi/10.3.1/../../../../arm-none-eabi/lib/thumb/v6-m/nofp/libc_nano.a(lib_a-memcpy-stub.o)
 .ARM.attributes
                0x0000000000000593       0x2c /home/sean/Applications/STM32_CUBE_IDE/plugins/com.st.stm32cube.ide.mcu.externaltools.gnu-tools-for-stm32.10.3-2021.10.linux64_1.0.0.202111181127/tools/bin/../lib/gcc/arm-none-eabi/10.3.1/../../../../arm-none-eabi/lib/thumb/v6-m/nofp/libc_nano.a(lib_a-memset.o)
 .ARM.attributes
                0x00000000000005bf       0x1c /home/sean/Applications/STM32_CUBE_IDE/plugins/com.st.stm32cube.ide.mcu.externaltools.gnu-tools-for-stm32.10.3-2021.10.linux64_1.0.0.202111181127/tools/bin/../lib/gcc/arm-none-eabi/10.3.1/../../../../arm-none-eabi/lib/thumb/v6-m/nofp/libc_nano.a(lib_a-setjmp.o)
 .ARM.attributes
                0x00000000000005db       0x1c /home/sean/Applications/STM32_CUBE_IDE/plugins/com.st.stm32cube.ide.mcu.externaltools.gnu-tools-for-stm32.10.3-2021.10.linux64_1.0.0.202111181127/tools/bin/../lib/gcc/arm-none-eabi/10.3.1/../../../../arm-none-eabi/lib/thumb/v6-m/nofp/libc_nano.a(lib_a-strlen.o)
 .ARM.attributes
                0x00000000000005f7       0x1e /home/sean/Applications/STM32_CUBE_IDE/plugins/com.st.stm32cube.ide.mcu.externaltools.gnu-tools-for-stm32.10.3-2021.10.linux64_1.0.0.202111181127/tools/bin/../lib/gcc/arm-none-eabi/10.3.1/thumb/v6-m/nofp/libgcc.a(_udivsi3.o)
 .ARM.attributes
                0x0000000000000615       0x1e /home/sean/Applications/STM32_CUBE_IDE/plugins/com.st.stm32cube.ide.mcu.externaltools.gnu-tools-for-stm32.10.3-2021.10.linux64_1.0.0.202111181127/tools/bin/../lib/gcc/arm-none-eabi/10.3.1/thumb/v6-m/nofp/libgcc.a(_divsi3.o)
 .ARM.attributes
                0x0000000000000633       0x1e /home/sean/Applications/STM32_CUBE_IDE/plugins/com.st.stm32cube.ide.mcu.externaltools.gnu-tools-for-stm32.10.3-2021.10.linux64_1.0.0.202111181127/tools/bin/../lib/gcc/arm-none-eabi/10.3.1/thumb/v6-m/nofp/libgcc.a(_dvmd_tls.o)
 .ARM.attributes
                0x0000000000000651       0x1e /home/sean/Applications/STM32_CUBE_IDE/plugins/com.st.stm32cube.ide.mcu.externaltools.gnu-tools-for-stm32.10.3-2021.10.linux64_1.0.0.202111181127/tools/bin/../lib/gcc/arm-none-eabi/10.3.1/thumb/v6-m/nofp/libgcc.a(_aeabi_ldivmod.o)
 .ARM.attributes
                0x000000000000066f       0x1e /home/sean/Applications/STM32_CUBE_IDE/plugins/com.st.stm32cube.ide.mcu.externaltools.gnu-tools-for-stm32.10.3-2021.10.linux64_1.0.0.202111181127/tools/bin/../lib/gcc/arm-none-eabi/10.3.1/thumb/v6-m/nofp/libgcc.a(_aeabi_uldivmod.o)
 .ARM.attributes
                0x000000000000068d       0x2c /home/sean/Applications/STM32_CUBE_IDE/plugins/com.st.stm32cube.ide.mcu.externaltools.gnu-tools-for-stm32.10.3-2021.10.linux64_1.0.0.202111181127/tools/bin/../lib/gcc/arm-none-eabi/10.3.1/thumb/v6-m/nofp/libgcc.a(_muldi3.o)
 .ARM.attributes
                0x00000000000006b9       0x2c /home/sean/Applications/STM32_CUBE_IDE/plugins/com.st.stm32cube.ide.mcu.externaltools.gnu-tools-for-stm32.10.3-2021.10.linux64_1.0.0.202111181127/tools/bin/../lib/gcc/arm-none-eabi/10.3.1/thumb/v6-m/nofp/libgcc.a(_udivmoddi4.o)
 .ARM.attributes
                0x00000000000006e5       0x2c /home/sean/Applications/STM32_CUBE_IDE/plugins/com.st.stm32cube.ide.mcu.externaltools.gnu-tools-for-stm32.10.3-2021.10.linux64_1.0.0.202111181127/tools/bin/../lib/gcc/arm-none-eabi/10.3.1/thumb/v6-m/nofp/libgcc.a(bpabi.o)
 .ARM.attributes
                0x0000000000000711       0x2c /home/sean/Applications/STM32_CUBE_IDE/plugins/com.st.stm32cube.ide.mcu.externaltools.gnu-tools-for-stm32.10.3-2021.10.linux64_1.0.0.202111181127/tools/bin/../lib/gcc/arm-none-eabi/10.3.1/thumb/v6-m/nofp/libgcc.a(divsf3.o)
 .ARM.attributes
                0x000000000000073d       0x2c /home/sean/Applications/STM32_CUBE_IDE/plugins/com.st.stm32cube.ide.mcu.externaltools.gnu-tools-for-stm32.10.3-2021.10.linux64_1.0.0.202111181127/tools/bin/../lib/gcc/arm-none-eabi/10.3.1/thumb/v6-m/nofp/libgcc.a(floatsisf.o)
 .ARM.attributes
                0x0000000000000769       0x2c /home/sean/Applications/STM32_CUBE_IDE/plugins/com.st.stm32cube.ide.mcu.externaltools.gnu-tools-for-stm32.10.3-2021.10.linux64_1.0.0.202111181127/tools/bin/../lib/gcc/arm-none-eabi/10.3.1/thumb/v6-m/nofp/libgcc.a(floatunsisf.o)
 .ARM.attributes
                0x0000000000000795       0x1e /home/sean/Applications/STM32_CUBE_IDE/plugins/com.st.stm32cube.ide.mcu.externaltools.gnu-tools-for-stm32.10.3-2021.10.linux64_1.0.0.202111181127/tools/bin/../lib/gcc/arm-none-eabi/10.3.1/thumb/v6-m/nofp/libgcc.a(_clzsi2.o)
 .ARM.attributes
                0x00000000000007b3       0x1e /home/sean/Applications/STM32_CUBE_IDE/plugins/com.st.stm32cube.ide.mcu.externaltools.gnu-tools-for-stm32.10.3-2021.10.linux64_1.0.0.202111181127/tools/bin/../lib/gcc/arm-none-eabi/10.3.1/thumb/v6-m/nofp/libgcc.a(_clzdi2.o)
 .ARM.attributes
                0x00000000000007d1       0x2c /home/sean/Applications/STM32_CUBE_IDE/plugins/com.st.stm32cube.ide.mcu.externaltools.gnu-tools-for-stm32.10.3-2021.10.linux64_1.0.0.202111181127/tools/bin/../lib/gcc/arm-none-eabi/10.3.1/thumb/v6-m/nofp/libgcc.a(_divdi3.o)
 .ARM.attributes
                0x00000000000007fd       0x1e /home/sean/Applications/STM32_CUBE_IDE/plugins/com.st.stm32cube.ide.mcu.externaltools.gnu-tools-for-stm32.10.3-2021.10.linux64_1.0.0.202111181127/tools/bin/../lib/gcc/arm-none-eabi/10.3.1/thumb/v6-m/nofp/crtn.o
OUTPUT(THP.elf elf32-littlearm)
LOAD linker stubs
LOAD /home/sean/Applications/STM32_CUBE_IDE/plugins/com.st.stm32cube.ide.mcu.externaltools.gnu-tools-for-stm32.10.3-2021.10.linux64_1.0.0.202111181127/tools/bin/../lib/gcc/arm-none-eabi/10.3.1/../../../../arm-none-eabi/lib/thumb/v6-m/nofp/libc.a
LOAD /home/sean/Applications/STM32_CUBE_IDE/plugins/com.st.stm32cube.ide.mcu.externaltools.gnu-tools-for-stm32.10.3-2021.10.linux64_1.0.0.202111181127/tools/bin/../lib/gcc/arm-none-eabi/10.3.1/../../../../arm-none-eabi/lib/thumb/v6-m/nofp/libm.a
LOAD /home/sean/Applications/STM32_CUBE_IDE/plugins/com.st.stm32cube.ide.mcu.externaltools.gnu-tools-for-stm32.10.3-2021.10.linux64_1.0.0.202111181127/tools/bin/../lib/gcc/arm-none-eabi/10.3.1/thumb/v6-m/nofp/libgcc.a

.debug_info     0x0000000000000000    0x1dbcf
 .debug_info    0x0000000000000000     0x1263 ./Core/App/Src/app.o
 .debug_info    0x0000000000001263      0x1b2 ./Core/CommonLibraries/AFlibrary/Src/CException.o
 .debug_info    0x0000000000001415       0xd3 ./Core/CommonLibraries/AFlibrary/Src/CExceptionConfig.o
 .debug_info    0x00000000000014e8      0x262 ./Core/CommonLibraries/AFlibrary/Src/afException.o
 .debug_info    0x000000000000174a     0x16dd ./Core/CommonLibraries/AFlibrary/Src/afFieldProtocol.o
 .debug_info    0x0000000000002e27     0x1b21 ./Core/CommonLibraries/AFlibrary/Src/bme280.o
 .debug_info    0x0000000000004948     0x2d6b ./Core/CommonLibraries/AFlibrary/Src/can.o
 .debug_info    0x00000000000076b3      0x652 ./Core/CommonLibraries/AFlibrary/Src/debugComponent.o
 .debug_info    0x0000000000007d05     0x119d ./Core/CommonLibraries/AFlibrary/Src/thp.o
 .debug_info    0x0000000000008ea2      0xd52 ./Core/CommonLibraries/AFlibrary/Src/useful.o
 .debug_info    0x0000000000009bf4     0x29d3 ./Core/CommonLibraries/libcanard/src/canard.o
 .debug_info    0x000000000000c5c7      0xbca ./Core/CommonLibraries/libcanard/src/canard_stm32.o
 .debug_info    0x000000000000d191     0x1373 ./Core/Src/main.o
 .debug_info    0x000000000000e504     0x1428 ./Core/Src/stm32f0xx_hal_msp.o
 .debug_info    0x000000000000f92c      0x6ef ./Core/Src/stm32f0xx_it.o
 .debug_info    0x000000000001001b      0x2a1 ./Core/Src/system_stm32f0xx.o
 .debug_info    0x00000000000102bc       0x22 ./Core/Startup/startup_stm32f042f6px.o
 .debug_info    0x00000000000102de      0x779 ./Drivers/STM32F0xx_HAL_Driver/Src/stm32f0xx_hal.o
 .debug_info    0x0000000000010a57      0x84a ./Drivers/STM32F0xx_HAL_Driver/Src/stm32f0xx_hal_cortex.o
 .debug_info    0x00000000000112a1      0x677 ./Drivers/STM32F0xx_HAL_Driver/Src/stm32f0xx_hal_flash.o
 .debug_info    0x0000000000011918      0x999 ./Drivers/STM32F0xx_HAL_Driver/Src/stm32f0xx_hal_flash_ex.o
 .debug_info    0x00000000000122b1      0x668 ./Drivers/STM32F0xx_HAL_Driver/Src/stm32f0xx_hal_gpio.o
 .debug_info    0x0000000000012919     0x3fb2 ./Drivers/STM32F0xx_HAL_Driver/Src/stm32f0xx_hal_i2c.o
 .debug_info    0x00000000000168cb      0x8c5 ./Drivers/STM32F0xx_HAL_Driver/Src/stm32f0xx_hal_i2c_ex.o
 .debug_info    0x0000000000017190      0xae0 ./Drivers/STM32F0xx_HAL_Driver/Src/stm32f0xx_hal_rcc.o
 .debug_info    0x0000000000017c70      0x72e ./Drivers/STM32F0xx_HAL_Driver/Src/stm32f0xx_hal_rcc_ex.o
 .debug_info    0x000000000001839e     0x3d37 ./Drivers/STM32F0xx_HAL_Driver/Src/stm32f0xx_hal_tim.o
 .debug_info    0x000000000001c0d5     0x1afa ./Drivers/STM32F0xx_HAL_Driver/Src/stm32f0xx_hal_tim_ex.o

.debug_abbrev   0x0000000000000000     0x40bf
 .debug_abbrev  0x0000000000000000      0x35f ./Core/App/Src/app.o
 .debug_abbrev  0x000000000000035f      0x12e ./Core/CommonLibraries/AFlibrary/Src/CException.o
 .debug_abbrev  0x000000000000048d       0x82 ./Core/CommonLibraries/AFlibrary/Src/CExceptionConfig.o
 .debug_abbrev  0x000000000000050f      0x157 ./Core/CommonLibraries/AFlibrary/Src/afException.o
 .debug_abbrev  0x0000000000000666      0x374 ./Core/CommonLibraries/AFlibrary/Src/afFieldProtocol.o
 .debug_abbrev  0x00000000000009da      0x264 ./Core/CommonLibraries/AFlibrary/Src/bme280.o
 .debug_abbrev  0x0000000000000c3e      0x54f ./Core/CommonLibraries/AFlibrary/Src/can.o
 .debug_abbrev  0x000000000000118d      0x22d ./Core/CommonLibraries/AFlibrary/Src/debugComponent.o
 .debug_abbrev  0x00000000000013ba      0x2b2 ./Core/CommonLibraries/AFlibrary/Src/thp.o
 .debug_abbrev  0x000000000000166c      0x237 ./Core/CommonLibraries/AFlibrary/Src/useful.o
 .debug_abbrev  0x00000000000018a3      0x40e ./Core/CommonLibraries/libcanard/src/canard.o
 .debug_abbrev  0x0000000000001cb1      0x2ff ./Core/CommonLibraries/libcanard/src/canard_stm32.o
 .debug_abbrev  0x0000000000001fb0      0x2ce ./Core/Src/main.o
 .debug_abbrev  0x000000000000227e      0x24f ./Core/Src/stm32f0xx_hal_msp.o
 .debug_abbrev  0x00000000000024cd      0x191 ./Core/Src/stm32f0xx_it.o
 .debug_abbrev  0x000000000000265e      0x134 ./Core/Src/system_stm32f0xx.o
 .debug_abbrev  0x0000000000002792       0x12 ./Core/Startup/startup_stm32f042f6px.o
 .debug_abbrev  0x00000000000027a4      0x268 ./Drivers/STM32F0xx_HAL_Driver/Src/stm32f0xx_hal.o
 .debug_abbrev  0x0000000000002a0c      0x296 ./Drivers/STM32F0xx_HAL_Driver/Src/stm32f0xx_hal_cortex.o
 .debug_abbrev  0x0000000000002ca2      0x257 ./Drivers/STM32F0xx_HAL_Driver/Src/stm32f0xx_hal_flash.o
 .debug_abbrev  0x0000000000002ef9      0x240 ./Drivers/STM32F0xx_HAL_Driver/Src/stm32f0xx_hal_flash_ex.o
 .debug_abbrev  0x0000000000003139      0x1e9 ./Drivers/STM32F0xx_HAL_Driver/Src/stm32f0xx_hal_gpio.o
 .debug_abbrev  0x0000000000003322      0x28a ./Drivers/STM32F0xx_HAL_Driver/Src/stm32f0xx_hal_i2c.o
 .debug_abbrev  0x00000000000035ac      0x1b6 ./Drivers/STM32F0xx_HAL_Driver/Src/stm32f0xx_hal_i2c_ex.o
 .debug_abbrev  0x0000000000003762      0x298 ./Drivers/STM32F0xx_HAL_Driver/Src/stm32f0xx_hal_rcc.o
 .debug_abbrev  0x00000000000039fa      0x205 ./Drivers/STM32F0xx_HAL_Driver/Src/stm32f0xx_hal_rcc_ex.o
 .debug_abbrev  0x0000000000003bff      0x263 ./Drivers/STM32F0xx_HAL_Driver/Src/stm32f0xx_hal_tim.o
 .debug_abbrev  0x0000000000003e62      0x25d ./Drivers/STM32F0xx_HAL_Driver/Src/stm32f0xx_hal_tim_ex.o

.debug_loc      0x0000000000000000    0x1982d
 .debug_loc     0x0000000000000000       0xdc ./Core/App/Src/app.o
 .debug_loc     0x00000000000000dc       0x48 ./Core/CommonLibraries/AFlibrary/Src/CException.o
 .debug_loc     0x0000000000000124       0x79 ./Core/CommonLibraries/AFlibrary/Src/afException.o
 .debug_loc     0x000000000000019d     0x1468 ./Core/CommonLibraries/AFlibrary/Src/afFieldProtocol.o
 .debug_loc     0x0000000000001605     0x2b22 ./Core/CommonLibraries/AFlibrary/Src/bme280.o
 .debug_loc     0x0000000000004127     0x1ce7 ./Core/CommonLibraries/AFlibrary/Src/can.o
 .debug_loc     0x0000000000005e0e      0x14a ./Core/CommonLibraries/AFlibrary/Src/debugComponent.o
 .debug_loc     0x0000000000005f58      0x2f3 ./Core/CommonLibraries/AFlibrary/Src/thp.o
 .debug_loc     0x000000000000624b      0xfc6 ./Core/CommonLibraries/AFlibrary/Src/useful.o
 .debug_loc     0x0000000000007211     0x32a0 ./Core/CommonLibraries/libcanard/src/canard.o
 .debug_loc     0x000000000000a4b1      0x991 ./Core/CommonLibraries/libcanard/src/canard_stm32.o
 .debug_loc     0x000000000000ae42      0x1d0 ./Core/Src/stm32f0xx_hal_msp.o
 .debug_loc     0x000000000000b012      0x168 ./Core/Src/system_stm32f0xx.o
 .debug_loc     0x000000000000b17a      0x141 ./Drivers/STM32F0xx_HAL_Driver/Src/stm32f0xx_hal.o
 .debug_loc     0x000000000000b2bb      0x433 ./Drivers/STM32F0xx_HAL_Driver/Src/stm32f0xx_hal_cortex.o
 .debug_loc     0x000000000000b6ee      0x383 ./Drivers/STM32F0xx_HAL_Driver/Src/stm32f0xx_hal_flash.o
 .debug_loc     0x000000000000ba71      0x6d5 ./Drivers/STM32F0xx_HAL_Driver/Src/stm32f0xx_hal_flash_ex.o
 .debug_loc     0x000000000000c146      0x388 ./Drivers/STM32F0xx_HAL_Driver/Src/stm32f0xx_hal_gpio.o
 .debug_loc     0x000000000000c4ce     0x4abb ./Drivers/STM32F0xx_HAL_Driver/Src/stm32f0xx_hal_i2c.o
 .debug_loc     0x0000000000010f89      0x210 ./Drivers/STM32F0xx_HAL_Driver/Src/stm32f0xx_hal_i2c_ex.o
 .debug_loc     0x0000000000011199      0x6b4 ./Drivers/STM32F0xx_HAL_Driver/Src/stm32f0xx_hal_rcc.o
 .debug_loc     0x000000000001184d      0x7ca ./Drivers/STM32F0xx_HAL_Driver/Src/stm32f0xx_hal_rcc_ex.o
 .debug_loc     0x0000000000012017     0x55cb ./Drivers/STM32F0xx_HAL_Driver/Src/stm32f0xx_hal_tim.o
 .debug_loc     0x00000000000175e2     0x224b ./Drivers/STM32F0xx_HAL_Driver/Src/stm32f0xx_hal_tim_ex.o

.debug_aranges  0x0000000000000000     0x1408
 .debug_aranges
                0x0000000000000000       0x58 ./Core/App/Src/app.o
 .debug_aranges
                0x0000000000000058       0x20 ./Core/CommonLibraries/AFlibrary/Src/CException.o
 .debug_aranges
                0x0000000000000078       0x18 ./Core/CommonLibraries/AFlibrary/Src/CExceptionConfig.o
 .debug_aranges
                0x0000000000000090       0x28 ./Core/CommonLibraries/AFlibrary/Src/afException.o
 .debug_aranges
                0x00000000000000b8       0xb0 ./Core/CommonLibraries/AFlibrary/Src/afFieldProtocol.o
 .debug_aranges
                0x0000000000000168      0x120 ./Core/CommonLibraries/AFlibrary/Src/bme280.o
 .debug_aranges
                0x0000000000000288      0x168 ./Core/CommonLibraries/AFlibrary/Src/can.o
 .debug_aranges
                0x00000000000003f0       0x40 ./Core/CommonLibraries/AFlibrary/Src/debugComponent.o
 .debug_aranges
                0x0000000000000430       0x48 ./Core/CommonLibraries/AFlibrary/Src/thp.o
 .debug_aranges
                0x0000000000000478       0xa8 ./Core/CommonLibraries/AFlibrary/Src/useful.o
 .debug_aranges
                0x0000000000000520      0x168 ./Core/CommonLibraries/libcanard/src/canard.o
 .debug_aranges
                0x0000000000000688       0x70 ./Core/CommonLibraries/libcanard/src/canard_stm32.o
 .debug_aranges
                0x00000000000006f8       0x58 ./Core/Src/main.o
 .debug_aranges
                0x0000000000000750       0x50 ./Core/Src/stm32f0xx_hal_msp.o
 .debug_aranges
                0x00000000000007a0       0x50 ./Core/Src/stm32f0xx_it.o
 .debug_aranges
                0x00000000000007f0       0x28 ./Core/Src/system_stm32f0xx.o
 .debug_aranges
                0x0000000000000818       0x28 ./Core/Startup/startup_stm32f042f6px.o
 .debug_aranges
                0x0000000000000840       0xd0 ./Drivers/STM32F0xx_HAL_Driver/Src/stm32f0xx_hal.o
 .debug_aranges
                0x0000000000000910       0x78 ./Drivers/STM32F0xx_HAL_Driver/Src/stm32f0xx_hal_cortex.o
 .debug_aranges
                0x0000000000000988       0x88 ./Drivers/STM32F0xx_HAL_Driver/Src/stm32f0xx_hal_flash.o
 .debug_aranges
                0x0000000000000a10       0x98 ./Drivers/STM32F0xx_HAL_Driver/Src/stm32f0xx_hal_flash_ex.o
 .debug_aranges
                0x0000000000000aa8       0x58 ./Drivers/STM32F0xx_HAL_Driver/Src/stm32f0xx_hal_gpio.o
 .debug_aranges
                0x0000000000000b00      0x290 ./Drivers/STM32F0xx_HAL_Driver/Src/stm32f0xx_hal_i2c.o
 .debug_aranges
                0x0000000000000d90       0x48 ./Drivers/STM32F0xx_HAL_Driver/Src/stm32f0xx_hal_i2c_ex.o
 .debug_aranges
                0x0000000000000dd8       0x80 ./Drivers/STM32F0xx_HAL_Driver/Src/stm32f0xx_hal_rcc.o
 .debug_aranges
                0x0000000000000e58       0x78 ./Drivers/STM32F0xx_HAL_Driver/Src/stm32f0xx_hal_rcc_ex.o
 .debug_aranges
                0x0000000000000ed0      0x3d0 ./Drivers/STM32F0xx_HAL_Driver/Src/stm32f0xx_hal_tim.o
 .debug_aranges
                0x00000000000012a0      0x168 ./Drivers/STM32F0xx_HAL_Driver/Src/stm32f0xx_hal_tim_ex.o
