../Core/CommonLibraries/AFlibrary/Src/bme280.c:1025:13:fill_filter_settings	0	static
../Core/CommonLibraries/AFlibrary/Src/bme280.c:1034:13:fill_standby_settings	0	static
../Core/CommonLibraries/AFlibrary/Src/bme280.c:1043:13:fill_osr_press_settings	0	static
../Core/CommonLibraries/AFlibrary/Src/bme280.c:1052:13:fill_osr_temp_settings	0	static
../Core/CommonLibraries/AFlibrary/Src/bme280.c:1062:13:parse_device_settings	0	static
../Core/CommonLibraries/AFlibrary/Src/bme280.c:1265:16:compensate_temperature	12	static
../Core/CommonLibraries/AFlibrary/Src/bme280.c:1299:17:compensate_pressure	56	static
../Core/CommonLibraries/AFlibrary/Src/bme280.c:1412:17:compensate_humidity	16	static
../Core/CommonLibraries/AFlibrary/Src/bme280.c:1490:13:interleave_reg_addr	20	static
../Core/CommonLibraries/AFlibrary/Src/bme280.c:1505:13:parse_temp_press_calib_data	0	static
../Core/CommonLibraries/AFlibrary/Src/bme280.c:1528:13:parse_humidity_calib_data	8	static
../Core/CommonLibraries/AFlibrary/Src/bme280.c:1551:16:are_settings_changed	0	static
../Core/CommonLibraries/AFlibrary/Src/bme280.c:1573:15:null_ptr_check	0	static
../Core/CommonLibraries/AFlibrary/Src/bme280.c:458:8:bme280_get_regs	24	static
../Core/CommonLibraries/AFlibrary/Src/bme280.c:1452:15:get_calib_data	48	static
../Core/CommonLibraries/AFlibrary/Src/bme280.c:495:8:bme280_set_regs	56	static
../Core/CommonLibraries/AFlibrary/Src/bme280.c:926:15:set_osr_humidity_settings	16	static
../Core/CommonLibraries/AFlibrary/Src/bme280.c:959:15:set_osr_press_temp_settings	24	static
../Core/CommonLibraries/AFlibrary/Src/bme280.c:906:15:set_osr_settings	16	static
../Core/CommonLibraries/AFlibrary/Src/bme280.c:992:15:set_filter_standby_settings	24	static
../Core/CommonLibraries/AFlibrary/Src/bme280.c:1126:15:reload_device_settings	16	static
../Core/CommonLibraries/AFlibrary/Src/bme280.c:1074:15:write_power_mode	24	static
../Core/CommonLibraries/AFlibrary/Src/bme280.c:611:8:bme280_get_sensor_settings	24	static
../Core/CommonLibraries/AFlibrary/Src/bme280.c:669:8:bme280_get_sensor_mode	16	static
../Core/CommonLibraries/AFlibrary/Src/bme280.c:695:8:bme280_soft_reset	24	static
../Core/CommonLibraries/AFlibrary/Src/bme280.c:404:8:bme280_init	24	static
../Core/CommonLibraries/AFlibrary/Src/bme280.c:1100:15:put_device_to_sleep	24	static
../Core/CommonLibraries/AFlibrary/Src/bme280.c:566:8:bme280_set_sensor_settings	24	static
../Core/CommonLibraries/AFlibrary/Src/bme280.c:636:8:bme280_set_sensor_mode	24	static
../Core/CommonLibraries/AFlibrary/Src/bme280.c:781:6:bme280_parse_sensor_data	8	static
../Core/CommonLibraries/AFlibrary/Src/bme280.c:811:8:bme280_compensate_data	24	static
../Core/CommonLibraries/AFlibrary/Src/bme280.c:740:8:bme280_get_sensor_data	40	static
../Core/CommonLibraries/AFlibrary/Src/bme280.c:856:10:bme280_cal_meas_delay	16	static
