../Core/CommonLibraries/AFlibrary/Src/can.c:419:13:readUniqueID	32	static
../Core/CommonLibraries/AFlibrary/Src/can.c:908:13:record1HzStats	40	static
../Core/CommonLibraries/AFlibrary/Src/can.c:723:18:convertTransferToDataPtr	32	static
../Core/CommonLibraries/AFlibrary/Src/can.c:59:28:hookCanFrameTransmitted	0	static
../Core/CommonLibraries/AFlibrary/Src/can.c:60:28:hookCanFrameReceived	0	static
../Core/CommonLibraries/AFlibrary/Src/can.c:850:13:processUavCanFrames	56	static
/home/sean/Applications/STM32_CUBE_IDE/plugins/com.st.stm32cube.ide.mcu.externaltools.gnu-tools-for-stm32.10.3-2021.10.linux64_1.0.0.202111181127/tools/arm-none-eabi/include/sys/unistd.h:240:6:usleep	8	static
../Core/CommonLibraries/AFlibrary/Src/can.c:206:10:getMonotonicTimestampUSec	0	static
../Core/CommonLibraries/AFlibrary/Src/can.c:527:13:makeNodeStatusMessage	24	static
../Core/CommonLibraries/AFlibrary/Src/can.c:541:13:getNodeInfoResponse	32	static
../Core/CommonLibraries/AFlibrary/Src/can.c:427:13:handleNodeAllocationBroadcast	48	static
../Core/CommonLibraries/AFlibrary/Src/can.c:210:6:incrementTimestampUsec	12	static
../Core/CommonLibraries/AFlibrary/Src/can.c:214:10:getDataTypeSignature	8	static
../Core/CommonLibraries/AFlibrary/Src/can.c:296:16:canLocalOrRemoteRequestOrRespond	64	static
../Core/CommonLibraries/AFlibrary/Src/can.c:259:16:canLocalOrRemoteBroadcast	48	static
../Core/CommonLibraries/AFlibrary/Src/can.c:411:9:getLocalNodeId	8	static
../Core/CommonLibraries/AFlibrary/Src/can.c:391:16:canRespondToRequest	56	static
../Core/CommonLibraries/AFlibrary/Src/can.c:352:16:anonymousCanBroadcast	48	static
../Core/CommonLibraries/AFlibrary/Src/can.c:471:13:sendNodeAllocationFrame	56	static
../Core/CommonLibraries/AFlibrary/Src/can.c:509:13:loopNodeAllocation	16	static
../Core/CommonLibraries/AFlibrary/Src/can.c:600:13:canProcessRxFrame	144	static
../Core/CommonLibraries/AFlibrary/Src/can.c:333:16:canBroadcast	48	static
../Core/CommonLibraries/AFlibrary/Src/can.c:892:13:process1HzTasks	32	static
../Core/CommonLibraries/AFlibrary/Src/can.c:568:13:canShouldAcceptTransfer	16	static
../Core/CommonLibraries/AFlibrary/Src/can.c:748:13:shouldAcceptTransfer	8	static
../Core/CommonLibraries/AFlibrary/Src/can.c:371:16:canRequest	56	static
../Core/CommonLibraries/AFlibrary/Src/can.c:415:6:isNodeAllocated	0	static
../Core/CommonLibraries/AFlibrary/Src/can.c:679:6:canOnTransferReceived	40	static
../Core/CommonLibraries/AFlibrary/Src/can.c:740:13:onTransferReceived	32	static
../Core/CommonLibraries/AFlibrary/Src/can.c:805:6:bufferRawCanFrames	40	static
../Core/CommonLibraries/AFlibrary/Src/can.c:937:6:loopRawCan	16	static
../Core/CommonLibraries/AFlibrary/Src/can.c:943:6:loopUavCan	16	static
../Core/CommonLibraries/AFlibrary/Src/can.c:962:6:setupCan	48	static
../Core/CommonLibraries/AFlibrary/Src/can.c:1003:6:requestSetFields	24	static
../Core/CommonLibraries/AFlibrary/Src/can.c:1022:6:broadcastFieldsPacket	24	static
../Core/CommonLibraries/AFlibrary/Src/can.c:1043:8:publishFieldPacketIfBelowBandwidth	32	static
../Core/CommonLibraries/AFlibrary/Src/can.c:1061:6:allCanFramesSent	8	static
../Core/CommonLibraries/AFlibrary/Src/can.c:1066:6:allCanFramesReceived	0	static
../Core/CommonLibraries/AFlibrary/Src/can.c:1074:6:testSetNodeId	8	static
../Core/CommonLibraries/AFlibrary/Src/can.c:1079:6:testLoopbackCan	16	static
../Core/CommonLibraries/AFlibrary/Src/can.c:1087:10:testUavRxCount	0	static
../Core/CommonLibraries/AFlibrary/Src/can.c:1090:10:testUavTxCount	0	static
