../Core/CommonLibraries/AFlibrary/Src/afFieldProtocol.c:272:15:addCommandToPacket	12	static
../Core/CommonLibraries/AFlibrary/Src/afFieldProtocol.c:306:15:addSkipToPacket	8	static
../Core/CommonLibraries/AFlibrary/Src/afFieldProtocol.c:310:15:addSendingFieldsToPacket	8	static
../Core/CommonLibraries/AFlibrary/Src/afFieldProtocol.c:174:13:readCommand	16	static
../Core/CommonLibraries/AFlibrary/Src/afFieldProtocol.c:264:15:addBytesToPacket	16	static
../Core/CommonLibraries/AFlibrary/Src/afFieldProtocol.c:296:15:addVariableLengthFieldDataToPacket	24	static
../Core/CommonLibraries/AFlibrary/Src/afFieldProtocol.c:418:16:addToMetaDataFieldToPacket	24	static
../Core/CommonLibraries/AFlibrary/Src/afFieldProtocol.c:33:6:addComponentFieldTableToGlobalTable	32	static
../Core/CommonLibraries/AFlibrary/Src/afFieldProtocol.c:82:25:getFieldInfo	24	static
../Core/CommonLibraries/AFlibrary/Src/afFieldProtocol.c:314:13:addMultiFieldDataToPacket	40	static
../Core/CommonLibraries/AFlibrary/Src/afFieldProtocol.c:360:23:createFieldPacket	32	static
../Core/CommonLibraries/AFlibrary/Src/afFieldProtocol.c:134:25:getNextValidMetaDataFieldInfo	24	static
../Core/CommonLibraries/AFlibrary/Src/afFieldProtocol.c:367:6:setFields	32	static
../Core/CommonLibraries/AFlibrary/Src/afFieldProtocol.c:374:6:broadcastFields	8	static
../Core/CommonLibraries/AFlibrary/Src/afFieldProtocol.c:198:6:afProtocolProcessRx	64	static
../Core/CommonLibraries/AFlibrary/Src/afFieldProtocol.c:379:8:publishFieldsIfBelowBandwidth	8	static
../Core/CommonLibraries/AFlibrary/Src/afFieldProtocol.c:391:6:parseFrameForMetaDataFieldIndex	56	static
../Core/CommonLibraries/AFlibrary/Src/afFieldProtocol.c:432:6:createMetaDataPacket	32	static
../Core/CommonLibraries/AFlibrary/Src/afFieldProtocol.c:478:6:handleMetaDataRequest	32	static
