../Core/CommonLibraries/AFlibrary/Src/useful.c:13:6:modifyBitsU16	24	static
../Core/CommonLibraries/AFlibrary/Src/useful.c:20:6:modifyBitsU8	24	static
../Core/CommonLibraries/AFlibrary/Src/useful.c:28:10:getBitsU16	0	static
../Core/CommonLibraries/AFlibrary/Src/useful.c:34:9:getBitsU8	0	static
../Core/CommonLibraries/AFlibrary/Src/useful.c:40:9:getBitsU8LE	0	static
../Core/CommonLibraries/AFlibrary/Src/useful.c:47:10:power	0	static
../Core/CommonLibraries/AFlibrary/Src/useful.c:54:10:getRandomInt	0	static
../Core/CommonLibraries/AFlibrary/Src/useful.c:72:10:isqrt	12	static
../Core/CommonLibraries/AFlibrary/Src/useful.c:92:9:log2RoundedDown	0	static
../Core/CommonLibraries/AFlibrary/Src/useful.c:103:10:arctan2	8	static
../Core/CommonLibraries/AFlibrary/Src/useful.c:128:9:fastSin16bit	0	static
../Core/CommonLibraries/AFlibrary/Src/useful.c:176:8:fastSin8bit	8	static
../Core/CommonLibraries/AFlibrary/Src/useful.c:206:10:incrAndWrap	0	static
../Core/CommonLibraries/AFlibrary/Src/useful.c:210:5:decrAndWrap	0	static
../Core/CommonLibraries/AFlibrary/Src/useful.c:215:10:bufferLength	0	static
../Core/CommonLibraries/AFlibrary/Src/useful.c:228:6:bufferHasSpace	16	static
../Core/CommonLibraries/AFlibrary/Src/useful.c:239:8:appendBuffer	48	static
../Core/CommonLibraries/AFlibrary/Src/useful.c:292:8:popBuffer	40	static
