Archive member included to satisfy reference by file (symbol)

/home/sean/Applications/STM32_CUBE_IDE/plugins/com.st.stm32cube.ide.mcu.externaltools.gnu-tools-for-stm32.10.3-2021.10.linux64_1.0.0.202111181127/tools/bin/../lib/gcc/arm-none-eabi/10.3.1/../../../../arm-none-eabi/lib/thumb/v6-m/nofp/libc_nano.a(lib_a-errno.o)
                              ./Core/Src/syscalls.o (__errno)
/home/sean/Applications/STM32_CUBE_IDE/plugins/com.st.stm32cube.ide.mcu.externaltools.gnu-tools-for-stm32.10.3-2021.10.linux64_1.0.0.202111181127/tools/bin/../lib/gcc/arm-none-eabi/10.3.1/../../../../arm-none-eabi/lib/thumb/v6-m/nofp/libc_nano.a(lib_a-exit.o)
                              /home/sean/Applications/STM32_CUBE_IDE/plugins/com.st.stm32cube.ide.mcu.externaltools.gnu-tools-for-stm32.10.3-2021.10.linux64_1.0.0.202111181127/tools/bin/../lib/gcc/arm-none-eabi/10.3.1/../../../../arm-none-eabi/lib/thumb/v6-m/nofp/crt0.o (exit)
/home/sean/Applications/STM32_CUBE_IDE/plugins/com.st.stm32cube.ide.mcu.externaltools.gnu-tools-for-stm32.10.3-2021.10.linux64_1.0.0.202111181127/tools/bin/../lib/gcc/arm-none-eabi/10.3.1/../../../../arm-none-eabi/lib/thumb/v6-m/nofp/libc_nano.a(lib_a-impure.o)
                              /home/sean/Applications/STM32_CUBE_IDE/plugins/com.st.stm32cube.ide.mcu.externaltools.gnu-tools-for-stm32.10.3-2021.10.linux64_1.0.0.202111181127/tools/bin/../lib/gcc/arm-none-eabi/10.3.1/../../../../arm-none-eabi/lib/thumb/v6-m/nofp/libc_nano.a(lib_a-exit.o) (_global_impure_ptr)
/home/sean/Applications/STM32_CUBE_IDE/plugins/com.st.stm32cube.ide.mcu.externaltools.gnu-tools-for-stm32.10.3-2021.10.linux64_1.0.0.202111181127/tools/bin/../lib/gcc/arm-none-eabi/10.3.1/../../../../arm-none-eabi/lib/thumb/v6-m/nofp/libc_nano.a(lib_a-init.o)
                              /home/sean/Applications/STM32_CUBE_IDE/plugins/com.st.stm32cube.ide.mcu.externaltools.gnu-tools-for-stm32.10.3-2021.10.linux64_1.0.0.202111181127/tools/bin/../lib/gcc/arm-none-eabi/10.3.1/../../../../arm-none-eabi/lib/thumb/v6-m/nofp/crt0.o (__libc_init_array)
/home/sean/Applications/STM32_CUBE_IDE/plugins/com.st.stm32cube.ide.mcu.externaltools.gnu-tools-for-stm32.10.3-2021.10.linux64_1.0.0.202111181127/tools/bin/../lib/gcc/arm-none-eabi/10.3.1/../../../../arm-none-eabi/lib/thumb/v6-m/nofp/libc_nano.a(lib_a-memcmp.o)
                              ./Core/CommonLibraries/AFlibrary/Src/can.o (memcmp)
/home/sean/Applications/STM32_CUBE_IDE/plugins/com.st.stm32cube.ide.mcu.externaltools.gnu-tools-for-stm32.10.3-2021.10.linux64_1.0.0.202111181127/tools/bin/../lib/gcc/arm-none-eabi/10.3.1/../../../../arm-none-eabi/lib/thumb/v6-m/nofp/libc_nano.a(lib_a-memcpy-stub.o)
                              ./Core/CommonLibraries/AFlibrary/Src/afException.o (memcpy)
/home/sean/Applications/STM32_CUBE_IDE/plugins/com.st.stm32cube.ide.mcu.externaltools.gnu-tools-for-stm32.10.3-2021.10.linux64_1.0.0.202111181127/tools/bin/../lib/gcc/arm-none-eabi/10.3.1/../../../../arm-none-eabi/lib/thumb/v6-m/nofp/libc_nano.a(lib_a-memset.o)
                              /home/sean/Applications/STM32_CUBE_IDE/plugins/com.st.stm32cube.ide.mcu.externaltools.gnu-tools-for-stm32.10.3-2021.10.linux64_1.0.0.202111181127/tools/bin/../lib/gcc/arm-none-eabi/10.3.1/../../../../arm-none-eabi/lib/thumb/v6-m/nofp/crt0.o (memset)
/home/sean/Applications/STM32_CUBE_IDE/plugins/com.st.stm32cube.ide.mcu.externaltools.gnu-tools-for-stm32.10.3-2021.10.linux64_1.0.0.202111181127/tools/bin/../lib/gcc/arm-none-eabi/10.3.1/../../../../arm-none-eabi/lib/thumb/v6-m/nofp/libc_nano.a(lib_a-setjmp.o)
                              ./Core/App/Src/app.o (setjmp)
/home/sean/Applications/STM32_CUBE_IDE/plugins/com.st.stm32cube.ide.mcu.externaltools.gnu-tools-for-stm32.10.3-2021.10.linux64_1.0.0.202111181127/tools/bin/../lib/gcc/arm-none-eabi/10.3.1/../../../../arm-none-eabi/lib/thumb/v6-m/nofp/libc_nano.a(lib_a-strlen.o)
                              ./Core/CommonLibraries/AFlibrary/Src/afException.o (strlen)
/home/sean/Applications/STM32_CUBE_IDE/plugins/com.st.stm32cube.ide.mcu.externaltools.gnu-tools-for-stm32.10.3-2021.10.linux64_1.0.0.202111181127/tools/bin/../lib/gcc/arm-none-eabi/10.3.1/thumb/v6-m/nofp/libgcc.a(_udivsi3.o)
                              ./Core/CommonLibraries/AFlibrary/Src/can.o (__aeabi_uidiv)
/home/sean/Applications/STM32_CUBE_IDE/plugins/com.st.stm32cube.ide.mcu.externaltools.gnu-tools-for-stm32.10.3-2021.10.linux64_1.0.0.202111181127/tools/bin/../lib/gcc/arm-none-eabi/10.3.1/thumb/v6-m/nofp/libgcc.a(_divsi3.o)
                              ./Core/CommonLibraries/AFlibrary/Src/bme280.o (__aeabi_idiv)
/home/sean/Applications/STM32_CUBE_IDE/plugins/com.st.stm32cube.ide.mcu.externaltools.gnu-tools-for-stm32.10.3-2021.10.linux64_1.0.0.202111181127/tools/bin/../lib/gcc/arm-none-eabi/10.3.1/thumb/v6-m/nofp/libgcc.a(_dvmd_tls.o)
[...]
Memory Configuration

Name             Origin             Length             Attributes
RAM              0x0000000020000000 0x0000000000001800 xrw
FLASH            0x0000000008000000 0x0000000000008000 xr
*default*        0x0000000000000000 0xffffffffffffffff

Linker script and memory map

LOAD /home/sean/Applications/STM32_CUBE_IDE/plugins/com.st.stm32cube.ide.mcu.externaltools.gnu-tools-for-stm32.10.3-2021.10.linux64_1.0.0.202111181127/tools/bin/../lib/gcc/arm-none-eabi/10.3.1/thumb/v6-m/nofp/crti.o
LOAD /home/sean/Applications/STM32_CUBE_IDE/plugins/com.st.stm32cube.ide.mcu.externaltools.gnu-tools-for-stm32.10.3-2021.10.linux64_1.0.0.202111181127/tools/bin/../lib/gcc/arm-none-eabi/10.3.1/thumb/v6-m/nofp/crtbegin.o
LOAD /home/sean/Applications/STM32_CUBE_IDE/plugins/com.st.stm32cube.ide.mcu.externaltools.gnu-tools-for-stm32.10.3-2021.10.linux64_1.0.0.202111181127/tools/bin/../lib/gcc/arm-none-eabi/10.3.1/../../../../arm-none-eabi/lib/thumb/v6-m/nofp/crt0.o
LOAD ./Core/App/Src/app.o
LOAD ./Core/CommonLibraries/AFlibrary/Src/CException.o
LOAD ./Core/CommonLibraries/AFlibrary/Src/CExceptionConfig.o
LOAD ./Core/CommonLibraries/AFlibrary/Src/afException.o
LOAD ./Core/CommonLibraries/AFlibrary/Src/afFieldProtocol.o
LOAD ./Core/CommonLibraries/AFlibrary/Src/apds9960I2C.o
LOAD ./Core/CommonLibraries/AFlibrary/Src/bme280.o
LOAD ./Core/CommonLibraries/AFlibrary/Src/bno055.o
LOAD ./Core/CommonLibraries/AFlibrary/Src/buttons.o
LOAD ./Core/CommonLibraries/AFlibrary/Src/can.o
LOAD ./Core/CommonLibraries/AFlibrary/Src/debugComponent.o
LOAD ./Core/CommonLibraries/AFlibrary/Src/fix_fft.o
LOAD ./Core/CommonLibraries/AFlibrary/Src/fonts.o
LOAD ./Core/CommonLibraries/AFlibrary/Src/imu.o
LOAD ./Core/CommonLibraries/AFlibrary/Src/ledStrip.o
LOAD ./Core/CommonLibraries/AFlibrary/Src/light.o
LOAD ./Core/CommonLibraries/AFlibrary/Src/microphone.o
LOAD ./Core/CommonLibraries/AFlibrary/Src/screen.o
LOAD ./Core/CommonLibraries/AFlibrary/Src/serialLink.o
LOAD ./Core/CommonLibraries/AFlibrary/Src/serialProtocol.o
LOAD ./Core/CommonLibraries/AFlibrary/Src/speaker.o
LOAD ./Core/CommonLibraries/AFlibrary/Src/tft.o
LOAD ./Core/CommonLibraries/AFlibrary/Src/thp.o
LOAD ./Core/CommonLibraries/AFlibrary/Src/useful.o
LOAD ./Core/CommonLibraries/libcanard/src/canard.o
LOAD ./Core/CommonLibraries/libcanard/src/canard_stm32.o
LOAD ./Core/Src/main.o
LOAD ./Core/Src/stm32f0xx_hal_msp.o
LOAD ./Core/Src/stm32f0xx_it.o
LOAD ./Core/Src/syscalls.o
LOAD ./Core/Src/sysmem.o
LOAD ./Core/Src/system_stm32f0xx.o
LOAD ./Core/Startup/startup_stm32f042f6px.o
LOAD ./Drivers/STM32F0xx_HAL_Driver/Src/stm32f0xx_hal.o
LOAD ./Drivers/STM32F0xx_HAL_Driver/Src/stm32f0xx_hal_can.o
LOAD ./Drivers/STM32F0xx_HAL_Driver/Src/stm32f0xx_hal_cortex.o
LOAD ./Drivers/STM32F0xx_HAL_Driver/Src/stm32f0xx_hal_dma.o
LOAD ./Drivers/STM32F0xx_HAL_Driver/Src/stm32f0xx_hal_exti.o
LOAD ./Drivers/STM32F0xx_HAL_Driver/Src/stm32f0xx_hal_flash.o
LOAD ./Drivers/STM32F0xx_HAL_Driver/Src/stm32f0xx_hal_flash_ex.o
LOAD ./Drivers/STM32F0xx_HAL_Driver/Src/stm32f0xx_hal_gpio.o
LOAD ./Drivers/STM32F0xx_HAL_Driver/Src/stm32f0xx_hal_i2c.o
LOAD ./Drivers/STM32F0xx_HAL_Driver/Src/stm32f0xx_hal_i2c_ex.o
LOAD ./Drivers/STM32F0xx_HAL_Driver/Src/stm32f0xx_hal_pwr.o
LOAD ./Drivers/STM32F0xx_HAL_Driver/Src/stm32f0xx_hal_pwr_ex.o
LOAD ./Drivers/STM32F0xx_HAL_Driver/Src/stm32f0xx_hal_rcc.o
LOAD ./Drivers/STM32F0xx_HAL_Driver/Src/stm32f0xx_hal_rcc_ex.o
LOAD ./Drivers/STM32F0xx_HAL_Driver/Src/stm32f0xx_hal_tim.o
LOAD ./Drivers/STM32F0xx_HAL_Driver/Src/stm32f0xx_hal_tim_ex.o
LOAD ./Drivers/STM32F0xx_HAL_Driver/Src/stm32f0xx_hal_uart.o
LOAD ./Drivers/STM32F0xx_HAL_Driver/Src/stm32f0xx_hal_uart_ex.o
START GROUP
LOAD /home/sean/Applications/STM32_CUBE_IDE/plugins/com.st.stm32cube.ide.mcu.externaltools.gnu-tools-for-stm32.10.3-2021.10.linux64_1.0.0.202111181127/tools/bin/../lib/gcc/arm-none-eabi/10.3.1/../../../../arm-none-eabi/lib/thumb/v6-m/nofp/libc_nano.a
LOAD /home/sean/Applications/STM32_CUBE_IDE/plugins/com.st.stm32cube.ide.mcu.externaltools.gnu-tools-for-stm32.10.3-2021.10.linux64_1.0.0.202111181127/tools/bin/../lib/gcc/arm-none-eabi/10.3.1/../../../../arm-none-eabi/lib/thumb/v6-m/nofp/libm.a
END GROUP
START GROUP
LOAD /home/sean/Applications/STM32_CUBE_IDE/plugins/com.st.stm32cube.ide.mcu.externaltools.gnu-tools-for-stm32.10.3-2021.10.linux64_1.0.0.202111181127/tools/bin/../lib/gcc/arm-none-eabi/10.3.1/thumb/v6-m/nofp/libgcc.a
LOAD /home/sean/Applications/STM32_CUBE_IDE/plugins/com.st.stm32cube.ide.mcu.externaltools.gnu-tools-for-stm32.10.3-2021.10.linux64_1.0.0.202111181127/tools/bin/../lib/gcc/arm-none-eabi/10.3.1/../../../../arm-none-eabi/lib/thumb/v6-m/nofp/libc_nano.a
END GROUP
START GROUP
LOAD /home/sean/Applications/STM32_CUBE_IDE/plugins/com.st.stm32cube.ide.mcu.externaltools.gnu-tools-for-stm32.10.3-2021.10.linux64_1.0.0.202111181127/tools/bin/../lib/gcc/arm-none-eabi/10.3.1/thumb/v6-m/nofp/libgcc.a
LOAD /home/sean/Applications/STM32_CUBE_IDE/plugins/com.st.stm32cube.ide.mcu.externaltools.gnu-tools-for-stm32.10.3-2021.10.linux64_1.0.0.202111181127/tools/bin/../lib/gcc/arm-none-eabi/10.3.1/../../../../arm-none-eabi/lib/thumb/v6-m/nofp/libc_nano.a
LOAD /home/sean/Applications/STM32_CUBE_IDE/plugins/com.st.stm32cube.ide.mcu.externaltools.gnu-tools-for-stm32.10.3-2021.10.linux64_1.0.0.202111181127/tools/bin/../lib/gcc/arm-none-eabi/10.3.1/../../../../arm-none-eabi/lib/thumb/v6-m/nofp/libnosys.a
END GROUP
START GROUP
LOAD /home/sean/Applications/STM32_CUBE_IDE/plugins/com.st.stm32cube.ide.mcu.externaltools.gnu-tools-for-stm32.10.3-2021.10.linux64_1.0.0.202111181127/tools/bin/../lib/gcc/arm-none-eabi/10.3.1/thumb/v6-m/nofp/libgcc.a
LOAD /home/sean/Applications/STM32_CUBE_IDE/plugins/com.st.stm32cube.ide.mcu.externaltools.gnu-tools-for-stm32.10.3-2021.10.linux64_1.0.0.202111181127/tools/bin/../lib/gcc/arm-none-eabi/10.3.1/../../../../arm-none-eabi/lib/thumb/v6-m/nofp/libc_nano.a
LOAD /home/sean/Applications/STM32_CUBE_IDE/plugins/com.st.stm32cube.ide.mcu.externaltools.gnu-tools-for-stm32.10.3-2021.10.linux64_1.0.0.202111181127/tools/bin/../lib/gcc/arm-none-eabi/10.3.1/../../../../arm-none-eabi/lib/thumb/v6-m/nofp/libnosys.a
END GROUP
LOAD /home/sean/Applications/STM32_CUBE_IDE/plugins/com.st.stm32cube.ide.mcu.externaltools.gnu-tools-for-stm32.10.3-2021.10.linux64_1.0.0.202111181127/tools/bin/../lib/gcc/arm-none-eabi/10.3.1/thumb/v6-m/nofp/crtend.o
LOAD /home/sean/Applications/STM32_CUBE_IDE/plugins/com.st.stm32cube.ide.mcu.externaltools.gnu-tools-for-stm32.10.3-2021.10.linux64_1.0.0.202111181127/tools/bin/../lib/gcc/arm-none-eabi/10.3.1/thumb/v6-m/nofp/crtn.o
                0x0000000020001800                _estack = (ORIGIN (RAM) + LENGTH (RAM))
                0x0000000000000200                _Min_Heap_Size = 0x200
                0x0000000000000400                _Min_Stack_Size = 0x400

.isr_vector     0x0000000008000000       0xc0
                0x0000000008000000                . = ALIGN (0x4)
 *(.isr_vector)
 .isr_vector    0x0000000008000000       0xc0 ./Core/Startup/startup_stm32f042f6px.o
                0x0000000008000000                g_pfnVectors
                0x00000000080000c0                . = ALIGN (0x4)

.text           0x00000000080000c0     0x7404
                0x00000000080000c0                . = ALIGN (0x4)
 *(.text)
 .text          0x00000000080000c0       0x48 /home/sean/Applications/STM32_CUBE_IDE/plugins/com.st.stm32cube.ide.mcu.externaltools.gnu-tools-for-stm32.10.3-2021.10.linux64_1.0.0.202111181127/tools/bin/../lib/gcc/arm-none-eabi/10.3.1/thumb/v6-m/nofp/crtbegin.o
 .text          0x0000000008000108       0x34 /home/sean/Applications/STM32_CUBE_IDE/plugins/com.st.stm32cube.ide.mcu.externaltools.gnu-tools-for-stm32.10.3-2021.10.linux64_1.0.0.202111181127/tools/bin/../lib/gcc/arm-none-eabi/10.3.1/../../../../arm-none-eabi/lib/thumb/v6-m/nofp/libc_nano.a(lib_a-setjmp.o)
                0x0000000008000108                setjmp
                0x0000000008000120                longjmp
 .text          0x000000000800013c        0xe /home/sean/Applications/STM32_CUBE_IDE/plugins/com.st.stm32cube.ide.mcu.externaltools.gnu-tools-for-stm32.10.3-2021.10.linux64_1.0.0.202111181127/tools/bin/../lib/gcc/arm-none-eabi/10.3.1/../../../../arm-none-eabi/lib/thumb/v6-m/nofp/libc_nano.a(lib_a-strlen.o)
                0x000000000800013c                strlen
 *fill*         0x000000000800014a        0x2 
 .text          0x000000000800014c      0x114 /home/sean/Applications/STM32_CUBE_IDE/plugins/com.st.stm32cube.ide.mcu.externaltools.gnu-tools-for-stm32.10.3-2021.10.linux64_1.0.0.202111181127/tools/bin/../lib/gcc/arm-none-eabi/10.3.1/thumb/v6-m/nofp/libgcc.a(_udivsi3.o)
                0x000000000800014c                __udivsi3
                0x000000000800014c                __aeabi_uidiv
                0x0000000008000258                __aeabi_uidivmod
 .text          0x0000000008000260        0x4 /home/sean/Applications/STM32_CUBE_IDE/plugins/com.st.stm32cube.ide.mcu.externaltools.gnu-tools-for-stm32.10.3-2021.10.linux64_1.0.0.202111181127/tools/bin/../lib/gcc/arm-none-eabi/10.3.1/thumb/v6-m/nofp/libgcc.a(_dvmd_tls.o)
                0x0000000008000260                __aeabi_ldiv0
                0x0000000008000260                __aeabi_idiv0
 .text          0x0000000008000264       0x40 /home/sean/Applications/STM32_CUBE_IDE/plugins/com.st.stm32cube.ide.mcu.externaltools.gnu-tools-for-stm32.10.3-2021.10.linux64_1.0.0.202111181127/tools/bin/../lib/gcc/arm-none-eabi/10.3.1/thumb/v6-m/nofp/libgcc.a(_aeabi_uldivmod.o)
                0x0000000008000264                __aeabi_uldivmod
 .text          0x00000000080002a4       0x5c /home/sean/Applications/STM32_CUBE_IDE/plugins/com.st.stm32cube.ide.mcu.externaltools.gnu-tools-for-stm32.10.3-2021.10.linux64_1.0.0.202111181127/tools/bin/../lib/gcc/arm-none-eabi/10.3.1/thumb/v6-m/nofp/libgcc.a(_muldi3.o)
                0x00000000080002a4                __aeabi_lmul
                0x00000000080002a4                __muldi3
 .text          0x0000000008000300      0x198 /home/sean/Applications/STM32_CUBE_IDE/plugins/com.st.stm32cube.ide.mcu.externaltools.gnu-tools-for-stm32.10.3-2021.10.linux64_1.0.0.202111181127/tools/bin/../lib/gcc/arm-none-eabi/10.3.1/thumb/v6-m/nofp/libgcc.a(_udivmoddi4.o)
                0x0000000008000300                __udivmoddi4
 .text          0x0000000008000498      0x5ec /home/sean/Applications/STM32_CUBE_IDE/plugins/com.st.stm32cube.ide.mcu.externaltools.gnu-tools-for-stm32.10.3-2021.10.linux64_1.0.0.202111181127/tools/bin/../lib/gcc/arm-none-eabi/10.3.1/thumb/v6-m/nofp/libgcc.a(divdf3.o)
                0x0000000008000498                __aeabi_ddiv
 .text          0x0000000008000a84      0x4d8 /home/sean/Applications/STM32_CUBE_IDE/plugins/com.st.stm32cube.ide.mcu.externaltools.gnu-tools-for-stm32.10.3-2021.10.linux64_1.0.0.202111181127/tools/bin/../lib/gcc/arm-none-eabi/10.3.1/thumb/v6-m/nofp/libgcc.a(muldf3.o)
                0x0000000008000a84                __aeabi_dmul
 .text          0x0000000008000f5c       0x60 /home/sean/Applications/STM32_CUBE_IDE/plugins/com.st.stm32cube.ide.mcu.externaltools.gnu-tools-for-stm32.10.3-2021.10.linux64_1.0.0.202111181127/tools/bin/../lib/gcc/arm-none-eabi/10.3.1/thumb/v6-m/nofp/libgcc.a(floatsidf.o)
                0x0000000008000f5c                __aeabi_i2d
 .text          0x0000000008000fbc      0x110 /home/sean/Applications/STM32_CUBE_IDE/plugins/com.st.stm32cube.ide.mcu.externaltools.gnu-tools-for-stm32.10.3-2021.10.linux64_1.0.0.202111181127/tools/bin/../lib/gcc/arm-none-eabi/10.3.1/thumb/v6-m/nofp/libgcc.a(truncdfsf2.o)
                0x0000000008000fbc                __aeabi_d2f
 .text          0x00000000080010cc       0x3c /home/sean/Applications/STM32_CUBE_IDE/plugins/com.st.stm32cube.ide.mcu.externaltools.gnu-tools-for-stm32.10.3-2021.10.linux64_1.0.0.202111181127/tools/bin/../lib/gcc/arm-none-eabi/10.3.1/thumb/v6-m/nofp/libgcc.a(_clzsi2.o)
                0x00000000080010cc                __clzsi2
 .text          0x0000000008001108       0x18 /home/sean/Applications/STM32_CUBE_IDE/plugins/com.st.stm32cube.ide.mcu.externaltools.gnu-tools-for-stm32.10.3-2021.10.linux64_1.0.0.202111181127/tools/bin/../lib/gcc/arm-none-eabi/10.3.1/thumb/v6-m/nofp/libgcc.a(_clzdi2.o)
                0x0000000008001108                __clzdi2
 *(.text*)
 .text.getBoardName
                0x0000000008001120        0x8 ./Core/App/Src/app.o
                0x0000000008001120                getBoardName
 .text.getBoardNodeName
                0x0000000008001128        0x8 ./Core/App/Src/app.o
                0x0000000008001128                getBoardNodeName
 .text.setupCanHw
                0x0000000008001130       0x18 ./Core/App/Src/app.o
                0x0000000008001130                setupCanHw
 .text.boardTest
                0x0000000008001148        0x8 ./Core/App/Src/app.o
                0x0000000008001148                boardTest
 .text.setup    0x0000000008001150       0xd8 ./Core/App/Src/app.o
                0x0000000008001150                setup
 .text.loopBackground
                0x0000000008001228        0xa ./Core/App/Src/app.o
                0x0000000008001228                loopBackground
 *fill*         0x0000000008001232        0x2 
 .text.loopMain
                0x0000000008001234       0xa4 ./Core/App/Src/app.o
                0x0000000008001234                loopMain
 .text.HAL_TIM_PeriodElapsedCallback
                0x00000000080012d8       0x30 ./Core/App/Src/app.o
                0x00000000080012d8                HAL_TIM_PeriodElapsedCallback
 .text.Throw    0x0000000008001308       0x30 ./Core/CommonLibraries/AFlibrary/Src/CException.o
                0x0000000008001308                Throw
 .text.softAssertTmp
                0x0000000008001338       0x44 ./Core/CommonLibraries/AFlibrary/Src/afException.o
                0x0000000008001338                softAssertTmp
 .text.hardAssertTmp
                0x000000000800137c        0xe ./Core/CommonLibraries/AFlibrary/Src/afException.o
                0x000000000800137c                hardAssertTmp
 .text.addCommandToPacket
                0x000000000800138a       0x6a ./Core/CommonLibraries/AFlibrary/Src/afFieldProtocol.o
 .text.addSkipToPacket
                0x00000000080013f4        0xc ./Core/CommonLibraries/AFlibrary/Src/afFieldProtocol.o
 .text.addSendingFieldsToPacket
                0x0000000008001400        0xc ./Core/CommonLibraries/AFlibrary/Src/afFieldProtocol.o
 .text.readCommand
                0x000000000800140c       0x7c ./Core/CommonLibraries/AFlibrary/Src/afFieldProtocol.o
 .text.addBytesToPacket
                0x0000000008001488       0x2c ./Core/CommonLibraries/AFlibrary/Src/afFieldProtocol.o
 .text.addVariableLengthFieldDataToPacket
                0x00000000080014b4       0x3a ./Core/CommonLibraries/AFlibrary/Src/afFieldProtocol.o
 *fill*         0x00000000080014ee        0x2 
 .text.addToMetaDataFieldToPacket
                0x00000000080014f0       0x68 ./Core/CommonLibraries/AFlibrary/Src/afFieldProtocol.o
 .text.addComponentFieldTableToGlobalTable
                0x0000000008001558      0x108 ./Core/CommonLibraries/AFlibrary/Src/afFieldProtocol.o
                0x0000000008001558                addComponentFieldTableToGlobalTable
 .text.getFieldInfo
                0x0000000008001660       0x88 ./Core/CommonLibraries/AFlibrary/Src/afFieldProtocol.o
                0x0000000008001660                getFieldInfo
 .text.addMultiFieldDataToPacket
                0x00000000080016e8      0x104 ./Core/CommonLibraries/AFlibrary/Src/afFieldProtocol.o
 .text.createFieldPacket
                0x00000000080017ec       0x28 ./Core/CommonLibraries/AFlibrary/Src/afFieldProtocol.o
 .text.getNextValidMetaDataFieldInfo
                0x0000000008001814       0x90 ./Core/CommonLibraries/AFlibrary/Src/afFieldProtocol.o
                0x0000000008001814                getNextValidMetaDataFieldInfo
 .text.broadcastFields
                0x00000000080018a4       0x10 ./Core/CommonLibraries/AFlibrary/Src/afFieldProtocol.o
                0x00000000080018a4                broadcastFields
 .text.afProtocolProcessRx
                0x00000000080018b4      0x150 ./Core/CommonLibraries/AFlibrary/Src/afFieldProtocol.o
                0x00000000080018b4                afProtocolProcessRx
 .text.publishFieldsIfBelowBandwidth
                0x0000000008001a04       0x10 ./Core/CommonLibraries/AFlibrary/Src/afFieldProtocol.o
                0x0000000008001a04                publishFieldsIfBelowBandwidth
 .text.parseFrameForMetaDataFieldIndex
                0x0000000008001a14       0xb4 ./Core/CommonLibraries/AFlibrary/Src/afFieldProtocol.o
                0x0000000008001a14                parseFrameForMetaDataFieldIndex
 .text.createMetaDataPacket
                0x0000000008001ac8      0x114 ./Core/CommonLibraries/AFlibrary/Src/afFieldProtocol.o
                0x0000000008001ac8                createMetaDataPacket
 .text.handleMetaDataRequest
                0x0000000008001bdc       0x34 ./Core/CommonLibraries/AFlibrary/Src/afFieldProtocol.o
                0x0000000008001bdc                handleMetaDataRequest
 .text.bno055_init
                0x0000000008001c10       0xf0 ./Core/CommonLibraries/AFlibrary/Src/bno055.o
                0x0000000008001c10                bno055_init
 .text.bno055_write_register
                0x0000000008001d00       0x24 ./Core/CommonLibraries/AFlibrary/Src/bno055.o
                0x0000000008001d00                bno055_write_register
 .text.bno055_write_page_id
                0x0000000008001d24       0x60 ./Core/CommonLibraries/AFlibrary/Src/bno055.o
                0x0000000008001d24                bno055_write_page_id
 .text.bno055_read_gyro_xyz
                0x0000000008001d84       0x88 ./Core/CommonLibraries/AFlibrary/Src/bno055.o
                0x0000000008001d84                bno055_read_gyro_xyz
 .text.bno055_read_euler_hrp
                0x0000000008001e0c       0x88 ./Core/CommonLibraries/AFlibrary/Src/bno055.o
                0x0000000008001e0c                bno055_read_euler_hrp
 .text.bno055_read_linear_accel_xyz
                0x0000000008001e94       0x88 ./Core/CommonLibraries/AFlibrary/Src/bno055.o
                0x0000000008001e94                bno055_read_linear_accel_xyz
 .text.bno055_read_gravity_xyz
                0x0000000008001f1c       0x88 ./Core/CommonLibraries/AFlibrary/Src/bno055.o
                0x0000000008001f1c                bno055_read_gravity_xyz
 .text.bno055_get_operation_mode
                0x0000000008001fa4       0x60 ./Core/CommonLibraries/AFlibrary/Src/bno055.o
                0x0000000008001fa4                bno055_get_operation_mode
 .text.bno055_set_operation_mode
                0x0000000008002004      0x128 ./Core/CommonLibraries/AFlibrary/Src/bno055.o
                0x0000000008002004                bno055_set_operation_mode
 .text.bno055_set_gyro_unit
                0x000000000800212c       0xb4 ./Core/CommonLibraries/AFlibrary/Src/bno055.o
                0x000000000800212c                bno055_set_gyro_unit
 .text.bno055_set_euler_unit
                0x00000000080021e0       0xb4 ./Core/CommonLibraries/AFlibrary/Src/bno055.o
                0x00000000080021e0                bno055_set_euler_unit
 .text.bno055_set_power_mode
                0x0000000008002294       0xb4 ./Core/CommonLibraries/AFlibrary/Src/bno055.o
                0x0000000008002294                bno055_set_power_mode
 .text.readUniqueID
                0x0000000008002348       0x38 ./Core/CommonLibraries/AFlibrary/Src/can.o
 .text.record1HzStats
                0x0000000008002380       0x64 ./Core/CommonLibraries/AFlibrary/Src/can.o
 .text.convertTransferToDataPtr
                0x00000000080023e4       0x68 ./Core/CommonLibraries/AFlibrary/Src/can.o
 .text.hookCanFrameTransmitted
                0x000000000800244c        0x2 ./Core/CommonLibraries/AFlibrary/Src/can.o
                0x000000000800244c                hookCanFrameTransmitted
 .text.hookCanFrameReceived
                0x000000000800244e        0x2 ./Core/CommonLibraries/AFlibrary/Src/can.o
                0x000000000800244e                hookCanFrameReceived
 .text.processUavCanFrames
                0x0000000008002450      0x1ec ./Core/CommonLibraries/AFlibrary/Src/can.o
 .text.usleep   0x000000000800263c       0x12 ./Core/CommonLibraries/AFlibrary/Src/can.o
                0x000000000800263c                usleep
 *fill*         0x000000000800264e        0x2 
 .text.getMonotonicTimestampUSec
                0x0000000008002650       0x14 ./Core/CommonLibraries/AFlibrary/Src/can.o
                0x0000000008002650                getMonotonicTimestampUSec
 .text.makeNodeStatusMessage
                0x0000000008002664       0x70 ./Core/CommonLibraries/AFlibrary/Src/can.o
 .text.getNodeInfoResponse
                0x00000000080026d4       0x68 ./Core/CommonLibraries/AFlibrary/Src/can.o
 .text.handleNodeAllocationBroadcast
                0x000000000800273c       0xa8 ./Core/CommonLibraries/AFlibrary/Src/can.o
 .text.getDataTypeSignature
                0x00000000080027e4       0xec ./Core/CommonLibraries/AFlibrary/Src/can.o
                0x00000000080027e4                getDataTypeSignature
 .text.canLocalOrRemoteRequestOrRespond
                0x00000000080028d0       0x54 ./Core/CommonLibraries/AFlibrary/Src/can.o
 .text.canLocalOrRemoteBroadcast
                0x0000000008002924       0x58 ./Core/CommonLibraries/AFlibrary/Src/can.o
 .text.getLocalNodeId
                0x000000000800297c       0x10 ./Core/CommonLibraries/AFlibrary/Src/can.o
                0x000000000800297c                getLocalNodeId
 .text.canRespondToRequest
                0x000000000800298c       0x40 ./Core/CommonLibraries/AFlibrary/Src/can.o
 .text.anonymousCanBroadcast
                0x00000000080029cc       0x58 ./Core/CommonLibraries/AFlibrary/Src/can.o
 .text.sendNodeAllocationFrame
                0x0000000008002a24       0xd0 ./Core/CommonLibraries/AFlibrary/Src/can.o
 .text.loopNodeAllocation
                0x0000000008002af4       0x68 ./Core/CommonLibraries/AFlibrary/Src/can.o
 .text.canProcessRxFrame
                0x0000000008002b5c      0x1ac ./Core/CommonLibraries/AFlibrary/Src/can.o
 .text.canBroadcast
                0x0000000008002d08       0x4c ./Core/CommonLibraries/AFlibrary/Src/can.o
 .text.process1HzTasks
                0x0000000008002d54       0x68 ./Core/CommonLibraries/AFlibrary/Src/can.o
 .text.canShouldAcceptTransfer
                0x0000000008002dbc       0x78 ./Core/CommonLibraries/AFlibrary/Src/can.o
 .text.shouldAcceptTransfer
                0x0000000008002e34       0x10 ./Core/CommonLibraries/AFlibrary/Src/can.o
 .text.canOnTransferReceived
                0x0000000008002e44       0x32 ./Core/CommonLibraries/AFlibrary/Src/can.o
                0x0000000008002e44                canOnTransferReceived
 .text.onTransferReceived
                0x0000000008002e76       0x2c ./Core/CommonLibraries/AFlibrary/Src/can.o
 *fill*         0x0000000008002ea2        0x2 
 .text.bufferRawCanFrames
                0x0000000008002ea4      0x184 ./Core/CommonLibraries/AFlibrary/Src/can.o
                0x0000000008002ea4                bufferRawCanFrames
 .text.loopRawCan
                0x0000000008003028       0x28 ./Core/CommonLibraries/AFlibrary/Src/can.o
                0x0000000008003028                loopRawCan
 .text.loopUavCan
                0x0000000008003050       0x6c ./Core/CommonLibraries/AFlibrary/Src/can.o
                0x0000000008003050                loopUavCan
 .text.setupCan
                0x00000000080030bc      0x1e0 ./Core/CommonLibraries/AFlibrary/Src/can.o
                0x00000000080030bc                setupCan
 .text.broadcastFieldsPacket
                0x000000000800329c       0x64 ./Core/CommonLibraries/AFlibrary/Src/can.o
                0x000000000800329c                broadcastFieldsPacket
 .text.publishFieldPacketIfBelowBandwidth
                0x0000000008003300       0xa0 ./Core/CommonLibraries/AFlibrary/Src/can.o
                0x0000000008003300                publishFieldPacketIfBelowBandwidth
 .text.readRdpValue
                0x00000000080033a0       0x1c ./Core/CommonLibraries/AFlibrary/Src/debugComponent.o
                0x00000000080033a0                readRdpValue
 .text.setRdp   0x00000000080033bc       0x48 ./Core/CommonLibraries/AFlibrary/Src/debugComponent.o
                0x00000000080033bc                setRdp
 .text.setRdpField
                0x0000000008003404        0xa ./Core/CommonLibraries/AFlibrary/Src/debugComponent.o
 *fill*         0x000000000800340e        0x2 
 .text.initialiseDebug
                0x0000000008003410       0x14 ./Core/CommonLibraries/AFlibrary/Src/debugComponent.o
                0x0000000008003410                initialiseDebug
 .text.loopDebug
                0x0000000008003424       0x34 ./Core/CommonLibraries/AFlibrary/Src/debugComponent.o
                0x0000000008003424                loopDebug
 .text.BNO055_delay_msec
                0x0000000008003458        0x8 ./Core/CommonLibraries/AFlibrary/Src/imu.o
 .text.BNO055_I2C_bus_read
                0x0000000008003460       0x40 ./Core/CommonLibraries/AFlibrary/Src/imu.o
 .text.BNO055_I2C_bus_write
                0x00000000080034a0       0x40 ./Core/CommonLibraries/AFlibrary/Src/imu.o
 .text.readAndProcess
                0x00000000080034e0      0x26c ./Core/CommonLibraries/AFlibrary/Src/imu.o
                0x00000000080034e0                readAndProcess
 .text.testImu  0x000000000800374c       0x38 ./Core/CommonLibraries/AFlibrary/Src/imu.o
                0x000000000800374c                testImu
 .text.initialiseImu
                0x0000000008003784      0x128 ./Core/CommonLibraries/AFlibrary/Src/imu.o
                0x0000000008003784                initialiseImu
 .text.loopImu  0x00000000080038ac       0x24 ./Core/CommonLibraries/AFlibrary/Src/imu.o
                0x00000000080038ac                loopImu
 .text.getRandomInt
                0x00000000080038d0        0x4 ./Core/CommonLibraries/AFlibrary/Src/useful.o
                0x00000000080038d0                getRandomInt
 .text.incrAndWrap
                0x00000000080038d4        0xa ./Core/CommonLibraries/AFlibrary/Src/useful.o
                0x00000000080038d4                incrAndWrap
 .text.decrAndWrap
                0x00000000080038de        0xc ./Core/CommonLibraries/AFlibrary/Src/useful.o
                0x00000000080038de                decrAndWrap
 .text.computeTransferIDForwardDistance
                0x00000000080038ea       0x10 ./Core/CommonLibraries/libcanard/src/canard.o
 .text.isPriorityHigher
                0x00000000080038fa       0x58 ./Core/CommonLibraries/libcanard/src/canard.o
 .text.extractTransferType
                0x0000000008003952       0x14 ./Core/CommonLibraries/libcanard/src/canard.o
 .text.extractDataType
                0x0000000008003966       0x20 ./Core/CommonLibraries/libcanard/src/canard.o
 .text.findRxState
                0x0000000008003986       0x10 ./Core/CommonLibraries/libcanard/src/canard.o
 .text.isBigEndian
                0x0000000008003996        0x4 ./Core/CommonLibraries/libcanard/src/canard.o
 *fill*         0x000000000800399a        0x2 
 .text.crcAddByte
                0x000000000800399c       0x2c ./Core/CommonLibraries/libcanard/src/canard.o
 .text.crcAddSignature
                0x00000000080039c8       0x36 ./Core/CommonLibraries/libcanard/src/canard.o
 .text.crcAdd   0x00000000080039fe       0x18 ./Core/CommonLibraries/libcanard/src/canard.o
 .text.initPoolAllocator
                0x0000000008003a16       0x22 ./Core/CommonLibraries/libcanard/src/canard.o
 .text.allocateBlock
                0x0000000008003a38       0x1e ./Core/CommonLibraries/libcanard/src/canard.o
 .text.createBufferBlock
                0x0000000008003a56       0x10 ./Core/CommonLibraries/libcanard/src/canard.o
 .text.bufferBlockPushBytes
                0x0000000008003a66      0x13a ./Core/CommonLibraries/libcanard/src/canard.o
 .text.pushTxQueue
                0x0000000008003ba0       0x68 ./Core/CommonLibraries/libcanard/src/canard.o
 .text.incrementTransferID
                0x0000000008003c08       0x24 ./Core/CommonLibraries/libcanard/src/canard.o
 .text.freeBlock
                0x0000000008003c2c       0x24 ./Core/CommonLibraries/libcanard/src/canard.o
 .text.releaseStatePayload
                0x0000000008003c50       0x28 ./Core/CommonLibraries/libcanard/src/canard.o
 .text.prepareForNextTransfer
                0x0000000008003c78       0x3c ./Core/CommonLibraries/libcanard/src/canard.o
 .text.copyBitArray
                0x0000000008003cb4       0xa8 ./Core/CommonLibraries/libcanard/src/canard.o
 .text.descatterTransferPayload
                0x0000000008003d5c      0x200 ./Core/CommonLibraries/libcanard/src/canard.o
 .text.swapByteOrder
                0x0000000008003f5c       0x30 ./Core/CommonLibraries/libcanard/src/canard.o
 .text.createTxItem
                0x0000000008003f8c       0x16 ./Core/CommonLibraries/libcanard/src/canard.o
 *fill*         0x0000000008003fa2        0x2 
 .text.enqueueTxFrames
                0x0000000008003fa4      0x164 ./Core/CommonLibraries/libcanard/src/canard.o
 .text.createRxState
                0x0000000008004108       0x2c ./Core/CommonLibraries/libcanard/src/canard.o
 .text.prependRxState
                0x0000000008004134       0x16 ./Core/CommonLibraries/libcanard/src/canard.o
 .text.traverseRxStates
                0x000000000800414a       0x30 ./Core/CommonLibraries/libcanard/src/canard.o
 *fill*         0x000000000800417a        0x2 
 .text.canardInit
                0x000000000800417c       0x4c ./Core/CommonLibraries/libcanard/src/canard.o
                0x000000000800417c                canardInit
 .text.canardSetLocalNodeID
                0x00000000080041c8       0x34 ./Core/CommonLibraries/libcanard/src/canard.o
                0x00000000080041c8                canardSetLocalNodeID
 .text.canardGetLocalNodeID
                0x00000000080041fc        0x4 ./Core/CommonLibraries/libcanard/src/canard.o
                0x00000000080041fc                canardGetLocalNodeID
 .text.canardBroadcast
                0x0000000008004200       0xc4 ./Core/CommonLibraries/libcanard/src/canard.o
                0x0000000008004200                canardBroadcast
 .text.canardRequestOrRespond
                0x00000000080042c4       0xa8 ./Core/CommonLibraries/libcanard/src/canard.o
                0x00000000080042c4                canardRequestOrRespond
 .text.canardPeekTxQueue
                0x000000000800436c        0xa ./Core/CommonLibraries/libcanard/src/canard.o
                0x000000000800436c                canardPeekTxQueue
 .text.canardPopTxQueue
                0x0000000008004376       0x10 ./Core/CommonLibraries/libcanard/src/canard.o
                0x0000000008004376                canardPopTxQueue
 *fill*         0x0000000008004386        0x2 
 .text.canardCleanupStaleTransfers
                0x0000000008004388       0x84 ./Core/CommonLibraries/libcanard/src/canard.o
                0x0000000008004388                canardCleanupStaleTransfers
 .text.canardDecodeScalar
                0x000000000800440c      0x270 ./Core/CommonLibraries/libcanard/src/canard.o
                0x000000000800440c                canardDecodeScalar
 .text.canardEncodeScalar
                0x000000000800467c       0xdc ./Core/CommonLibraries/libcanard/src/canard.o
                0x000000000800467c                canardEncodeScalar
 .text.canardReleaseRxTransferPayload
                0x0000000008004758       0x26 ./Core/CommonLibraries/libcanard/src/canard.o
                0x0000000008004758                canardReleaseRxTransferPayload
 *fill*         0x000000000800477e        0x2 
 .text.canardHandleRxFrame
                0x0000000008004780      0x458 ./Core/CommonLibraries/libcanard/src/canard.o
                0x0000000008004780                canardHandleRxFrame
 .text.isFramePriorityHigher
                0x0000000008004bd8       0x58 ./Core/CommonLibraries/libcanard/src/canard_stm32.o
 .text.convertFrameIDCanardToRegister
                0x0000000008004c30       0x18 ./Core/CommonLibraries/libcanard/src/canard_stm32.o
 .text.convertFrameIDRegisterToCanard
                0x0000000008004c48       0x1e ./Core/CommonLibraries/libcanard/src/canard_stm32.o
 *fill*         0x0000000008004c66        0x2 
 .text.processErrorStatus
                0x0000000008004c68       0x64 ./Core/CommonLibraries/libcanard/src/canard_stm32.o
 .text.waitMSRINAKBitStateChange
                0x0000000008004ccc       0x30 ./Core/CommonLibraries/libcanard/src/canard_stm32.o
 .text.canardSTM32Init
                0x0000000008004cfc      0x1d4 ./Core/CommonLibraries/libcanard/src/canard_stm32.o
                0x0000000008004cfc                canardSTM32Init
 .text.canardSTM32Transmit
                0x0000000008004ed0       0xf4 ./Core/CommonLibraries/libcanard/src/canard_stm32.o
                0x0000000008004ed0                canardSTM32Transmit
 .text.canardSTM32Receive
                0x0000000008004fc4       0xa0 ./Core/CommonLibraries/libcanard/src/canard_stm32.o
                0x0000000008004fc4                canardSTM32Receive
 .text.canardSTM32GetStats
                0x0000000008005064       0x14 ./Core/CommonLibraries/libcanard/src/canard_stm32.o
                0x0000000008005064                canardSTM32GetStats
 .text.MX_GPIO_Init
                0x0000000008005078       0x70 ./Core/Src/main.o
 .text.MX_TIM17_Init
                0x00000000080050e8       0x28 ./Core/Src/main.o
 .text.MX_TIM3_Init
                0x0000000008005110       0x60 ./Core/Src/main.o
 .text.SystemClock_Config
                0x0000000008005170       0x68 ./Core/Src/main.o
                0x0000000008005170                SystemClock_Config
 .text.main     0x00000000080051d8       0x20 ./Core/Src/main.o
                0x00000000080051d8                main
 .text.MX_I2C1_Init
                0x00000000080051f8       0x44 ./Core/Src/main.o
                0x00000000080051f8                MX_I2C1_Init
 .text.HAL_MspInit
                0x000000000800523c       0x3c ./Core/Src/stm32f0xx_hal_msp.o
                0x000000000800523c                HAL_MspInit
 .text.HAL_CAN_MspInit
                0x0000000008005278       0x68 ./Core/Src/stm32f0xx_hal_msp.o
                0x0000000008005278                HAL_CAN_MspInit
 .text.HAL_I2C_MspInit
                0x00000000080052e0       0x68 ./Core/Src/stm32f0xx_hal_msp.o
                0x00000000080052e0                HAL_I2C_MspInit
 .text.HAL_TIM_Base_MspInit
                0x0000000008005348       0x5c ./Core/Src/stm32f0xx_hal_msp.o
                0x0000000008005348                HAL_TIM_Base_MspInit
 .text.NMI_Handler
                0x00000000080053a4        0x2 ./Core/Src/stm32f0xx_it.o
                0x00000000080053a4                NMI_Handler
 .text.HardFault_Handler
                0x00000000080053a6        0x2 ./Core/Src/stm32f0xx_it.o
                0x00000000080053a6                HardFault_Handler
 .text.SVC_Handler
                0x00000000080053a8        0x2 ./Core/Src/stm32f0xx_it.o
                0x00000000080053a8                SVC_Handler
 .text.PendSV_Handler
                0x00000000080053aa        0x2 ./Core/Src/stm32f0xx_it.o
                0x00000000080053aa                PendSV_Handler
 .text.SysTick_Handler
                0x00000000080053ac        0x8 ./Core/Src/stm32f0xx_it.o
                0x00000000080053ac                SysTick_Handler
 .text.TIM17_IRQHandler
                0x00000000080053b4       0x10 ./Core/Src/stm32f0xx_it.o
                0x00000000080053b4                TIM17_IRQHandler
 .text.USART2_IRQHandler
                0x00000000080053c4       0x10 ./Core/Src/stm32f0xx_it.o
                0x00000000080053c4                USART2_IRQHandler
 .text.SystemInit
                0x00000000080053d4        0x2 ./Core/Src/system_stm32f0xx.o
                0x00000000080053d4                SystemInit
 *fill*         0x00000000080053d6        0x2 
 .text.Reset_Handler
                0x00000000080053d8       0x80 ./Core/Startup/startup_stm32f042f6px.o
                0x00000000080053d8                Reset_Handler
 .text.Default_Handler
                0x0000000008005458        0x2 ./Core/Startup/startup_stm32f042f6px.o
                0x0000000008005458                TIM1_CC_IRQHandler
                0x0000000008005458                TSC_IRQHandler
                0x0000000008005458                I2C1_IRQHandler
                0x0000000008005458                RCC_CRS_IRQHandler
                0x0000000008005458                SPI1_IRQHandler
                0x0000000008005458                EXTI2_3_IRQHandler
                0x0000000008005458                ADC1_IRQHandler
                0x0000000008005458                CEC_CAN_IRQHandler
                0x0000000008005458                RTC_IRQHandler
                0x0000000008005458                PVD_VDDIO2_IRQHandler
                0x0000000008005458                TIM16_IRQHandler
                0x0000000008005458                TIM3_IRQHandler
                0x0000000008005458                EXTI4_15_IRQHandler
                0x0000000008005458                DMA1_Channel1_IRQHandler
                0x0000000008005458                Default_Handler
                0x0000000008005458                TIM14_IRQHandler
                0x0000000008005458                DMA1_Channel4_5_IRQHandler
                0x0000000008005458                EXTI0_1_IRQHandler
                0x0000000008005458                USB_IRQHandler
                0x0000000008005458                SPI2_IRQHandler
                0x0000000008005458                WWDG_IRQHandler
                0x0000000008005458                TIM2_IRQHandler
                0x0000000008005458                DMA1_Channel2_3_IRQHandler
                0x0000000008005458                FLASH_IRQHandler
                0x0000000008005458                USART1_IRQHandler
                0x0000000008005458                TIM1_BRK_UP_TRG_COM_IRQHandler
 *fill*         0x000000000800545a        0x2 
 .text.HAL_InitTick
                0x000000000800545c       0x50 ./Drivers/STM32F0xx_HAL_Driver/Src/stm32f0xx_hal.o
                0x000000000800545c                HAL_InitTick
 .text.HAL_Init
                0x00000000080054ac       0x20 ./Drivers/STM32F0xx_HAL_Driver/Src/stm32f0xx_hal.o
                0x00000000080054ac                HAL_Init
 .text.HAL_IncTick
                0x00000000080054cc       0x18 ./Drivers/STM32F0xx_HAL_Driver/Src/stm32f0xx_hal.o
                0x00000000080054cc                HAL_IncTick
 .text.HAL_GetTick
                0x00000000080054e4        0xc ./Drivers/STM32F0xx_HAL_Driver/Src/stm32f0xx_hal.o
                0x00000000080054e4                HAL_GetTick
 .text.HAL_Delay
                0x00000000080054f0       0x24 ./Drivers/STM32F0xx_HAL_Driver/Src/stm32f0xx_hal.o
                0x00000000080054f0                HAL_Delay
 .text.HAL_GetUIDw0
                0x0000000008005514        0xc ./Drivers/STM32F0xx_HAL_Driver/Src/stm32f0xx_hal.o
                0x0000000008005514                HAL_GetUIDw0
 .text.HAL_GetUIDw1
                0x0000000008005520        0xc ./Drivers/STM32F0xx_HAL_Driver/Src/stm32f0xx_hal.o
                0x0000000008005520                HAL_GetUIDw1
 .text.HAL_GetUIDw2
                0x000000000800552c        0xc ./Drivers/STM32F0xx_HAL_Driver/Src/stm32f0xx_hal.o
                0x000000000800552c                HAL_GetUIDw2
 .text.HAL_NVIC_SetPriority
                0x0000000008005538       0x60 ./Drivers/STM32F0xx_HAL_Driver/Src/stm32f0xx_hal_cortex.o
                0x0000000008005538                HAL_NVIC_SetPriority
 .text.HAL_NVIC_EnableIRQ
                0x0000000008005598       0x18 ./Drivers/STM32F0xx_HAL_Driver/Src/stm32f0xx_hal_cortex.o
                0x0000000008005598                HAL_NVIC_EnableIRQ
 .text.HAL_SYSTICK_Config
                0x00000000080055b0       0x38 ./Drivers/STM32F0xx_HAL_Driver/Src/stm32f0xx_hal_cortex.o
                0x00000000080055b0                HAL_SYSTICK_Config
 .text.HAL_DMA_Abort
                0x00000000080055e8       0x44 ./Drivers/STM32F0xx_HAL_Driver/Src/stm32f0xx_hal_dma.o
                0x00000000080055e8                HAL_DMA_Abort
 .text.HAL_DMA_Abort_IT
                0x000000000800562c       0x4a ./Drivers/STM32F0xx_HAL_Driver/Src/stm32f0xx_hal_dma.o
                0x000000000800562c                HAL_DMA_Abort_IT
 *fill*         0x0000000008005676        0x2 
 .text.FLASH_SetErrorCode
                0x0000000008005678       0x40 ./Drivers/STM32F0xx_HAL_Driver/Src/stm32f0xx_hal_flash.o
 .text.HAL_FLASH_Unlock
                0x00000000080056b8       0x30 ./Drivers/STM32F0xx_HAL_Driver/Src/stm32f0xx_hal_flash.o
                0x00000000080056b8                HAL_FLASH_Unlock
 .text.HAL_FLASH_OB_Unlock
                0x00000000080056e8       0x28 ./Drivers/STM32F0xx_HAL_Driver/Src/stm32f0xx_hal_flash.o
                0x00000000080056e8                HAL_FLASH_OB_Unlock
 .text.FLASH_WaitForLastOperation
                0x0000000008005710       0x58 ./Drivers/STM32F0xx_HAL_Driver/Src/stm32f0xx_hal_flash.o
                0x0000000008005710                FLASH_WaitForLastOperation
 .text.HAL_FLASH_OB_Launch
                0x0000000008005768       0x20 ./Drivers/STM32F0xx_HAL_Driver/Src/stm32f0xx_hal_flash.o
                0x0000000008005768                HAL_FLASH_OB_Launch
 .text.FLASH_OB_GetWRP
                0x0000000008005788        0xc ./Drivers/STM32F0xx_HAL_Driver/Src/stm32f0xx_hal_flash_ex.o
 .text.FLASH_OB_GetRDP
                0x0000000008005794       0x20 ./Drivers/STM32F0xx_HAL_Driver/Src/stm32f0xx_hal_flash_ex.o
 .text.FLASH_OB_GetUser
                0x00000000080057b4       0x10 ./Drivers/STM32F0xx_HAL_Driver/Src/stm32f0xx_hal_flash_ex.o
 .text.FLASH_OB_RDP_LevelConfig
                0x00000000080057c4       0x64 ./Drivers/STM32F0xx_HAL_Driver/Src/stm32f0xx_hal_flash_ex.o
 .text.FLASH_OB_UserConfig
                0x0000000008005828       0x44 ./Drivers/STM32F0xx_HAL_Driver/Src/stm32f0xx_hal_flash_ex.o
 .text.FLASH_OB_ProgramData
                0x000000000800586c       0x40 ./Drivers/STM32F0xx_HAL_Driver/Src/stm32f0xx_hal_flash_ex.o
 .text.HAL_FLASHEx_OBErase
                0x00000000080058ac       0x50 ./Drivers/STM32F0xx_HAL_Driver/Src/stm32f0xx_hal_flash_ex.o
                0x00000000080058ac                HAL_FLASHEx_OBErase
 .text.FLASH_OB_EnableWRP
                0x00000000080058fc       0x64 ./Drivers/STM32F0xx_HAL_Driver/Src/stm32f0xx_hal_flash_ex.o
 .text.FLASH_OB_DisableWRP
                0x0000000008005960       0x64 ./Drivers/STM32F0xx_HAL_Driver/Src/stm32f0xx_hal_flash_ex.o
 .text.HAL_FLASHEx_OBProgram
                0x00000000080059c4       0x94 ./Drivers/STM32F0xx_HAL_Driver/Src/stm32f0xx_hal_flash_ex.o
                0x00000000080059c4                HAL_FLASHEx_OBProgram
 .text.HAL_FLASHEx_OBGetConfig
                0x0000000008005a58       0x1c ./Drivers/STM32F0xx_HAL_Driver/Src/stm32f0xx_hal_flash_ex.o
                0x0000000008005a58                HAL_FLASHEx_OBGetConfig
 .text.HAL_GPIO_Init
                0x0000000008005a74      0x180 ./Drivers/STM32F0xx_HAL_Driver/Src/stm32f0xx_hal_gpio.o
                0x0000000008005a74                HAL_GPIO_Init
 .text.HAL_GPIO_ReadPin
                0x0000000008005bf4        0xe ./Drivers/STM32F0xx_HAL_Driver/Src/stm32f0xx_hal_gpio.o
                0x0000000008005bf4                HAL_GPIO_ReadPin
 .text.HAL_GPIO_WritePin
                0x0000000008005c02        0xc ./Drivers/STM32F0xx_HAL_Driver/Src/stm32f0xx_hal_gpio.o
                0x0000000008005c02                HAL_GPIO_WritePin
 .text.I2C_Flush_TXDR
                0x0000000008005c0e       0x1e ./Drivers/STM32F0xx_HAL_Driver/Src/stm32f0xx_hal_i2c.o
 .text.I2C_TransferConfig
                0x0000000008005c2c       0x30 ./Drivers/STM32F0xx_HAL_Driver/Src/stm32f0xx_hal_i2c.o
 .text.I2C_IsAcknowledgeFailed
                0x0000000008005c5c       0x90 ./Drivers/STM32F0xx_HAL_Driver/Src/stm32f0xx_hal_i2c.o
 .text.I2C_WaitOnTXISFlagUntilTimeout
                0x0000000008005cec       0x52 ./Drivers/STM32F0xx_HAL_Driver/Src/stm32f0xx_hal_i2c.o
 .text.I2C_WaitOnFlagUntilTimeout
                0x0000000008005d3e       0x54 ./Drivers/STM32F0xx_HAL_Driver/Src/stm32f0xx_hal_i2c.o
 *fill*         0x0000000008005d92        0x2 
 .text.I2C_RequestMemoryWrite
                0x0000000008005d94       0x78 ./Drivers/STM32F0xx_HAL_Driver/Src/stm32f0xx_hal_i2c.o
 .text.I2C_RequestMemoryRead
                0x0000000008005e0c       0x74 ./Drivers/STM32F0xx_HAL_Driver/Src/stm32f0xx_hal_i2c.o
 .text.I2C_WaitOnSTOPFlagUntilTimeout
                0x0000000008005e80       0x4e ./Drivers/STM32F0xx_HAL_Driver/Src/stm32f0xx_hal_i2c.o
 *fill*         0x0000000008005ece        0x2 
 .text.HAL_I2C_Init
                0x0000000008005ed0       0xcc ./Drivers/STM32F0xx_HAL_Driver/Src/stm32f0xx_hal_i2c.o
                0x0000000008005ed0                HAL_I2C_Init
 .text.HAL_I2C_Mem_Write
                0x0000000008005f9c      0x1a0 ./Drivers/STM32F0xx_HAL_Driver/Src/stm32f0xx_hal_i2c.o
                0x0000000008005f9c                HAL_I2C_Mem_Write
 .text.HAL_I2C_Mem_Read
                0x000000000800613c      0x1a8 ./Drivers/STM32F0xx_HAL_Driver/Src/stm32f0xx_hal_i2c.o
                0x000000000800613c                HAL_I2C_Mem_Read
 .text.HAL_I2CEx_ConfigAnalogFilter
                0x00000000080062e4       0x58 ./Drivers/STM32F0xx_HAL_Driver/Src/stm32f0xx_hal_i2c_ex.o
                0x00000000080062e4                HAL_I2CEx_ConfigAnalogFilter
 .text.HAL_I2CEx_ConfigDigitalFilter
                0x000000000800633c       0x54 ./Drivers/STM32F0xx_HAL_Driver/Src/stm32f0xx_hal_i2c_ex.o
                0x000000000800633c                HAL_I2CEx_ConfigDigitalFilter
 .text.HAL_RCC_OscConfig
                0x0000000008006390      0x544 ./Drivers/STM32F0xx_HAL_Driver/Src/stm32f0xx_hal_rcc.o
                0x0000000008006390                HAL_RCC_OscConfig
 .text.HAL_RCC_GetSysClockFreq
                0x00000000080068d4       0x94 ./Drivers/STM32F0xx_HAL_Driver/Src/stm32f0xx_hal_rcc.o
                0x00000000080068d4                HAL_RCC_GetSysClockFreq
 .text.HAL_RCC_ClockConfig
                0x0000000008006968      0x144 ./Drivers/STM32F0xx_HAL_Driver/Src/stm32f0xx_hal_rcc.o
                0x0000000008006968                HAL_RCC_ClockConfig
 .text.HAL_RCC_GetHCLKFreq
                0x0000000008006aac        0xc ./Drivers/STM32F0xx_HAL_Driver/Src/stm32f0xx_hal_rcc.o
                0x0000000008006aac                HAL_RCC_GetHCLKFreq
 .text.HAL_RCC_GetPCLK1Freq
                0x0000000008006ab8       0x20 ./Drivers/STM32F0xx_HAL_Driver/Src/stm32f0xx_hal_rcc.o
                0x0000000008006ab8                HAL_RCC_GetPCLK1Freq
 .text.HAL_RCCEx_PeriphCLKConfig
                0x0000000008006ad8      0x144 ./Drivers/STM32F0xx_HAL_Driver/Src/stm32f0xx_hal_rcc_ex.o
                0x0000000008006ad8                HAL_RCCEx_PeriphCLKConfig
 .text.TIM_TI1_ConfigInputStage
                0x0000000008006c1c       0x22 ./Drivers/STM32F0xx_HAL_Driver/Src/stm32f0xx_hal_tim.o
 *fill*         0x0000000008006c3e        0x2 
 .text.TIM_TI2_ConfigInputStage
                0x0000000008006c40       0x28 ./Drivers/STM32F0xx_HAL_Driver/Src/stm32f0xx_hal_tim.o
 .text.TIM_ITRx_SetConfig
                0x0000000008006c68       0x10 ./Drivers/STM32F0xx_HAL_Driver/Src/stm32f0xx_hal_tim.o
 .text.HAL_TIM_Base_Start_IT
                0x0000000008006c78       0x60 ./Drivers/STM32F0xx_HAL_Driver/Src/stm32f0xx_hal_tim.o
                0x0000000008006c78                HAL_TIM_Base_Start_IT
 .text.HAL_TIM_OC_DelayElapsedCallback
                0x0000000008006cd8        0x2 ./Drivers/STM32F0xx_HAL_Driver/Src/stm32f0xx_hal_tim.o
                0x0000000008006cd8                HAL_TIM_OC_DelayElapsedCallback
 .text.HAL_TIM_IC_CaptureCallback
                0x0000000008006cda        0x2 ./Drivers/STM32F0xx_HAL_Driver/Src/stm32f0xx_hal_tim.o
                0x0000000008006cda                HAL_TIM_IC_CaptureCallback
 .text.HAL_TIM_PWM_PulseFinishedCallback
                0x0000000008006cdc        0x2 ./Drivers/STM32F0xx_HAL_Driver/Src/stm32f0xx_hal_tim.o
                0x0000000008006cdc                HAL_TIM_PWM_PulseFinishedCallback
 .text.HAL_TIM_TriggerCallback
                0x0000000008006cde        0x2 ./Drivers/STM32F0xx_HAL_Driver/Src/stm32f0xx_hal_tim.o
                0x0000000008006cde                HAL_TIM_TriggerCallback
 .text.HAL_TIM_IRQHandler
                0x0000000008006ce0      0x15a ./Drivers/STM32F0xx_HAL_Driver/Src/stm32f0xx_hal_tim.o
                0x0000000008006ce0                HAL_TIM_IRQHandler
 *fill*         0x0000000008006e3a        0x2 
 .text.TIM_Base_SetConfig
                0x0000000008006e3c       0x94 ./Drivers/STM32F0xx_HAL_Driver/Src/stm32f0xx_hal_tim.o
                0x0000000008006e3c                TIM_Base_SetConfig
 .text.HAL_TIM_Base_Init
                0x0000000008006ed0       0x58 ./Drivers/STM32F0xx_HAL_Driver/Src/stm32f0xx_hal_tim.o
                0x0000000008006ed0                HAL_TIM_Base_Init
 .text.TIM_ETR_SetConfig
                0x0000000008006f28       0x18 ./Drivers/STM32F0xx_HAL_Driver/Src/stm32f0xx_hal_tim.o
                0x0000000008006f28                TIM_ETR_SetConfig
 .text.HAL_TIM_ConfigClockSource
                0x0000000008006f40      0x108 ./Drivers/STM32F0xx_HAL_Driver/Src/stm32f0xx_hal_tim.o
                0x0000000008006f40                HAL_TIM_ConfigClockSource
 .text.HAL_TIMEx_MasterConfigSynchronization
                0x0000000008007048       0x64 ./Drivers/STM32F0xx_HAL_Driver/Src/stm32f0xx_hal_tim_ex.o
                0x0000000008007048                HAL_TIMEx_MasterConfigSynchronization
 .text.HAL_TIMEx_CommutCallback
                0x00000000080070ac        0x2 ./Drivers/STM32F0xx_HAL_Driver/Src/stm32f0xx_hal_tim_ex.o
                0x00000000080070ac                HAL_TIMEx_CommutCallback
 .text.HAL_TIMEx_BreakCallback
                0x00000000080070ae        0x2 ./Drivers/STM32F0xx_HAL_Driver/Src/stm32f0xx_hal_tim_ex.o
                0x00000000080070ae                HAL_TIMEx_BreakCallback
 .text.UART_EndRxTransfer
                0x00000000080070b0       0x60 ./Drivers/STM32F0xx_HAL_Driver/Src/stm32f0xx_hal_uart.o
 .text.HAL_UART_TxCpltCallback
                0x0000000008007110        0x2 ./Drivers/STM32F0xx_HAL_Driver/Src/stm32f0xx_hal_uart.o
                0x0000000008007110                HAL_UART_TxCpltCallback
 .text.UART_EndTransmit_IT
                0x0000000008007112       0x28 ./Drivers/STM32F0xx_HAL_Driver/Src/stm32f0xx_hal_uart.o
 .text.HAL_UART_ErrorCallback
                0x000000000800713a        0x2 ./Drivers/STM32F0xx_HAL_Driver/Src/stm32f0xx_hal_uart.o
                0x000000000800713a                HAL_UART_ErrorCallback
 .text.UART_DMAAbortOnError
                0x000000000800713c       0x14 ./Drivers/STM32F0xx_HAL_Driver/Src/stm32f0xx_hal_uart.o
 .text.HAL_UARTEx_RxEventCallback
                0x0000000008007150        0x2 ./Drivers/STM32F0xx_HAL_Driver/Src/stm32f0xx_hal_uart.o
                0x0000000008007150                HAL_UARTEx_RxEventCallback
 *fill*         0x0000000008007152        0x2 
 .text.HAL_UART_IRQHandler
                0x0000000008007154      0x2cc ./Drivers/STM32F0xx_HAL_Driver/Src/stm32f0xx_hal_uart.o
                0x0000000008007154                HAL_UART_IRQHandler
 .text.HAL_UARTEx_WakeupCallback
                0x0000000008007420        0x2 ./Drivers/STM32F0xx_HAL_Driver/Src/stm32f0xx_hal_uart_ex.o
                0x0000000008007420                HAL_UARTEx_WakeupCallback
 *fill*         0x0000000008007422        0x2 
 .text.__libc_init_array
                0x0000000008007424       0x48 /home/sean/Applications/STM32_CUBE_IDE/plugins/com.st.stm32cube.ide.mcu.externaltools.gnu-tools-for-stm32.10.3-2021.10.linux64_1.0.0.202111181127/tools/bin/../lib/gcc/arm-none-eabi/10.3.1/../../../../arm-none-eabi/lib/thumb/v6-m/nofp/libc_nano.a(lib_a-init.o)
                0x0000000008007424                __libc_init_array
 .text.memcmp   0x000000000800746c       0x1c /home/sean/Applications/STM32_CUBE_IDE/plugins/com.st.stm32cube.ide.mcu.externaltools.gnu-tools-for-stm32.10.3-2021.10.linux64_1.0.0.202111181127/tools/bin/../lib/gcc/arm-none-eabi/10.3.1/../../../../arm-none-eabi/lib/thumb/v6-m/nofp/libc_nano.a(lib_a-memcmp.o)
                0x000000000800746c                memcmp
 .text.memcpy   0x0000000008007488       0x12 /home/sean/Applications/STM32_CUBE_IDE/plugins/com.st.stm32cube.ide.mcu.externaltools.gnu-tools-for-stm32.10.3-2021.10.linux64_1.0.0.202111181127/tools/bin/../lib/gcc/arm-none-eabi/10.3.1/../../../../arm-none-eabi/lib/thumb/v6-m/nofp/libc_nano.a(lib_a-memcpy-stub.o)
                0x0000000008007488                memcpy
 .text.memset   0x000000000800749a       0x10 /home/sean/Applications/STM32_CUBE_IDE/plugins/com.st.stm32cube.ide.mcu.externaltools.gnu-tools-for-stm32.10.3-2021.10.linux64_1.0.0.202111181127/tools/bin/../lib/gcc/arm-none-eabi/10.3.1/../../../../arm-none-eabi/lib/thumb/v6-m/nofp/libc_nano.a(lib_a-memset.o)
                0x000000000800749a                memset
 *(.glue_7)
 .glue_7        0x00000000080074aa        0x0 linker stubs
 *(.glue_7t)
 .glue_7t       0x00000000080074aa        0x0 linker stubs
 *(.eh_frame)
 *fill*         0x00000000080074aa        0x2 
 .eh_frame      0x00000000080074ac        0x0 /home/sean/Applications/STM32_CUBE_IDE/plugins/com.st.stm32cube.ide.mcu.externaltools.gnu-tools-for-stm32.10.3-2021.10.linux64_1.0.0.202111181127/tools/bin/../lib/gcc/arm-none-eabi/10.3.1/thumb/v6-m/nofp/crtbegin.o
 *(.init)
 .init          0x00000000080074ac        0x4 /home/sean/Applications/STM32_CUBE_IDE/plugins/com.st.stm32cube.ide.mcu.externaltools.gnu-tools-for-stm32.10.3-2021.10.linux64_1.0.0.202111181127/tools/bin/../lib/gcc/arm-none-eabi/10.3.1/thumb/v6-m/nofp/crti.o
                0x00000000080074ac                _init
 .init          0x00000000080074b0        0x8 /home/sean/Applications/STM32_CUBE_IDE/plugins/com.st.stm32cube.ide.mcu.externaltools.gnu-tools-for-stm32.10.3-2021.10.linux64_1.0.0.202111181127/tools/bin/../lib/gcc/arm-none-eabi/10.3.1/thumb/v6-m/nofp/crtn.o
 *(.fini)
 .fini          0x00000000080074b8        0x4 /home/sean/Applications/STM32_CUBE_IDE/plugins/com.st.stm32cube.ide.mcu.externaltools.gnu-tools-for-stm32.10.3-2021.10.linux64_1.0.0.202111181127/tools/bin/../lib/gcc/arm-none-eabi/10.3.1/thumb/v6-m/nofp/crti.o
                0x00000000080074b8                _fini
 .fini          0x00000000080074bc        0x8 /home/sean/Applications/STM32_CUBE_IDE/plugins/com.st.stm32cube.ide.mcu.externaltools.gnu-tools-for-stm32.10.3-2021.10.linux64_1.0.0.202111181127/tools/bin/../lib/gcc/arm-none-eabi/10.3.1/thumb/v6-m/nofp/crtn.o
                0x00000000080074c4                . = ALIGN (0x4)
                0x00000000080074c4                _etext = .

.vfp11_veneer   0x00000000080074c4        0x0
 .vfp11_veneer  0x00000000080074c4        0x0 linker stubs

.v4_bx          0x00000000080074c4        0x0
 .v4_bx         0x00000000080074c4        0x0 linker stubs

.iplt           0x00000000080074c4        0x0
 .iplt          0x00000000080074c4        0x0 /home/sean/Applications/STM32_CUBE_IDE/plugins/com.st.stm32cube.ide.mcu.externaltools.gnu-tools-for-stm32.10.3-2021.10.linux64_1.0.0.202111181127/tools/bin/../lib/gcc/arm-none-eabi/10.3.1/thumb/v6-m/nofp/crtbegin.o

.rodata         0x00000000080074c4      0x6d0
                0x00000000080074c4                . = ALIGN (0x4)
 *(.rodata)
 .rodata        0x00000000080074c4       0x22 ./Core/CommonLibraries/AFlibrary/Src/bno055.o
 *fill*         0x00000000080074e6        0x2 
 .rodata        0x00000000080074e8       0x40 /home/sean/Applications/STM32_CUBE_IDE/plugins/com.st.stm32cube.ide.mcu.externaltools.gnu-tools-for-stm32.10.3-2021.10.linux64_1.0.0.202111181127/tools/bin/../lib/gcc/arm-none-eabi/10.3.1/thumb/v6-m/nofp/libgcc.a(divdf3.o)
 .rodata        0x0000000008007528       0x40 /home/sean/Applications/STM32_CUBE_IDE/plugins/com.st.stm32cube.ide.mcu.externaltools.gnu-tools-for-stm32.10.3-2021.10.linux64_1.0.0.202111181127/tools/bin/../lib/gcc/arm-none-eabi/10.3.1/thumb/v6-m/nofp/libgcc.a(muldf3.o)
 *(.rodata*)
 .rodata.getBoardName.str1.4
                0x0000000008007568        0x0 ./Core/App/Src/app.o
                                          0x4 (size before relaxing)
 .rodata.getBoardNodeName.str1.4
                0x0000000008007568       0x18 ./Core/App/Src/app.o
 .rodata.setup.str1.4
                0x0000000008007580       0x19 ./Core/App/Src/app.o
 *fill*         0x0000000008007599        0x3 
 .rodata.loopMain.str1.4
                0x000000000800759c       0x38 ./Core/App/Src/app.o
 .rodata.readCommand.str1.4
                0x00000000080075d4       0x1d ./Core/CommonLibraries/AFlibrary/Src/afFieldProtocol.o
 *fill*         0x00000000080075f1        0x3 
 .rodata.addComponentFieldTableToGlobalTable.str1.4
                0x00000000080075f4       0x3c ./Core/CommonLibraries/AFlibrary/Src/afFieldProtocol.o
 .rodata.getFieldInfo.str1.4
                0x0000000008007630       0x3c ./Core/CommonLibraries/AFlibrary/Src/afFieldProtocol.o
                                          0x1 (size before relaxing)
 .rodata.addMultiFieldDataToPacket.str1.4
                0x0000000008007630       0x2d ./Core/CommonLibraries/AFlibrary/Src/afFieldProtocol.o
 *fill*         0x000000000800765d        0x3 
 .rodata.afProtocolProcessRx.str1.4
                0x0000000008007660       0x72 ./Core/CommonLibraries/AFlibrary/Src/afFieldProtocol.o
 *fill*         0x00000000080076d2        0x2 
 .rodata.parseFrameForMetaDataFieldIndex.str1.4
                0x00000000080076d4       0x4e ./Core/CommonLibraries/AFlibrary/Src/afFieldProtocol.o
 *fill*         0x0000000008007722        0x2 
 .rodata.createMetaDataPacket.str1.4
                0x0000000008007724       0x49 ./Core/CommonLibraries/AFlibrary/Src/afFieldProtocol.o
 *fill*         0x000000000800776d        0x3 
 .rodata.metaFieldSize
                0x0000000008007770        0xd ./Core/CommonLibraries/AFlibrary/Src/afFieldProtocol.o
                0x0000000008007770                metaFieldSize
 *fill*         0x000000000800777d        0x3 
 .rodata.convertTransferToDataPtr.str1.4
                0x0000000008007780       0x20 ./Core/CommonLibraries/AFlibrary/Src/can.o
 .rodata.processUavCanFrames.str1.4
                0x00000000080077a0       0x3f ./Core/CommonLibraries/AFlibrary/Src/can.o
 *fill*         0x00000000080077df        0x1 
 .rodata.getNodeInfoResponse.str1.4
                0x00000000080077e0       0x1c ./Core/CommonLibraries/AFlibrary/Src/can.o
 .rodata.getDataTypeSignature.str1.4
                0x00000000080077fc       0x13 ./Core/CommonLibraries/AFlibrary/Src/can.o
 *fill*         0x000000000800780f        0x1 
 .rodata.anonymousCanBroadcast.str1.4
                0x0000000008007810       0x5d ./Core/CommonLibraries/AFlibrary/Src/can.o
 *fill*         0x000000000800786d        0x3 
 .rodata.sendNodeAllocationFrame.str1.4
                0x0000000008007870       0x1d ./Core/CommonLibraries/AFlibrary/Src/can.o
 .rodata.canProcessRxFrame.str1.4
                0x000000000800788d        0x1 ./Core/CommonLibraries/AFlibrary/Src/can.o
 *fill*         0x000000000800788d        0x3 
 .rodata.canBroadcast.str1.4
                0x0000000008007890       0x30 ./Core/CommonLibraries/AFlibrary/Src/can.o
 .rodata.bufferRawCanFrames.str1.4
                0x00000000080078c0        0x8 ./Core/CommonLibraries/AFlibrary/Src/can.o
 .rodata.setupCan.str1.4
                0x00000000080078c8       0x33 ./Core/CommonLibraries/AFlibrary/Src/can.o
 *fill*         0x00000000080078fb        0x1 
 .rodata.requestSetFields.str1.4
                0x00000000080078fc        0xf ./Core/CommonLibraries/AFlibrary/Src/can.o
 *fill*         0x000000000800790b        0x1 
 .rodata.setRdp.str1.4
                0x000000000800790c        0xc ./Core/CommonLibraries/AFlibrary/Src/debugComponent.o
 .rodata.str1.4
                0x0000000008007918       0x24 ./Core/CommonLibraries/AFlibrary/Src/debugComponent.o
 .rodata.BNO055_I2C_bus_read.str1.4
                0x000000000800793c       0x10 ./Core/CommonLibraries/AFlibrary/Src/imu.o
 .rodata.BNO055_I2C_bus_write.str1.4
                0x000000000800794c       0x11 ./Core/CommonLibraries/AFlibrary/Src/imu.o
 *fill*         0x000000000800795d        0x3 
 .rodata.readAndProcess.str1.4
                0x0000000008007960       0x98 ./Core/CommonLibraries/AFlibrary/Src/imu.o
 .rodata.testImu.str1.4
                0x00000000080079f8       0x15 ./Core/CommonLibraries/AFlibrary/Src/imu.o
 *fill*         0x0000000008007a0d        0x3 
 .rodata.initialiseImu.str1.4
                0x0000000008007a10       0x95 ./Core/CommonLibraries/AFlibrary/Src/imu.o
 *fill*         0x0000000008007aa5        0x3 
 .rodata.str1.4
                0x0000000008007aa8       0xa4 ./Core/CommonLibraries/AFlibrary/Src/imu.o
                                         0xb8 (size before relaxing)
 .rodata.pushTxQueue.str1.4
                0x0000000008007b4c        0x1 ./Core/CommonLibraries/libcanard/src/canard.o
 .rodata.canardSTM32Init.str1.4
                0x0000000008007b4c        0x1 ./Core/CommonLibraries/libcanard/src/canard_stm32.o
 .rodata.RFxR.0
                0x0000000008007b4c        0x8 ./Core/CommonLibraries/libcanard/src/canard_stm32.o
 .rodata.AHBPrescTable
                0x0000000008007b54       0x10 ./Core/Src/system_stm32f0xx.o
                0x0000000008007b54                AHBPrescTable
 .rodata.APBPrescTable
                0x0000000008007b64        0x8 ./Core/Src/system_stm32f0xx.o
                0x0000000008007b64                APBPrescTable
 .rodata.HAL_RCC_GetSysClockFreq.str1.4
                0x0000000008007b6c       0x25 ./Drivers/STM32F0xx_HAL_Driver/Src/stm32f0xx_hal_rcc.o
                0x0000000008007b94                . = ALIGN (0x4)
 *fill*         0x0000000008007b91        0x3 

.ARM.extab      0x0000000008007b94        0x0
                0x0000000008007b94                . = ALIGN (0x4)
 *(.ARM.extab* .gnu.linkonce.armextab.*)
                0x0000000008007b94                . = ALIGN (0x4)

.ARM            0x0000000008007b94        0x8
                0x0000000008007b94                . = ALIGN (0x4)
                0x0000000008007b94                __exidx_start = .
 *(.ARM.exidx*)
 .ARM.exidx     0x0000000008007b94        0x8 /home/sean/Applications/STM32_CUBE_IDE/plugins/com.st.stm32cube.ide.mcu.externaltools.gnu-tools-for-stm32.10.3-2021.10.linux64_1.0.0.202111181127/tools/bin/../lib/gcc/arm-none-eabi/10.3.1/thumb/v6-m/nofp/libgcc.a(_udivmoddi4.o)
                0x0000000008007b9c                __exidx_end = .
                0x0000000008007b9c                . = ALIGN (0x4)

.rel.dyn        0x0000000008007b9c        0x0
 .rel.iplt      0x0000000008007b9c        0x0 /home/sean/Applications/STM32_CUBE_IDE/plugins/com.st.stm32cube.ide.mcu.externaltools.gnu-tools-for-stm32.10.3-2021.10.linux64_1.0.0.202111181127/tools/bin/../lib/gcc/arm-none-eabi/10.3.1/thumb/v6-m/nofp/crtbegin.o

.preinit_array  0x0000000008007b9c        0x0
                0x0000000008007b9c                . = ALIGN (0x4)
                0x0000000008007b9c                PROVIDE (__preinit_array_start = .)
 *(.preinit_array*)
                0x0000000008007b9c                PROVIDE (__preinit_array_end = .)
                0x0000000008007b9c                . = ALIGN (0x4)

.init_array     0x0000000008007b9c        0x4
                0x0000000008007b9c                . = ALIGN (0x4)
                0x0000000008007b9c                PROVIDE (__init_array_start = .)
 *(SORT_BY_NAME(.init_array.*))
 *(.init_array*)
 .init_array    0x0000000008007b9c        0x4 /home/sean/Applications/STM32_CUBE_IDE/plugins/com.st.stm32cube.ide.mcu.externaltools.gnu-tools-for-stm32.10.3-2021.10.linux64_1.0.0.202111181127/tools/bin/../lib/gcc/arm-none-eabi/10.3.1/thumb/v6-m/nofp/crtbegin.o
                0x0000000008007ba0                PROVIDE (__init_array_end = .)
                0x0000000008007ba0                . = ALIGN (0x4)

.fini_array     0x0000000008007ba0        0x4
                0x0000000008007ba0                . = ALIGN (0x4)
                [!provide]                        PROVIDE (__fini_array_start = .)
 *(SORT_BY_NAME(.fini_array.*))
 *(.fini_array*)
 .fini_array    0x0000000008007ba0        0x4 /home/sean/Applications/STM32_CUBE_IDE/plugins/com.st.stm32cube.ide.mcu.externaltools.gnu-tools-for-stm32.10.3-2021.10.linux64_1.0.0.202111181127/tools/bin/../lib/gcc/arm-none-eabi/10.3.1/thumb/v6-m/nofp/crtbegin.o
                [!provide]                        PROVIDE (__fini_array_end = .)
                0x0000000008007ba4                . = ALIGN (0x4)
                0x0000000008007ba4                _sidata = LOADADDR (.data)

.data           0x0000000020000000      0x240 load address 0x0000000008007ba4
                0x0000000020000000                . = ALIGN (0x4)
                0x0000000020000000                _sdata = .
 *(.data)
 *(.data*)
 .data.globalPacket
                0x0000000020000000        0x8 ./Core/CommonLibraries/AFlibrary/Src/afFieldProtocol.o
                0x0000000020000000                globalPacket
 .data.debugFieldMetaData
                0x0000000020000008        0xc ./Core/CommonLibraries/AFlibrary/Src/debugComponent.o
 .data.debugFieldTable
                0x0000000020000014       0x60 ./Core/CommonLibraries/AFlibrary/Src/debugComponent.o
                0x0000000020000014                debugFieldTable
 .data.one      0x0000000020000074        0x1 ./Core/CommonLibraries/AFlibrary/Src/debugComponent.o
 *fill*         0x0000000020000075        0x3 
 .data.accelerationMetaData
                0x0000000020000078       0x14 ./Core/CommonLibraries/AFlibrary/Src/imu.o
 .data.angleMetaData
                0x000000002000008c       0x14 ./Core/CommonLibraries/AFlibrary/Src/imu.o
 .data.angularVelocityMetaData
                0x00000000200000a0       0x14 ./Core/CommonLibraries/AFlibrary/Src/imu.o
 .data.imuFieldTable
                0x00000000200000b4      0x180 ./Core/CommonLibraries/AFlibrary/Src/imu.o
                0x00000000200000b4                imuFieldTable
 .data.SystemCoreClock
                0x0000000020000234        0x4 ./Core/Src/system_stm32f0xx.o
                0x0000000020000234                SystemCoreClock
 .data.uwTickFreq
                0x0000000020000238        0x1 ./Drivers/STM32F0xx_HAL_Driver/Src/stm32f0xx_hal.o
                0x0000000020000238                uwTickFreq
 *fill*         0x0000000020000239        0x3 
 .data.uwTickPrio
                0x000000002000023c        0x4 ./Drivers/STM32F0xx_HAL_Driver/Src/stm32f0xx_hal.o
                0x000000002000023c                uwTickPrio
                0x0000000020000240                . = ALIGN (0x4)
                0x0000000020000240                _edata = .

.igot.plt       0x0000000020000240        0x0 load address 0x0000000008007de4
 .igot.plt      0x0000000020000240        0x0 /home/sean/Applications/STM32_CUBE_IDE/plugins/com.st.stm32cube.ide.mcu.externaltools.gnu-tools-for-stm32.10.3-2021.10.linux64_1.0.0.202111181127/tools/bin/../lib/gcc/arm-none-eabi/10.3.1/thumb/v6-m/nofp/crtbegin.o
                0x0000000020000240                . = ALIGN (0x4)

.bss            0x0000000020000240      0xb40 load address 0x0000000008007de4
                0x0000000020000240                _sbss = .
                0x0000000020000240                __bss_start__ = _sbss
 *(.bss)
 .bss           0x0000000020000240       0x1c /home/sean/Applications/STM32_CUBE_IDE/plugins/com.st.stm32cube.ide.mcu.externaltools.gnu-tools-for-stm32.10.3-2021.10.linux64_1.0.0.202111181127/tools/bin/../lib/gcc/arm-none-eabi/10.3.1/thumb/v6-m/nofp/crtbegin.o
 *(.bss*)
 .bss.count.0   0x000000002000025c        0x2 ./Core/App/Src/app.o
 *fill*         0x000000002000025e        0x2 
 .bss.CExceptionFrames
                0x0000000020000260       0x20 ./Core/CommonLibraries/AFlibrary/Src/CException.o
                0x0000000020000260                CExceptionFrames
 .bss.threadStack
                0x0000000020000280        0x4 ./Core/CommonLibraries/AFlibrary/Src/CExceptionConfig.o
                0x0000000020000280                threadStack
 .bss.threadStackIndex
                0x0000000020000284        0x1 ./Core/CommonLibraries/AFlibrary/Src/CExceptionConfig.o
                0x0000000020000284                threadStackIndex
 *fill*         0x0000000020000285        0x3 
 .bss.assertBuffer
                0x0000000020000288       0x32 ./Core/CommonLibraries/AFlibrary/Src/afException.o
                0x0000000020000288                assertBuffer
 .bss.assertBufferIndex
                0x00000000200002ba        0x2 ./Core/CommonLibraries/AFlibrary/Src/afException.o
                0x00000000200002ba                assertBufferIndex
 .bss.assertCount
                0x00000000200002bc        0x2 ./Core/CommonLibraries/AFlibrary/Src/afException.o
                0x00000000200002bc                assertCount
 *fill*         0x00000000200002be        0x2 
 .bss.componentTableSizes
                0x00000000200002c0       0x28 ./Core/CommonLibraries/AFlibrary/Src/afFieldProtocol.o
                0x00000000200002c0                componentTableSizes
 .bss.componentTables
                0x00000000200002e8       0x28 ./Core/CommonLibraries/AFlibrary/Src/afFieldProtocol.o
                0x00000000200002e8                componentTables
 .bss.fieldInfo.0
                0x0000000020000310        0x4 ./Core/CommonLibraries/AFlibrary/Src/afFieldProtocol.o
 .bss.globalPacketData
                0x0000000020000314      0x100 ./Core/CommonLibraries/AFlibrary/Src/afFieldProtocol.o
                0x0000000020000314                globalPacketData
 .bss.numComponents
                0x0000000020000414        0x1 ./Core/CommonLibraries/AFlibrary/Src/afFieldProtocol.o
                0x0000000020000414                numComponents
 *fill*         0x0000000020000415        0x3 
 .bss.p_bno055  0x0000000020000418        0x4 ./Core/CommonLibraries/AFlibrary/Src/bno055.o
 *fill*         0x000000002000041c        0x4 
 .bss.canDrv    0x0000000020000420      0x720 ./Core/CommonLibraries/AFlibrary/Src/can.o
 .bss.lastRxOverflowCount.4
                0x0000000020000b40        0x4 ./Core/CommonLibraries/AFlibrary/Src/can.o
 .bss.lastRxTidErrorCount.3
                0x0000000020000b44        0x4 ./Core/CommonLibraries/AFlibrary/Src/can.o
 .bss.startedAtSec.7
                0x0000000020000b48        0x4 ./Core/CommonLibraries/AFlibrary/Src/can.o
 *fill*         0x0000000020000b4c        0x4 
 .bss.timeoutTime.6
                0x0000000020000b50        0x8 ./Core/CommonLibraries/AFlibrary/Src/can.o
 .bss.transferId.0
                0x0000000020000b58        0x1 ./Core/CommonLibraries/AFlibrary/Src/can.o
 .bss.transferId.5
                0x0000000020000b59        0x1 ./Core/CommonLibraries/AFlibrary/Src/can.o
 .bss.transferId.8
                0x0000000020000b5a        0x1 ./Core/CommonLibraries/AFlibrary/Src/can.o
 .bss.transfer_id.2
                0x0000000020000b5b        0x1 ./Core/CommonLibraries/AFlibrary/Src/can.o
 .bss.next.0    0x0000000020000b5c        0x4 ./Core/CommonLibraries/AFlibrary/Src/debugComponent.o
 .bss.rdpLevel  0x0000000020000b60        0x4 ./Core/CommonLibraries/AFlibrary/Src/debugComponent.o
                0x0000000020000b60                rdpLevel
 .bss.imu       0x0000000020000b64       0x50 ./Core/CommonLibraries/AFlibrary/Src/imu.o
 .bss.nextTicks.0
                0x0000000020000bb4        0x4 ./Core/CommonLibraries/AFlibrary/Src/imu.o
 .bss.zero      0x0000000020000bb8        0x1 ./Core/CommonLibraries/AFlibrary/Src/imu.o
 .bss.g_abort_tx_on_error
                0x0000000020000bb9        0x1 ./Core/CommonLibraries/libcanard/src/canard_stm32.o
 .bss.g_abort_tx_on_nack
                0x0000000020000bba        0x1 ./Core/CommonLibraries/libcanard/src/canard_stm32.o
 *fill*         0x0000000020000bbb        0x5 
 .bss.g_stats   0x0000000020000bc0       0x10 ./Core/CommonLibraries/libcanard/src/canard_stm32.o
 .bss.hcan      0x0000000020000bd0       0x28 ./Core/Src/main.o
                0x0000000020000bd0                hcan
 .bss.hi2c1     0x0000000020000bf8       0x4c ./Core/Src/main.o
                0x0000000020000bf8                hi2c1
 .bss.htim17    0x0000000020000c44       0x48 ./Core/Src/main.o
                0x0000000020000c44                htim17
 .bss.htim3     0x0000000020000c8c       0x48 ./Core/Src/main.o
                0x0000000020000c8c                htim3
 .bss.huart2    0x0000000020000cd4       0x84 ./Core/Src/main.o
                0x0000000020000cd4                huart2
 .bss.uwTick    0x0000000020000d58        0x4 ./Drivers/STM32F0xx_HAL_Driver/Src/stm32f0xx_hal.o
                0x0000000020000d58                uwTick
 *fill*         0x0000000020000d5c        0x4 
 .bss.pFlash    0x0000000020000d60       0x20 ./Drivers/STM32F0xx_HAL_Driver/Src/stm32f0xx_hal_flash.o
                0x0000000020000d60                pFlash
 *(COMMON)
                0x0000000020000d80                . = ALIGN (0x4)
                0x0000000020000d80                _ebss = .
                0x0000000020000d80                __bss_end__ = _ebss

._user_heap_stack
                0x0000000020000d80      0x600 load address 0x0000000008007de4
                0x0000000020000d80                . = ALIGN (0x8)
                0x0000000020000d80                PROVIDE (end = .)
                [!provide]                        PROVIDE (_end = .)
                0x0000000020000f80                . = (. + _Min_Heap_Size)
 *fill*         0x0000000020000d80      0x200 
                0x0000000020001380                . = (. + _Min_Stack_Size)
 *fill*         0x0000000020000f80      0x400 
                0x0000000020001380                . = ALIGN (0x8)

/DISCARD/
 libc.a(*)
 libm.a(*)
 libgcc.a(*)

.ARM.attributes
                0x0000000000000000       0x28
 *(.ARM.attributes)
 .ARM.attributes
                0x0000000000000000       0x1e /home/sean/Applications/STM32_CUBE_IDE/plugins/com.st.stm32cube.ide.mcu.externaltools.gnu-tools-for-stm32.10.3-2021.10.linux64_1.0.0.202111181127/tools/bin/../lib/gcc/arm-none-eabi/10.3.1/thumb/v6-m/nofp/crti.o
 .ARM.attributes
                0x000000000000001e       0x2c /home/sean/Applications/STM32_CUBE_IDE/plugins/com.st.stm32cube.ide.mcu.externaltools.gnu-tools-for-stm32.10.3-2021.10.linux64_1.0.0.202111181127/tools/bin/../lib/gcc/arm-none-eabi/10.3.1/thumb/v6-m/nofp/crtbegin.o
 .ARM.attributes
                0x000000000000004a       0x2c ./Core/App/Src/app.o
 .ARM.attributes
                0x0000000000000076       0x2c ./Core/CommonLibraries/AFlibrary/Src/CException.o
 .ARM.attributes
                0x00000000000000a2       0x2c ./Core/CommonLibraries/AFlibrary/Src/CExceptionConfig.o
 .ARM.attributes
                0x00000000000000ce       0x2c ./Core/CommonLibraries/AFlibrary/Src/afException.o
 .ARM.attributes
                0x00000000000000fa       0x2c ./Core/CommonLibraries/AFlibrary/Src/afFieldProtocol.o
 .ARM.attributes
                0x0000000000000126       0x2c ./Core/CommonLibraries/AFlibrary/Src/bno055.o
 .ARM.attributes
                0x0000000000000152       0x2c ./Core/CommonLibraries/AFlibrary/Src/can.o
 .ARM.attributes
                0x000000000000017e       0x2c ./Core/CommonLibraries/AFlibrary/Src/debugComponent.o
 .ARM.attributes
                0x00000000000001aa       0x2c ./Core/CommonLibraries/AFlibrary/Src/imu.o
 .ARM.attributes
                0x00000000000001d6       0x2c ./Core/CommonLibraries/AFlibrary/Src/useful.o
 .ARM.attributes
                0x0000000000000202       0x2c ./Core/CommonLibraries/libcanard/src/canard.o
 .ARM.attributes
                0x000000000000022e       0x2c ./Core/CommonLibraries/libcanard/src/canard_stm32.o
 .ARM.attributes
                0x000000000000025a       0x2c ./Core/Src/main.o
 .ARM.attributes
                0x0000000000000286       0x2c ./Core/Src/stm32f0xx_hal_msp.o
 .ARM.attributes
                0x00000000000002b2       0x2c ./Core/Src/stm32f0xx_it.o
 .ARM.attributes
                0x00000000000002de       0x2c ./Core/Src/system_stm32f0xx.o
 .ARM.attributes
                0x000000000000030a       0x21 ./Core/Startup/startup_stm32f042f6px.o
 .ARM.attributes
                0x000000000000032b       0x2c ./Drivers/STM32F0xx_HAL_Driver/Src/stm32f0xx_hal.o
 .ARM.attributes
                0x0000000000000357       0x2c ./Drivers/STM32F0xx_HAL_Driver/Src/stm32f0xx_hal_cortex.o
 .ARM.attributes
                0x0000000000000383       0x2c ./Drivers/STM32F0xx_HAL_Driver/Src/stm32f0xx_hal_dma.o
 .ARM.attributes
                0x00000000000003af       0x2c ./Drivers/STM32F0xx_HAL_Driver/Src/stm32f0xx_hal_flash.o
 .ARM.attributes
                0x00000000000003db       0x2c ./Drivers/STM32F0xx_HAL_Driver/Src/stm32f0xx_hal_flash_ex.o
 .ARM.attributes
                0x0000000000000407       0x2c ./Drivers/STM32F0xx_HAL_Driver/Src/stm32f0xx_hal_gpio.o
 .ARM.attributes
                0x0000000000000433       0x2c ./Drivers/STM32F0xx_HAL_Driver/Src/stm32f0xx_hal_i2c.o
 .ARM.attributes
                0x000000000000045f       0x2c ./Drivers/STM32F0xx_HAL_Driver/Src/stm32f0xx_hal_i2c_ex.o
 .ARM.attributes
                0x000000000000048b       0x2c ./Drivers/STM32F0xx_HAL_Driver/Src/stm32f0xx_hal_rcc.o
 .ARM.attributes
                0x00000000000004b7       0x2c ./Drivers/STM32F0xx_HAL_Driver/Src/stm32f0xx_hal_rcc_ex.o
 .ARM.attributes
                0x00000000000004e3       0x2c ./Drivers/STM32F0xx_HAL_Driver/Src/stm32f0xx_hal_tim.o
 .ARM.attributes
                0x000000000000050f       0x2c ./Drivers/STM32F0xx_HAL_Driver/Src/stm32f0xx_hal_tim_ex.o
 .ARM.attributes
                0x000000000000053b       0x2c ./Drivers/STM32F0xx_HAL_Driver/Src/stm32f0xx_hal_uart.o
 .ARM.attributes
                0x0000000000000567       0x2c ./Drivers/STM32F0xx_HAL_Driver/Src/stm32f0xx_hal_uart_ex.o
 .ARM.attributes
                0x0000000000000593       0x2c /home/sean/Applications/STM32_CUBE_IDE/plugins/com.st.stm32cube.ide.mcu.externaltools.gnu-tools-for-stm32.10.3-2021.10.linux64_1.0.0.202111181127/tools/bin/../lib/gcc/arm-none-eabi/10.3.1/../../../../arm-none-eabi/lib/thumb/v6-m/nofp/libc_nano.a(lib_a-init.o)
 .ARM.attributes
                0x00000000000005bf       0x2c /home/sean/Applications/STM32_CUBE_IDE/plugins/com.st.stm32cube.ide.mcu.externaltools.gnu-tools-for-stm32.10.3-2021.10.linux64_1.0.0.202111181127/tools/bin/../lib/gcc/arm-none-eabi/10.3.1/../../../../arm-none-eabi/lib/thumb/v6-m/nofp/libc_nano.a(lib_a-memcmp.o)
 .ARM.attributes
                0x00000000000005eb       0x2c /home/sean/Applications/STM32_CUBE_IDE/plugins/com.st.stm32cube.ide.mcu.externaltools.gnu-tools-for-stm32.10.3-2021.10.linux64_1.0.0.202111181127/tools/bin/../lib/gcc/arm-none-eabi/10.3.1/../../../../arm-none-eabi/lib/thumb/v6-m/nofp/libc_nano.a(lib_a-memcpy-stub.o)
 .ARM.attributes
                0x0000000000000617       0x2c /home/sean/Applications/STM32_CUBE_IDE/plugins/com.st.stm32cube.ide.mcu.externaltools.gnu-tools-for-stm32.10.3-2021.10.linux64_1.0.0.202111181127/tools/bin/../lib/gcc/arm-none-eabi/10.3.1/../../../../arm-none-eabi/lib/thumb/v6-m/nofp/libc_nano.a(lib_a-memset.o)
 .ARM.attributes
                0x0000000000000643       0x1c /home/sean/Applications/STM32_CUBE_IDE/plugins/com.st.stm32cube.ide.mcu.externaltools.gnu-tools-for-stm32.10.3-2021.10.linux64_1.0.0.202111181127/tools/bin/../lib/gcc/arm-none-eabi/10.3.1/../../../../arm-none-eabi/lib/thumb/v6-m/nofp/libc_nano.a(lib_a-setjmp.o)
 .ARM.attributes
                0x000000000000065f       0x1c /home/sean/Applications/STM32_CUBE_IDE/plugins/com.st.stm32cube.ide.mcu.externaltools.gnu-tools-for-stm32.10.3-2021.10.linux64_1.0.0.202111181127/tools/bin/../lib/gcc/arm-none-eabi/10.3.1/../../../../arm-none-eabi/lib/thumb/v6-m/nofp/libc_nano.a(lib_a-strlen.o)
 .ARM.attributes
                0x000000000000067b       0x1e /home/sean/Applications/STM32_CUBE_IDE/plugins/com.st.stm32cube.ide.mcu.externaltools.gnu-tools-for-stm32.10.3-2021.10.linux64_1.0.0.202111181127/tools/bin/../lib/gcc/arm-none-eabi/10.3.1/thumb/v6-m/nofp/libgcc.a(_udivsi3.o)
 .ARM.attributes
                0x0000000000000699       0x1e /home/sean/Applications/STM32_CUBE_IDE/plugins/com.st.stm32cube.ide.mcu.externaltools.gnu-tools-for-stm32.10.3-2021.10.linux64_1.0.0.202111181127/tools/bin/../lib/gcc/arm-none-eabi/10.3.1/thumb/v6-m/nofp/libgcc.a(_dvmd_tls.o)
 .ARM.attributes
                0x00000000000006b7       0x1e /home/sean/Applications/STM32_CUBE_IDE/plugins/com.st.stm32cube.ide.mcu.externaltools.gnu-tools-for-stm32.10.3-2021.10.linux64_1.0.0.202111181127/tools/bin/../lib/gcc/arm-none-eabi/10.3.1/thumb/v6-m/nofp/libgcc.a(_aeabi_uldivmod.o)
 .ARM.attributes
                0x00000000000006d5       0x2c /home/sean/Applications/STM32_CUBE_IDE/plugins/com.st.stm32cube.ide.mcu.externaltools.gnu-tools-for-stm32.10.3-2021.10.linux64_1.0.0.202111181127/tools/bin/../lib/gcc/arm-none-eabi/10.3.1/thumb/v6-m/nofp/libgcc.a(_muldi3.o)
 .ARM.attributes
                0x0000000000000701       0x2c /home/sean/Applications/STM32_CUBE_IDE/plugins/com.st.stm32cube.ide.mcu.externaltools.gnu-tools-for-stm32.10.3-2021.10.linux64_1.0.0.202111181127/tools/bin/../lib/gcc/arm-none-eabi/10.3.1/thumb/v6-m/nofp/libgcc.a(_udivmoddi4.o)
 .ARM.attributes
                0x000000000000072d       0x2c /home/sean/Applications/STM32_CUBE_IDE/plugins/com.st.stm32cube.ide.mcu.externaltools.gnu-tools-for-stm32.10.3-2021.10.linux64_1.0.0.202111181127/tools/bin/../lib/gcc/arm-none-eabi/10.3.1/thumb/v6-m/nofp/libgcc.a(divdf3.o)
 .ARM.attributes
                0x0000000000000759       0x2c /home/sean/Applications/STM32_CUBE_IDE/plugins/com.st.stm32cube.ide.mcu.externaltools.gnu-tools-for-stm32.10.3-2021.10.linux64_1.0.0.202111181127/tools/bin/../lib/gcc/arm-none-eabi/10.3.1/thumb/v6-m/nofp/libgcc.a(muldf3.o)
 .ARM.attributes
                0x0000000000000785       0x2c /home/sean/Applications/STM32_CUBE_IDE/plugins/com.st.stm32cube.ide.mcu.externaltools.gnu-tools-for-stm32.10.3-2021.10.linux64_1.0.0.202111181127/tools/bin/../lib/gcc/arm-none-eabi/10.3.1/thumb/v6-m/nofp/libgcc.a(floatsidf.o)
 .ARM.attributes
                0x00000000000007b1       0x2c /home/sean/Applications/STM32_CUBE_IDE/plugins/com.st.stm32cube.ide.mcu.externaltools.gnu-tools-for-stm32.10.3-2021.10.linux64_1.0.0.202111181127/tools/bin/../lib/gcc/arm-none-eabi/10.3.1/thumb/v6-m/nofp/libgcc.a(truncdfsf2.o)
 .ARM.attributes
                0x00000000000007dd       0x1e /home/sean/Applications/STM32_CUBE_IDE/plugins/com.st.stm32cube.ide.mcu.externaltools.gnu-tools-for-stm32.10.3-2021.10.linux64_1.0.0.202111181127/tools/bin/../lib/gcc/arm-none-eabi/10.3.1/thumb/v6-m/nofp/libgcc.a(_clzsi2.o)
 .ARM.attributes
                0x00000000000007fb       0x1e /home/sean/Applications/STM32_CUBE_IDE/plugins/com.st.stm32cube.ide.mcu.externaltools.gnu-tools-for-stm32.10.3-2021.10.linux64_1.0.0.202111181127/tools/bin/../lib/gcc/arm-none-eabi/10.3.1/thumb/v6-m/nofp/libgcc.a(_clzdi2.o)
 .ARM.attributes
                0x0000000000000819       0x1e /home/sean/Applications/STM32_CUBE_IDE/plugins/com.st.stm32cube.ide.mcu.externaltools.gnu-tools-for-stm32.10.3-2021.10.linux64_1.0.0.202111181127/tools/bin/../lib/gcc/arm-none-eabi/10.3.1/thumb/v6-m/nofp/crtn.o
OUTPUT(IMU.elf elf32-littlearm)
LOAD linker stubs
LOAD /home/sean/Applications/STM32_CUBE_IDE/plugins/com.st.stm32cube.ide.mcu.externaltools.gnu-tools-for-stm32.10.3-2021.10.linux64_1.0.0.202111181127/tools/bin/../lib/gcc/arm-none-eabi/10.3.1/../../../../arm-none-eabi/lib/thumb/v6-m/nofp/libc.a
LOAD /home/sean/Applications/STM32_CUBE_IDE/plugins/com.st.stm32cube.ide.mcu.externaltools.gnu-tools-for-stm32.10.3-2021.10.linux64_1.0.0.202111181127/tools/bin/../lib/gcc/arm-none-eabi/10.3.1/../../../../arm-none-eabi/lib/thumb/v6-m/nofp/libm.a
LOAD /home/sean/Applications/STM32_CUBE_IDE/plugins/com.st.stm32cube.ide.mcu.externaltools.gnu-tools-for-stm32.10.3-2021.10.linux64_1.0.0.202111181127/tools/bin/../lib/gcc/arm-none-eabi/10.3.1/thumb/v6-m/nofp/libgcc.a

.debug_info     0x0000000000000000    0x2fb04
 .debug_info    0x0000000000000000     0x1324 ./Core/App/Src/app.o
 .debug_info    0x0000000000001324      0x1b2 ./Core/CommonLibraries/AFlibrary/Src/CException.o
 .debug_info    0x00000000000014d6       0xd3 ./Core/CommonLibraries/AFlibrary/Src/CExceptionConfig.o
 .debug_info    0x00000000000015a9      0x262 ./Core/CommonLibraries/AFlibrary/Src/afException.o
 .debug_info    0x000000000000180b     0x16dd ./Core/CommonLibraries/AFlibrary/Src/afFieldProtocol.o
 .debug_info    0x0000000000002ee8     0xbec8 ./Core/CommonLibraries/AFlibrary/Src/bno055.o
 .debug_info    0x000000000000edb0     0x2d6b ./Core/CommonLibraries/AFlibrary/Src/can.o
 .debug_info    0x0000000000011b1b      0x652 ./Core/CommonLibraries/AFlibrary/Src/debugComponent.o
 .debug_info    0x000000000001216d     0x16b0 ./Core/CommonLibraries/AFlibrary/Src/imu.o
 .debug_info    0x000000000001381d      0xd52 ./Core/CommonLibraries/AFlibrary/Src/useful.o
 .debug_info    0x000000000001456f     0x29d3 ./Core/CommonLibraries/libcanard/src/canard.o
 .debug_info    0x0000000000016f42      0xbca ./Core/CommonLibraries/libcanard/src/canard_stm32.o
 .debug_info    0x0000000000017b0c     0x1a3a ./Core/Src/main.o
 .debug_info    0x0000000000019546     0x1854 ./Core/Src/stm32f0xx_hal_msp.o
 .debug_info    0x000000000001ad9a      0xa78 ./Core/Src/stm32f0xx_it.o
 .debug_info    0x000000000001b812      0x2a1 ./Core/Src/system_stm32f0xx.o
 .debug_info    0x000000000001bab3       0x22 ./Core/Startup/startup_stm32f042f6px.o
 .debug_info    0x000000000001bad5      0x779 ./Drivers/STM32F0xx_HAL_Driver/Src/stm32f0xx_hal.o
 .debug_info    0x000000000001c24e      0x84a ./Drivers/STM32F0xx_HAL_Driver/Src/stm32f0xx_hal_cortex.o
 .debug_info    0x000000000001ca98      0x8ac ./Drivers/STM32F0xx_HAL_Driver/Src/stm32f0xx_hal_dma.o
 .debug_info    0x000000000001d344      0x677 ./Drivers/STM32F0xx_HAL_Driver/Src/stm32f0xx_hal_flash.o
 .debug_info    0x000000000001d9bb      0x999 ./Drivers/STM32F0xx_HAL_Driver/Src/stm32f0xx_hal_flash_ex.o
 .debug_info    0x000000000001e354      0x668 ./Drivers/STM32F0xx_HAL_Driver/Src/stm32f0xx_hal_gpio.o
 .debug_info    0x000000000001e9bc     0x3fb2 ./Drivers/STM32F0xx_HAL_Driver/Src/stm32f0xx_hal_i2c.o
 .debug_info    0x000000000002296e      0x8c5 ./Drivers/STM32F0xx_HAL_Driver/Src/stm32f0xx_hal_i2c_ex.o
 .debug_info    0x0000000000023233      0xae0 ./Drivers/STM32F0xx_HAL_Driver/Src/stm32f0xx_hal_rcc.o
 .debug_info    0x0000000000023d13      0x72e ./Drivers/STM32F0xx_HAL_Driver/Src/stm32f0xx_hal_rcc_ex.o
 .debug_info    0x0000000000024441     0x3d37 ./Drivers/STM32F0xx_HAL_Driver/Src/stm32f0xx_hal_tim.o
 .debug_info    0x0000000000028178     0x1afa ./Drivers/STM32F0xx_HAL_Driver/Src/stm32f0xx_hal_tim_ex.o
 .debug_info    0x0000000000029c72     0x4fed ./Drivers/STM32F0xx_HAL_Driver/Src/stm32f0xx_hal_uart.o
 .debug_info    0x000000000002ec5f      0xea5 ./Drivers/STM32F0xx_HAL_Driver/Src/stm32f0xx_hal_uart_ex.o

.debug_abbrev   0x0000000000000000     0x4873
 .debug_abbrev  0x0000000000000000      0x327 ./Core/App/Src/app.o
 .debug_abbrev  0x0000000000000327      0x12e ./Core/CommonLibraries/AFlibrary/Src/CException.o
 .debug_abbrev  0x0000000000000455       0x82 ./Core/CommonLibraries/AFlibrary/Src/CExceptionConfig.o
 .debug_abbrev  0x00000000000004d7      0x157 ./Core/CommonLibraries/AFlibrary/Src/afException.o
 .debug_abbrev  0x000000000000062e      0x374 ./Core/CommonLibraries/AFlibrary/Src/afFieldProtocol.o
 .debug_abbrev  0x00000000000009a2      0x1e0 ./Core/CommonLibraries/AFlibrary/Src/bno055.o
 .debug_abbrev  0x0000000000000b82      0x54f ./Core/CommonLibraries/AFlibrary/Src/can.o
 .debug_abbrev  0x00000000000010d1      0x22d ./Core/CommonLibraries/AFlibrary/Src/debugComponent.o
 .debug_abbrev  0x00000000000012fe      0x2e8 ./Core/CommonLibraries/AFlibrary/Src/imu.o
 .debug_abbrev  0x00000000000015e6      0x237 ./Core/CommonLibraries/AFlibrary/Src/useful.o
 .debug_abbrev  0x000000000000181d      0x40e ./Core/CommonLibraries/libcanard/src/canard.o
 .debug_abbrev  0x0000000000001c2b      0x2ff ./Core/CommonLibraries/libcanard/src/canard_stm32.o
 .debug_abbrev  0x0000000000001f2a      0x2f6 ./Core/Src/main.o
 .debug_abbrev  0x0000000000002220      0x260 ./Core/Src/stm32f0xx_hal_msp.o
 .debug_abbrev  0x0000000000002480      0x191 ./Core/Src/stm32f0xx_it.o
 .debug_abbrev  0x0000000000002611      0x134 ./Core/Src/system_stm32f0xx.o
 .debug_abbrev  0x0000000000002745       0x12 ./Core/Startup/startup_stm32f042f6px.o
 .debug_abbrev  0x0000000000002757      0x268 ./Drivers/STM32F0xx_HAL_Driver/Src/stm32f0xx_hal.o
 .debug_abbrev  0x00000000000029bf      0x296 ./Drivers/STM32F0xx_HAL_Driver/Src/stm32f0xx_hal_cortex.o
 .debug_abbrev  0x0000000000002c55      0x224 ./Drivers/STM32F0xx_HAL_Driver/Src/stm32f0xx_hal_dma.o
 .debug_abbrev  0x0000000000002e79      0x257 ./Drivers/STM32F0xx_HAL_Driver/Src/stm32f0xx_hal_flash.o
 .debug_abbrev  0x00000000000030d0      0x240 ./Drivers/STM32F0xx_HAL_Driver/Src/stm32f0xx_hal_flash_ex.o
 .debug_abbrev  0x0000000000003310      0x1e9 ./Drivers/STM32F0xx_HAL_Driver/Src/stm32f0xx_hal_gpio.o
 .debug_abbrev  0x00000000000034f9      0x28a ./Drivers/STM32F0xx_HAL_Driver/Src/stm32f0xx_hal_i2c.o
 .debug_abbrev  0x0000000000003783      0x1b6 ./Drivers/STM32F0xx_HAL_Driver/Src/stm32f0xx_hal_i2c_ex.o
 .debug_abbrev  0x0000000000003939      0x298 ./Drivers/STM32F0xx_HAL_Driver/Src/stm32f0xx_hal_rcc.o
 .debug_abbrev  0x0000000000003bd1      0x205 ./Drivers/STM32F0xx_HAL_Driver/Src/stm32f0xx_hal_rcc_ex.o
 .debug_abbrev  0x0000000000003dd6      0x263 ./Drivers/STM32F0xx_HAL_Driver/Src/stm32f0xx_hal_tim.o
 .debug_abbrev  0x0000000000004039      0x25d ./Drivers/STM32F0xx_HAL_Driver/Src/stm32f0xx_hal_tim_ex.o
 .debug_abbrev  0x0000000000004296      0x303 ./Drivers/STM32F0xx_HAL_Driver/Src/stm32f0xx_hal_uart.o
 .debug_abbrev  0x0000000000004599      0x2da ./Drivers/STM32F0xx_HAL_Driver/Src/stm32f0xx_hal_uart_ex.o

.debug_loc      0x0000000000000000    0x2af7e
 .debug_loc     0x0000000000000000      0x186 ./Core/App/Src/app.o
 .debug_loc     0x0000000000000186       0x48 ./Core/CommonLibraries/AFlibrary/Src/CException.o
 .debug_loc     0x00000000000001ce       0x79 ./Core/CommonLibraries/AFlibrary/Src/afException.o
 .debug_loc     0x0000000000000247     0x1468 ./Core/CommonLibraries/AFlibrary/Src/afFieldProtocol.o
 .debug_loc     0x00000000000016af     0xf10b ./Core/CommonLibraries/AFlibrary/Src/bno055.o
 .debug_loc     0x00000000000107ba     0x1ce7 ./Core/CommonLibraries/AFlibrary/Src/can.o
 .debug_loc     0x00000000000124a1      0x14a ./Core/CommonLibraries/AFlibrary/Src/debugComponent.o
 .debug_loc     0x00000000000125eb      0x4f7 ./Core/CommonLibraries/AFlibrary/Src/imu.o
 .debug_loc     0x0000000000012ae2      0xfc6 ./Core/CommonLibraries/AFlibrary/Src/useful.o
 .debug_loc     0x0000000000013aa8     0x32a0 ./Core/CommonLibraries/libcanard/src/canard.o
 .debug_loc     0x0000000000016d48      0x991 ./Core/CommonLibraries/libcanard/src/canard_stm32.o
 .debug_loc     0x00000000000176d9      0x217 ./Core/Src/stm32f0xx_hal_msp.o
 .debug_loc     0x00000000000178f0      0x168 ./Core/Src/system_stm32f0xx.o
 .debug_loc     0x0000000000017a58      0x141 ./Drivers/STM32F0xx_HAL_Driver/Src/stm32f0xx_hal.o
 .debug_loc     0x0000000000017b99      0x433 ./Drivers/STM32F0xx_HAL_Driver/Src/stm32f0xx_hal_cortex.o
 .debug_loc     0x0000000000017fcc      0x91b ./Drivers/STM32F0xx_HAL_Driver/Src/stm32f0xx_hal_dma.o
 .debug_loc     0x00000000000188e7      0x383 ./Drivers/STM32F0xx_HAL_Driver/Src/stm32f0xx_hal_flash.o
 .debug_loc     0x0000000000018c6a      0x6d5 ./Drivers/STM32F0xx_HAL_Driver/Src/stm32f0xx_hal_flash_ex.o
 .debug_loc     0x000000000001933f      0x388 ./Drivers/STM32F0xx_HAL_Driver/Src/stm32f0xx_hal_gpio.o
 .debug_loc     0x00000000000196c7     0x4abb ./Drivers/STM32F0xx_HAL_Driver/Src/stm32f0xx_hal_i2c.o
 .debug_loc     0x000000000001e182      0x210 ./Drivers/STM32F0xx_HAL_Driver/Src/stm32f0xx_hal_i2c_ex.o
 .debug_loc     0x000000000001e392      0x6b4 ./Drivers/STM32F0xx_HAL_Driver/Src/stm32f0xx_hal_rcc.o
 .debug_loc     0x000000000001ea46      0x7ca ./Drivers/STM32F0xx_HAL_Driver/Src/stm32f0xx_hal_rcc_ex.o
 .debug_loc     0x000000000001f210     0x55cb ./Drivers/STM32F0xx_HAL_Driver/Src/stm32f0xx_hal_tim.o
 .debug_loc     0x00000000000247db     0x224b ./Drivers/STM32F0xx_HAL_Driver/Src/stm32f0xx_hal_tim_ex.o
 .debug_loc     0x0000000000026a26     0x3af5 ./Drivers/STM32F0xx_HAL_Driver/Src/stm32f0xx_hal_uart.o
 .debug_loc     0x000000000002a51b      0xa63 ./Drivers/STM32F0xx_HAL_Driver/Src/stm32f0xx_hal_uart_ex.o

.debug_aranges  0x0000000000000000     0x1da0
 .debug_aranges
                0x0000000000000000       0x58 ./Core/App/Src/app.o
 .debug_aranges
                0x0000000000000058       0x20 ./Core/CommonLibraries/AFlibrary/Src/CException.o
 .debug_aranges
                0x0000000000000078       0x18 ./Core/CommonLibraries/AFlibrary/Src/CExceptionConfig.o
 .debug_aranges
                0x0000000000000090       0x28 ./Core/CommonLibraries/AFlibrary/Src/afException.o
 .debug_aranges
                0x00000000000000b8       0xb0 ./Core/CommonLibraries/AFlibrary/Src/afFieldProtocol.o
 .debug_aranges
                0x0000000000000168      0x780 ./Core/CommonLibraries/AFlibrary/Src/bno055.o
 .debug_aranges
                0x00000000000008e8      0x168 ./Core/CommonLibraries/AFlibrary/Src/can.o
 .debug_aranges
                0x0000000000000a50       0x40 ./Core/CommonLibraries/AFlibrary/Src/debugComponent.o
 .debug_aranges
                0x0000000000000a90       0x50 ./Core/CommonLibraries/AFlibrary/Src/imu.o
 .debug_aranges
                0x0000000000000ae0       0xa8 ./Core/CommonLibraries/AFlibrary/Src/useful.o
 .debug_aranges
                0x0000000000000b88      0x168 ./Core/CommonLibraries/libcanard/src/canard.o
 .debug_aranges
                0x0000000000000cf0       0x70 ./Core/CommonLibraries/libcanard/src/canard_stm32.o
 .debug_aranges
                0x0000000000000d60       0x60 ./Core/Src/main.o
 .debug_aranges
                0x0000000000000dc0       0x60 ./Core/Src/stm32f0xx_hal_msp.o
 .debug_aranges
                0x0000000000000e20       0x50 ./Core/Src/stm32f0xx_it.o
 .debug_aranges
                0x0000000000000e70       0x28 ./Core/Src/system_stm32f0xx.o
 .debug_aranges