../Core/CommonLibraries/libcanard/src/canard.c:874:25:computeTransferIDForwardDistance	0	static
../Core/CommonLibraries/libcanard/src/canard.c:1050:22:isPriorityHigher	20	static
../Core/CommonLibraries/libcanard/src/canard.c:1124:36:extractTransferType	0	static
../Core/CommonLibraries/libcanard/src/canard.c:1104:26:extractDataType	8	static
../Core/CommonLibraries/libcanard/src/canard.c:1180:32:findRxState	0	static
../Core/CommonLibraries/libcanard/src/canard.c:1493:22:isBigEndian	0	static
../Core/CommonLibraries/libcanard/src/canard.c:1530:26:crcAddByte	0	static
../Core/CommonLibraries/libcanard/src/canard.c:1547:26:crcAddSignature	16	static
../Core/CommonLibraries/libcanard/src/canard.c:1556:26:crcAdd	16	static
../Core/CommonLibraries/libcanard/src/canard.c:1568:22:initPoolAllocator	12	static
../Core/CommonLibraries/libcanard/src/canard.c:1587:23:allocateBlock	0	static
../Core/CommonLibraries/libcanard/src/canard.c:1344:36:createBufferBlock	8	static
../Core/CommonLibraries/libcanard/src/canard.c:1247:25:bufferBlockPushBytes	40	static
../Core/CommonLibraries/libcanard/src/canard.c:987:22:pushTxQueue	32	static
../Core/CommonLibraries/libcanard/src/canard.c:884:22:incrementTransferID	8	static
../Core/CommonLibraries/libcanard/src/canard.c:1609:22:freeBlock	8	static
../Core/CommonLibraries/libcanard/src/canard.c:1228:26:releaseStatePayload	16	static
../Core/CommonLibraries/libcanard/src/canard.c:1093:22:prepareForNextTransfer	8	static
../Core/CommonLibraries/libcanard/src/canard.c:1358:6:copyBitArray	48	static
../Core/CommonLibraries/libcanard/src/canard.c:1390:25:descatterTransferPayload	64	static
../Core/CommonLibraries/libcanard/src/canard.c:1508:22:swapByteOrder	16	static
../Core/CommonLibraries/libcanard/src/canard.c:1036:36:createTxItem	8	static
../Core/CommonLibraries/libcanard/src/canard.c:895:25:enqueueTxFrames	48	static
../Core/CommonLibraries/libcanard/src/canard.c:1210:32:createRxState	48	static
../Core/CommonLibraries/libcanard/src/canard.c:1196:32:prependRxState	8	static
../Core/CommonLibraries/libcanard/src/canard.c:1149:32:traverseRxStates	16	static
../Core/CommonLibraries/libcanard/src/canard.c:72:6:canardInit	24	static
../Core/CommonLibraries/libcanard/src/canard.c:107:7:canardGetUserReference	8	static
../Core/CommonLibraries/libcanard/src/canard.c:113:6:canardSetLocalNodeID	16	static
../Core/CommonLibraries/libcanard/src/canard.c:129:9:canardGetLocalNodeID	0	static
../Core/CommonLibraries/libcanard/src/canard.c:134:9:canardBroadcast	40	static
../Core/CommonLibraries/libcanard/src/canard.c:192:9:canardRequestOrRespond	40	static
../Core/CommonLibraries/libcanard/src/canard.c:237:23:canardPeekTxQueue	0	static
../Core/CommonLibraries/libcanard/src/canard.c:246:6:canardPopTxQueue	8	static
../Core/CommonLibraries/libcanard/src/canard.c:510:6:canardCleanupStaleTransfers	24	static
../Core/CommonLibraries/libcanard/src/canard.c:542:9:canardDecodeScalar	32	static
../Core/CommonLibraries/libcanard/src/canard.c:703:6:canardEncodeScalar	40	static
../Core/CommonLibraries/libcanard/src/canard.c:782:6:canardReleaseRxTransferPayload	16	static
../Core/CommonLibraries/libcanard/src/canard.c:255:9:canardHandleRxFrame	112	static
../Core/CommonLibraries/libcanard/src/canard.c:797:31:canardGetPoolAllocatorStatistics	8	static
../Core/CommonLibraries/libcanard/src/canard.c:802:10:canardConvertNativeFloatToFloat16	8	static
../Core/CommonLibraries/libcanard/src/canard.c:846:7:canardConvertFloat16ToNativeFloat	16	static
